<html>
<body>
<pre>
<h1>µVision Build Log</h1>
<h2>Tool Versions:</h2>
IDE-Version: µVision V5.31.0.0
Copyright (C) 2020 ARM Ltd and ARM Germany GmbH. All rights reserved.
License Information: Nguyen Dung, BKHN, LIC=FYKYW-QP6UI-Y81FK-ZH2LU-E0BQH-D6N8L
 
Tool Versions:
Toolchain:       MDK-ARM Plus  Version: 5.31.0.0
Toolchain Path:  C:\Keil_v5\ARM\ARMCC\Bin
C Compiler:      Armcc.exe V5.06 update 6 (build 750)
Assembler:       Armasm.exe V5.06 update 6 (build 750)
Linker/Locator:  ArmLink.exe V5.06 update 6 (build 750)
Library Manager: ArmAr.exe V5.06 update 6 (build 750)
Hex Converter:   FromElf.exe V5.06 update 6 (build 750)
CPU DLL:         SARMCM3.DLL V5.31.0.0
Dialog DLL:      DCM.DLL V1.17.3.0
Target DLL:      STLink\ST-LINKIII-KEIL_SWO.dll V3.0.7.0
Dialog DLL:      TCM.DLL V1.46.0.0
 
<h2>Project:</h2>
C:\Users\Nguyen_Dung\Desktop\GitHub_DT\STM32F103\MDK-ARM\STM32F103.uvprojx
Project File Date:  11/01/2022

<h2>Output:</h2>
*** Using Compiler 'V5.06 update 6 (build 750)', folder: 'C:\Keil_v5\ARM\ARMCC\Bin'
Build target 'STM32F103'
compiling stm32f1xx_it.c...
compiling Flash_external.c...
..\Core\Src\Flash_external.c(90): warning:  #177-D: variable "StatusRegister1"  was declared but never referenced
  	uint8_t StatusRegister1=0;
..\Core\Src\Flash_external.c: 1 warning, 0 errors
compiling xmodem.c...
..\Core\Src\xmodem.c(67): warning:  #185-D: dynamic initialization in unreachable code
        xmodem_status packet_status = X_ERROR;
..\Core\Src\xmodem.c(65): warning:  #546-D: transfer of control bypasses initialization of:
            variable "packet_status"  (declared at line 67)
      switch(header)
      ^
..\Core\Src\xmodem.c(173): warning:  #177-D: variable "Data"  was declared but never referenced
  	char Data[50];
..\Core\Src\xmodem.c: 3 warnings, 0 errors
compiling main.c...
compiling uart1.c...
..\Core\Src\uart1.c(157): warning:  #940-D: missing return statement at end of non-void function "Config_Process" 
  }
..\Core\Src\uart1.c(119): warning:  #177-D: variable "xAdd"  was declared but never referenced
  	int xAdd,xData;
..\Core\Src\uart1.c(119): warning:  #177-D: variable "xData"  was declared but never referenced
  	int xAdd,xData;
..\Core\Src\uart1.c(120): warning:  #177-D: variable "Data"  was declared but never referenced
  	char Data[30];
..\Core\Src\uart1.c: 4 warnings, 0 errors
linking...
Program Size: Code=9908 RO-data=712 RW-data=24 ZI-data=6968  
FromELF: creating hex file...
"STM32F103\STM32F103.axf" - 0 Error(s), 8 Warning(s).

<h2>Software Packages used:</h2>

Package Vendor: ARM
                http://www.keil.com/pack/ARM.CMSIS.5.9.0.pack
                ARM.CMSIS.5.9.0
                CMSIS (Common Microcontroller Software Interface Standard)
   * Component: CORE Version: 5.6.0

Package Vendor: Keil
                http://www.keil.com/pack/Keil.STM32F1xx_DFP.2.4.0.pack
                Keil.STM32F1xx_DFP.2.4.0
                STMicroelectronics STM32F1 Series Device Support, Drivers and Examples

<h2>Collection of Component include folders:</h2>
  .\RTE\_STM32F103
  C:\Users\Nguyen_Dung\AppData\Local\Arm\Packs\ARM\CMSIS\5.9.0\CMSIS\Core\Include
  C:\Users\Nguyen_Dung\AppData\Local\Arm\Packs\Keil\STM32F1xx_DFP\2.4.0\Device\Include

<h2>Collection of Component Files used:</h2>

   * Component: ARM::CMSIS:CORE:5.6.0
      Include file:  CMSIS\Core\Include\tz_context.h
Build Time Elapsed:  00:00:02
</pre>
</body>
</html>
