Component: ARM Compiler 5.06 update 6 (build 750) Tool: armlink [4d35ed]

==============================================================================

Section Cross References

    startup_stm32f205xx.o(STACK) refers (Special) to heapauxi.o(.text) for __use_two_region_memory
    startup_stm32f205xx.o(HEAP) refers (Special) to heapauxi.o(.text) for __use_two_region_memory
    startup_stm32f205xx.o(RESET) refers (Special) to heapauxi.o(.text) for __use_two_region_memory
    startup_stm32f205xx.o(RESET) refers to startup_stm32f205xx.o(STACK) for __initial_sp
    startup_stm32f205xx.o(RESET) refers to startup_stm32f205xx.o(.text) for Reset_Handler
    startup_stm32f205xx.o(RESET) refers to stm32f2xx_it.o(i.NMI_Handler) for NMI_Handler
    startup_stm32f205xx.o(RESET) refers to stm32f2xx_it.o(i.HardFault_Handler) for HardFault_Handler
    startup_stm32f205xx.o(RESET) refers to stm32f2xx_it.o(i.MemManage_Handler) for MemManage_Handler
    startup_stm32f205xx.o(RESET) refers to stm32f2xx_it.o(i.BusFault_Handler) for BusFault_Handler
    startup_stm32f205xx.o(RESET) refers to stm32f2xx_it.o(i.UsageFault_Handler) for UsageFault_Handler
    startup_stm32f205xx.o(RESET) refers to stm32f2xx_it.o(i.SVC_Handler) for SVC_Handler
    startup_stm32f205xx.o(RESET) refers to stm32f2xx_it.o(i.DebugMon_Handler) for DebugMon_Handler
    startup_stm32f205xx.o(RESET) refers to stm32f2xx_it.o(i.PendSV_Handler) for PendSV_Handler
    startup_stm32f205xx.o(RESET) refers to stm32f2xx_it.o(i.SysTick_Handler) for SysTick_Handler
    startup_stm32f205xx.o(RESET) refers to stm32f2xx_it.o(i.TIM2_IRQHandler) for TIM2_IRQHandler
    startup_stm32f205xx.o(RESET) refers to stm32f2xx_it.o(i.SPI1_IRQHandler) for SPI1_IRQHandler
    startup_stm32f205xx.o(RESET) refers to stm32f2xx_it.o(i.USART1_IRQHandler) for USART1_IRQHandler
    startup_stm32f205xx.o(.text) refers (Special) to heapauxi.o(.text) for __use_two_region_memory
    startup_stm32f205xx.o(.text) refers to system_stm32f2xx.o(i.SystemInit) for SystemInit
    startup_stm32f205xx.o(.text) refers to __main.o(!!!main) for __main
    startup_stm32f205xx.o(.text) refers to startup_stm32f205xx.o(HEAP) for Heap_Mem
    startup_stm32f205xx.o(.text) refers to startup_stm32f205xx.o(STACK) for Stack_Mem
    uart1.o(i.Buffer_Handler) refers to uart1.o(i.Ring_Buffer_Read) for Ring_Buffer_Read
    uart1.o(i.Buffer_Handler) refers to uart1.o(.bss) for .bss
    uart1.o(i.Config_Process) refers to _printf_percent.o(.ARM.Collect$$_printf_percent$$00000000) for _printf_percent
    uart1.o(i.Config_Process) refers to _printf_s.o(.ARM.Collect$$_printf_percent$$00000014) for _printf_s
    uart1.o(i.Config_Process) refers to _printf_str.o(.text) for _printf_str
    uart1.o(i.Config_Process) refers to _printf_d.o(.ARM.Collect$$_printf_percent$$00000009) for _printf_d
    uart1.o(i.Config_Process) refers to _printf_dec.o(.text) for _printf_int_dec
    uart1.o(i.Config_Process) refers to main.o(i.mem_set) for mem_set
    uart1.o(i.Config_Process) refers to strstr.o(.text) for strstr
    uart1.o(i.Config_Process) refers to uart1.o(i.TachDuLieu) for TachDuLieu
    uart1.o(i.Config_Process) refers to atoi.o(.text) for atoi
    uart1.o(i.Config_Process) refers to flash_external.o(i.Flash_ReadBuffer) for Flash_ReadBuffer
    uart1.o(i.Config_Process) refers to noretval__2printf.o(.text) for __2printf
    uart1.o(i.Config_Process) refers to stm32f2xx_hal.o(i.HAL_Delay) for HAL_Delay
    uart1.o(i.Config_Process) refers to flash.o(i.flash_write) for flash_write
    uart1.o(i.Config_Process) refers to noretval__2sprintf.o(.text) for __2sprintf
    uart1.o(i.Config_Process) refers to uart1.o(i.uart_transmit_str) for uart_transmit_str
    uart1.o(i.Config_Process) refers to flash.o(i.flash_jump_to_app) for flash_jump_to_app
    uart1.o(i.Config_Process) refers to uart1.o(.bss) for .bss
    uart1.o(i.TachDuLieu) refers to uart1.o(i.TimViTriKyTu) for TimViTriKyTu
    uart1.o(i.TimViTriKyTu) refers to strlen.o(.text) for strlen
    uart1.o(i.uart_receive) refers to uart1.o(.bss) for .bss
    uart1.o(i.uart_transmit_ch) refers to stm32f2xx_hal_uart.o(i.HAL_UART_GetState) for HAL_UART_GetState
    uart1.o(i.uart_transmit_ch) refers to stm32f2xx_hal_uart.o(i.HAL_UART_Abort) for HAL_UART_Abort
    uart1.o(i.uart_transmit_ch) refers to stm32f2xx_hal_uart.o(i.HAL_UART_Transmit) for HAL_UART_Transmit
    uart1.o(i.uart_transmit_ch) refers to main.o(.bss) for huart1
    uart1.o(i.uart_transmit_str) refers to stm32f2xx_hal_uart.o(i.HAL_UART_Transmit) for HAL_UART_Transmit
    uart1.o(i.uart_transmit_str) refers to main.o(.bss) for huart1
    flash.o(i.flash_erase) refers to stm32f2xx_hal_flash.o(i.HAL_FLASH_Unlock) for HAL_FLASH_Unlock
    flash.o(i.flash_erase) refers to stm32f2xx_hal_flash_ex.o(i.HAL_FLASHEx_Erase) for HAL_FLASHEx_Erase
    flash.o(i.flash_erase) refers to stm32f2xx_hal_flash.o(i.HAL_FLASH_Lock) for HAL_FLASH_Lock
    flash.o(i.flash_erase) refers to stm32f2xx_hal.o(i.HAL_Delay) for HAL_Delay
[...]
    i.HAL_NVIC_EnableIRQ                     0x08001c3c   Section        0  stm32f2xx_hal_cortex.o(i.HAL_NVIC_EnableIRQ)
    i.HAL_NVIC_SetPriority                   0x08001c58   Section        0  stm32f2xx_hal_cortex.o(i.HAL_NVIC_SetPriority)
    i.HAL_NVIC_SetPriorityGrouping           0x08001c98   Section        0  stm32f2xx_hal_cortex.o(i.HAL_NVIC_SetPriorityGrouping)
    i.HAL_RCC_ClockConfig                    0x08001cbc   Section        0  stm32f2xx_hal_rcc.o(i.HAL_RCC_ClockConfig)
    i.HAL_RCC_GetPCLK1Freq                   0x08001df8   Section        0  stm32f2xx_hal_rcc.o(i.HAL_RCC_GetPCLK1Freq)
    i.HAL_RCC_GetPCLK2Freq                   0x08001e28   Section        0  stm32f2xx_hal_rcc.o(i.HAL_RCC_GetPCLK2Freq)
    i.HAL_RCC_GetSysClockFreq                0x08001e58   Section        0  stm32f2xx_hal_rcc.o(i.HAL_RCC_GetSysClockFreq)
    i.HAL_RCC_OscConfig                      0x08001eb8   Section        0  stm32f2xx_hal_rcc.o(i.HAL_RCC_OscConfig)
    i.HAL_SPI_ErrorCallback                  0x080021f0   Section        0  stm32f2xx_hal_spi.o(i.HAL_SPI_ErrorCallback)
    i.HAL_SPI_IRQHandler                     0x080021f4   Section        0  stm32f2xx_hal_spi.o(i.HAL_SPI_IRQHandler)
    i.HAL_SPI_Init                           0x080022f0   Section        0  stm32f2xx_hal_spi.o(i.HAL_SPI_Init)
    i.HAL_SPI_MspInit                        0x080023ac   Section        0  stm32f2xx_hal_msp.o(i.HAL_SPI_MspInit)
    i.HAL_SPI_TransmitReceive                0x08002424   Section        0  stm32f2xx_hal_spi.o(i.HAL_SPI_TransmitReceive)
    i.HAL_SYSTICK_Config                     0x08002606   Section        0  stm32f2xx_hal_cortex.o(i.HAL_SYSTICK_Config)
    i.HAL_TIMEx_BreakCallback                0x0800262e   Section        0  stm32f2xx_hal_tim_ex.o(i.HAL_TIMEx_BreakCallback)
    i.HAL_TIMEx_CommutCallback               0x08002630   Section        0  stm32f2xx_hal_tim_ex.o(i.HAL_TIMEx_CommutCallback)
    i.HAL_TIMEx_MasterConfigSynchronization  0x08002634   Section        0  stm32f2xx_hal_tim_ex.o(i.HAL_TIMEx_MasterConfigSynchronization)
    i.HAL_TIM_Base_Init                      0x080026c4   Section        0  stm32f2xx_hal_tim.o(i.HAL_TIM_Base_Init)
    i.HAL_TIM_Base_MspInit                   0x08002720   Section        0  stm32f2xx_hal_msp.o(i.HAL_TIM_Base_MspInit)
    i.HAL_TIM_Base_Start_IT                  0x08002758   Section        0  stm32f2xx_hal_tim.o(i.HAL_TIM_Base_Start_IT)
    i.HAL_TIM_ConfigClockSource              0x080027d8   Section        0  stm32f2xx_hal_tim.o(i.HAL_TIM_ConfigClockSource)
    i.HAL_TIM_IC_CaptureCallback             0x080028ae   Section        0  stm32f2xx_hal_tim.o(i.HAL_TIM_IC_CaptureCallback)
    i.HAL_TIM_IRQHandler                     0x080028b0   Section        0  stm32f2xx_hal_tim.o(i.HAL_TIM_IRQHandler)
    i.HAL_TIM_OC_DelayElapsedCallback        0x08002a16   Section        0  stm32f2xx_hal_tim.o(i.HAL_TIM_OC_DelayElapsedCallback)
    i.HAL_TIM_PWM_PulseFinishedCallback      0x08002a18   Section        0  stm32f2xx_hal_tim.o(i.HAL_TIM_PWM_PulseFinishedCallback)
    i.HAL_TIM_PeriodElapsedCallback          0x08002a1a   Section        0  main.o(i.HAL_TIM_PeriodElapsedCallback)
    i.HAL_TIM_TriggerCallback                0x08002a1c   Section        0  stm32f2xx_hal_tim.o(i.HAL_TIM_TriggerCallback)
    i.HAL_UARTEx_RxEventCallback             0x08002a1e   Section        0  stm32f2xx_hal_uart.o(i.HAL_UARTEx_RxEventCallback)
    i.HAL_UART_Abort                         0x08002a20   Section        0  stm32f2xx_hal_uart.o(i.HAL_UART_Abort)
    i.HAL_UART_ErrorCallback                 0x08002abc   Section        0  stm32f2xx_hal_uart.o(i.HAL_UART_ErrorCallback)
    i.HAL_UART_GetState                      0x08002abe   Section        0  stm32f2xx_hal_uart.o(i.HAL_UART_GetState)
    i.HAL_UART_IRQHandler                    0x08002ac8   Section        0  stm32f2xx_hal_uart.o(i.HAL_UART_IRQHandler)
    i.HAL_UART_Init                          0x08002cd8   Section        0  stm32f2xx_hal_uart.o(i.HAL_UART_Init)
    i.HAL_UART_MspInit                       0x08002d3c   Section        0  stm32f2xx_hal_msp.o(i.HAL_UART_MspInit)
    i.HAL_UART_RxCpltCallback                0x08002db8   Section        0  stm32f2xx_hal_uart.o(i.HAL_UART_RxCpltCallback)
    i.HAL_UART_Transmit                      0x08002dbc   Section        0  stm32f2xx_hal_uart.o(i.HAL_UART_Transmit)
    i.HAL_UART_TxCpltCallback                0x08002e6e   Section        0  stm32f2xx_hal_uart.o(i.HAL_UART_TxCpltCallback)
    i.HardFault_Handler                      0x08002e70   Section        0  stm32f2xx_it.o(i.HardFault_Handler)
    i.MX_GPIO_Init                           0x08002e74   Section        0  main.o(i.MX_GPIO_Init)
    MX_GPIO_Init                             0x08002e75   Thumb Code   190  main.o(i.MX_GPIO_Init)
    i.MX_SPI1_Init                           0x08002f40   Section        0  main.o(i.MX_SPI1_Init)
    MX_SPI1_Init                             0x08002f41   Thumb Code    56  main.o(i.MX_SPI1_Init)
    i.MX_TIM2_Init                           0x08002f80   Section        0  main.o(i.MX_TIM2_Init)
    MX_TIM2_Init                             0x08002f81   Thumb Code    92  main.o(i.MX_TIM2_Init)
    i.MemManage_Handler                      0x08002fe0   Section        0  stm32f2xx_it.o(i.MemManage_Handler)
    i.NMI_Handler                            0x08002fe2   Section        0  stm32f2xx_it.o(i.NMI_Handler)
    i.PendSV_Handler                         0x08002fe4   Section        0  stm32f2xx_it.o(i.PendSV_Handler)
    i.Ring_Buffer_Read                       0x08002fe6   Section        0  uart1.o(i.Ring_Buffer_Read)
    i.Ring_Buffer_Write                      0x0800300c   Section        0  uart1.o(i.Ring_Buffer_Write)
    i.SPI1_IRQHandler                        0x08003028   Section        0  stm32f2xx_it.o(i.SPI1_IRQHandler)
    i.SPI_DMAAbortOnError                    0x08003034   Section        0  stm32f2xx_hal_spi.o(i.SPI_DMAAbortOnError)
    SPI_DMAAbortOnError                      0x08003035   Thumb Code    16  stm32f2xx_hal_spi.o(i.SPI_DMAAbortOnError)
    i.SPI_EndRxTxTransaction                 0x08003044   Section        0  stm32f2xx_hal_spi.o(i.SPI_EndRxTxTransaction)
    SPI_EndRxTxTransaction                   0x08003045   Thumb Code    32  stm32f2xx_hal_spi.o(i.SPI_EndRxTxTransaction)
    i.SPI_Sendata                            0x08003064   Section        0  flash_external.o(i.SPI_Sendata)
    i.SPI_WaitFlagStateUntilTimeout          0x080030bc   Section        0  stm32f2xx_hal_spi.o(i.SPI_WaitFlagStateUntilTimeout)
    SPI_WaitFlagStateUntilTimeout            0x080030bd   Thumb Code   180  stm32f2xx_hal_spi.o(i.SPI_WaitFlagStateUntilTimeout)
    i.SVC_Handler                            0x08003174   Section        0  stm32f2xx_it.o(i.SVC_Handler)
    i.SysTick_Handler                        0x08003178   Section        0  stm32f2xx_it.o(i.SysTick_Handler)
    i.SystemClock_Config                     0x080031c4   Section        0  main.o(i.SystemClock_Config)
    i.SystemInit                             0x0800320e   Section        0  system_stm32f2xx.o(i.SystemInit)
    i.TIM2_IRQHandler                        0x08003210   Section        0  stm32f2xx_it.o(i.TIM2_IRQHandler)
    i.TIM_Base_SetConfig                     0x0800321c   Section        0  stm32f2xx_hal_tim.o(i.TIM_Base_SetConfig)
    i.TIM_ETR_SetConfig                      0x080032e4   Section        0  stm32f2xx_hal_tim.o(i.TIM_ETR_SetConfig)
    i.TIM_ITRx_SetConfig                     0x080032f8   Section        0  stm32f2xx_hal_tim.o(i.TIM_ITRx_SetConfig)
    TIM_ITRx_SetConfig                       0x080032f9   Thumb Code    16  stm32f2xx_hal_tim.o(i.TIM_ITRx_SetConfig)
    i.TIM_TI1_ConfigInputStage               0x08003308   Section        0  stm32f2xx_hal_tim.o(i.TIM_TI1_ConfigInputStage)
    TIM_TI1_ConfigInputStage                 0x08003309   Thumb Code    34  stm32f2xx_hal_tim.o(i.TIM_TI1_ConfigInputStage)
    i.TIM_TI2_ConfigInputStage               0x0800332a   Section        0  stm32f2xx_hal_tim.o(i.TIM_TI2_ConfigInputStage)
    TIM_TI2_ConfigInputStage                 0x0800332b   Thumb Code    36  stm32f2xx_hal_tim.o(i.TIM_TI2_ConfigInputStage)
    i.TachDuLieu                             0x0800334e   Section        0  uart1.o(i.TachDuLieu)
    i.TimViTriKyTu                           0x0800339a   Section        0  uart1.o(i.TimViTriKyTu)
    i.UART_DMAAbortOnError                   0x080033c2   Section        0  stm32f2xx_hal_uart.o(i.UART_DMAAbortOnError)
    UART_DMAAbortOnError                     0x080033c3   Thumb Code    16  stm32f2xx_hal_uart.o(i.UART_DMAAbortOnError)
    i.UART_EndRxTransfer                     0x080033d2   Section        0  stm32f2xx_hal_uart.o(i.UART_EndRxTransfer)
    UART_EndRxTransfer                       0x080033d3   Thumb Code    48  stm32f2xx_hal_uart.o(i.UART_EndRxTransfer)
    i.UART_Receive_IT                        0x08003402   Section        0  stm32f2xx_hal_uart.o(i.UART_Receive_IT)
    UART_Receive_IT                          0x08003403   Thumb Code   182  stm32f2xx_hal_uart.o(i.UART_Receive_IT)
    i.UART_SetConfig                         0x080034b8   Section        0  stm32f2xx_hal_uart.o(i.UART_SetConfig)
    UART_SetConfig                           0x080034b9   Thumb Code   284  stm32f2xx_hal_uart.o(i.UART_SetConfig)
    i.UART_WaitOnFlagUntilTimeout            0x080035dc   Section        0  stm32f2xx_hal_uart.o(i.UART_WaitOnFlagUntilTimeout)
    UART_WaitOnFlagUntilTimeout              0x080035dd   Thumb Code   100  stm32f2xx_hal_uart.o(i.UART_WaitOnFlagUntilTimeout)
    i.USART1_IRQHandler                      0x08003640   Section        0  stm32f2xx_it.o(i.USART1_IRQHandler)
    i.UsageFault_Handler                     0x08003670   Section        0  stm32f2xx_it.o(i.UsageFault_Handler)
    i.__NVIC_SetPriority                     0x08003672   Section        0  stm32f2xx_hal_cortex.o(i.__NVIC_SetPriority)
    __NVIC_SetPriority                       0x08003673   Thumb Code    32  stm32f2xx_hal_cortex.o(i.__NVIC_SetPriority)
    i.flash_erase                            0x08003692   Section        0  flash.o(i.flash_erase)
    i.flash_jump_to_app                      0x080036cc   Section        0  flash.o(i.flash_jump_to_app)
    i.flash_write                            0x080036e8   Section        0  flash.o(i.flash_write)
    i.fputc                                  0x08003748   Section        0  main.o(i.fputc)
    i.main                                   0x08003760   Section        0  main.o(i.main)
    i.mem_set                                0x08003810   Section        0  main.o(i.mem_set)
    i.uart_receive                           0x08003820   Section        0  uart1.o(i.uart_receive)
    i.uart_transmit_ch                       0x08003848   Section        0  uart1.o(i.uart_transmit_ch)
    i.uart_transmit_str                      0x08003878   Section        0  uart1.o(i.uart_transmit_str)
    i.xmodem_error_handler                   0x080038a4   Section        0  xmodem.o(i.xmodem_error_handler)
    xmodem_error_handler                     0x080038a5   Thumb Code    42  xmodem.o(i.xmodem_error_handler)
    i.xmodem_handle_packet                   0x080038d0   Section        0  xmodem.o(i.xmodem_handle_packet)
    xmodem_handle_packet                     0x080038d1   Thumb Code   210  xmodem.o(i.xmodem_handle_packet)
    i.xmodem_receive                         0x080039b0   Section        0  xmodem.o(i.xmodem_receive)
    locale$$code                             0x08003aa0   Section       44  lc_ctype_c.o(locale$$code)
    .constdata                               0x08003acc   Section       16  system_stm32f2xx.o(.constdata)
    .constdata                               0x08003adc   Section        8  system_stm32f2xx.o(.constdata)
    .constdata                               0x08003ae4   Section        4  sys_io.o(.constdata)
    .constdata                               0x08003ae8   Section        4  sys_io.o(.constdata)
    .constdata                               0x08003aec   Section        4  sys_io.o(.constdata)
    locale$$data                             0x08003b10   Section      272  lc_ctype_c.o(locale$$data)
    __lcctype_c_name                         0x08003b14   Data           2  lc_ctype_c.o(locale$$data)
    __lcctype_c_start                        0x08003b1c   Data           0  lc_ctype_c.o(locale$$data)
    __lcctype_c_end                          0x08003c20   Data           0  lc_ctype_c.o(locale$$data)
    .data                                    0x20000000   Section       12  stm32f2xx_hal.o(.data)
    .data                                    0x2000000c   Section        8  xmodem.o(.data)
    x_first_packet_received                  0x2000000c   Data           1  xmodem.o(.data)
    xmodem_actual_flash_address              0x20000010   Data           4  xmodem.o(.data)
    .data                                    0x20000014   Section        4  system_stm32f2xx.o(.data)
    .data                                    0x20000018   Section        4  stdio_streams.o(.data)
    .data                                    0x2000001c   Section        4  stdio_streams.o(.data)
    .data                                    0x20000020   Section        4  stdio_streams.o(.data)
    .bss                                     0x20000024   Section     4114  uart1.o(.bss)
    .bss                                     0x20001038   Section      228  main.o(.bss)
    .bss                                     0x2000111c   Section       32  stm32f2xx_hal_flash.o(.bss)
    .bss                                     0x2000113c   Section     1028  xmodem.o(.bss)
    .bss                                     0x20001540   Section       84  stdio_streams.o(.bss)
    .bss                                     0x20001594   Section       84  stdio_streams.o(.bss)
    .bss                                     0x200015e8   Section       84  stdio_streams.o(.bss)
    .bss                                     0x2000163c   Section       96  libspace.o(.bss)
    HEAP                                     0x200016a0   Section      512  startup_stm32f205xx.o(HEAP)
    Heap_Mem                                 0x200016a0   Data         512  startup_stm32f205xx.o(HEAP)
    STACK                                    0x200018a0   Section     1024  startup_stm32f205xx.o(STACK)
    Stack_Mem                                0x200018a0   Data        1024  startup_stm32f205xx.o(STACK)
    __initial_sp                             0x20001ca0   Data           0  startup_stm32f205xx.o(STACK)

    Global Symbols

    Symbol Name                              Value     Ov Type        Size  Object(Section)

    BuildAttributes$$THM_ISAv4$P$D$K$B$S$PE$A:L22UL41UL21$X:L11$S22US41US21$IEEE1$IW$USESV6$~STKCKD$USESV7$~SHL$OTIME$ROPI$EBA8$UX$STANDARDLIB$REQ8$PRES8$EABIv2 0x00000000   Number         0  anon$$obj.o ABSOLUTE
    __ARM_use_no_argv                        0x00000000   Number         0  main.o ABSOLUTE
    __ARM_exceptions_init                     - Undefined Weak Reference
    __alloca_initialize                       - Undefined Weak Reference
    __arm_preinit_                            - Undefined Weak Reference
    __cpp_initialize__aeabi_                  - Undefined Weak Reference
    __cxa_finalize                            - Undefined Weak Reference
    __sigvec_lookup                           - Undefined Weak Reference
    __user_heap_extent                        - Undefined Weak Reference
    _atexit_init                              - Undefined Weak Reference
    _call_atexit_fns                          - Undefined Weak Reference
    _clock_init                               - Undefined Weak Reference
    _fp_trap_init                             - Undefined Weak Reference
    _fp_trap_shutdown                         - Undefined Weak Reference
    _get_lc_collate                           - Undefined Weak Reference
    _get_lc_monetary                          - Undefined Weak Reference
    _get_lc_numeric                           - Undefined Weak Reference
    _get_lc_time                              - Undefined Weak Reference
    _getenv_init                              - Undefined Weak Reference
    _handle_redirection                       - Undefined Weak Reference
    _mutex_acquire                            - Undefined Weak Reference
    _mutex_free                               - Undefined Weak Reference
    _mutex_release                            - Undefined Weak Reference
    _printf_mbtowc                            - Undefined Weak Reference
    _printf_post_padding                      - Undefined Weak Reference
    _printf_pre_padding                       - Undefined Weak Reference
    _printf_truncate_signed                   - Undefined Weak Reference
    _printf_truncate_unsigned                 - Undefined Weak Reference
    _rand_init                                - Undefined Weak Reference
    _signal_finish                            - Undefined Weak Reference
    _signal_init                              - Undefined Weak Reference
    __Vectors_Size                           0x00000184   Number         0  startup_stm32f205xx.o ABSOLUTE
    __Vectors                                0x08000000   Data           4  startup_stm32f205xx.o(RESET)
    __Vectors_End                            0x08000184   Data           0  startup_stm32f205xx.o(RESET)
    __main                                   0x08000185   Thumb Code     8  __main.o(!!!main)
    __scatterload                            0x0800018d   Thumb Code     0  __scatter.o(!!!scatter)
    __scatterload_rt2                        0x0800018d   Thumb Code    44  __scatter.o(!!!scatter)
    __scatterload_rt2_thumb_only             0x0800018d   Thumb Code     0  __scatter.o(!!!scatter)
    __scatterload_null                       0x0800019b   Thumb Code     0  __scatter.o(!!!scatter)
    __scatterload_copy                       0x080001c1   Thumb Code    26  __scatter_copy.o(!!handler_copy)
    __scatterload_zeroinit                   0x080001dd   Thumb Code    28  __scatter_zi.o(!!handler_zi)
    _printf_d                                0x080001f9   Thumb Code     0  _printf_d.o(.ARM.Collect$$_printf_percent$$00000009)
    _printf_percent                          0x080001f9   Thumb Code     0  _printf_percent.o(.ARM.Collect$$_printf_percent$$00000000)
    _printf_s                                0x080001ff   Thumb Code     0  _printf_s.o(.ARM.Collect$$_printf_percent$$00000014)
    _printf_percent_end                      0x08000205   Thumb Code     0  _printf_percent_end.o(.ARM.Collect$$_printf_percent$$00000017)
    __rt_lib_init                            0x08000209   Thumb Code     0  libinit.o(.ARM.Collect$$libinit$$00000000)
    __rt_lib_init_fp_1                       0x0800020b   Thumb Code     0  libinit2.o(.ARM.Collect$$libinit$$00000002)
    __rt_lib_init_heap_2                     0x0800020b   Thumb Code     0  libinit2.o(.ARM.Collect$$libinit$$00000005)
    __rt_lib_init_preinit_1                  0x0800020b   Thumb Code     0  libinit2.o(.ARM.Collect$$libinit$$00000004)
    __rt_lib_init_heap_1                     0x08000213   Thumb Code     0  libinit2.o(.ARM.Collect$$libinit$$0000000A)
    __rt_lib_init_lc_common                  0x08000213   Thumb Code     0  libinit2.o(.ARM.Collect$$libinit$$0000000F)
    __rt_lib_init_rand_1                     0x08000213   Thumb Code     0  libinit2.o(.ARM.Collect$$libinit$$0000000E)
    __rt_lib_init_user_alloc_1               0x08000213   Thumb Code     0  libinit2.o(.ARM.Collect$$libinit$$0000000C)
    __rt_lib_init_lc_collate_1               0x08000219   Thumb Code     0  libinit2.o(.ARM.Collect$$libinit$$00000011)
    __rt_lib_init_lc_ctype_2                 0x08000219   Thumb Code     0  libinit2.o(.ARM.Collect$$libinit$$00000012)
    __rt_lib_init_atexit_1                   0x08000225   Thumb Code     0  libinit2.o(.ARM.Collect$$libinit$$0000001B)
    __rt_lib_init_clock_1                    0x08000225   Thumb Code     0  libinit2.o(.ARM.Collect$$libinit$$00000021)
    __rt_lib_init_fp_trap_1                  0x08000225   Thumb Code     0  libinit2.o(.ARM.Collect$$libinit$$0000001F)
    __rt_lib_init_getenv_1                   0x08000225   Thumb Code     0  libinit2.o(.ARM.Collect$$libinit$$00000023)
    __rt_lib_init_lc_ctype_1                 0x08000225   Thumb Code     0  libinit2.o(.ARM.Collect$$libinit$$00000013)
    __rt_lib_init_lc_monetary_1              0x08000225   Thumb Code     0  libinit2.o(.ARM.Collect$$libinit$$00000015)
    __rt_lib_init_lc_numeric_1               0x08000225   Thumb Code     0  libinit2.o(.ARM.Collect$$libinit$$00000017)
    __rt_lib_init_lc_time_1                  0x08000225   Thumb Code     0  libinit2.o(.ARM.Collect$$libinit$$00000019)
    __rt_lib_init_signal_1                   0x08000225   Thumb Code     0  libinit2.o(.ARM.Collect$$libinit$$0000001D)
    __rt_lib_init_stdio_2                    0x08000225   Thumb Code     0  libinit2.o(.ARM.Collect$$libinit$$00000024)
    __rt_lib_init_alloca_1                   0x08000229   Thumb Code     0  libinit2.o(.ARM.Collect$$libinit$$0000002E)
    __rt_lib_init_argv_1                     0x08000229   Thumb Code     0  libinit2.o(.ARM.Collect$$libinit$$0000002C)
    __rt_lib_init_cpp_1                      0x08000229   Thumb Code     0  libinit2.o(.ARM.Collect$$libinit$$00000032)
    __rt_lib_init_exceptions_1               0x08000229   Thumb Code     0  libinit2.o(.ARM.Collect$$libinit$$00000030)
    __rt_lib_init_return                     0x08000229   Thumb Code     0  libinit2.o(.ARM.Collect$$libinit$$00000033)
    __rt_lib_init_stdio_1                    0x08000229   Thumb Code     0  libinit2.o(.ARM.Collect$$libinit$$00000025)
    __rt_lib_shutdown                        0x0800022b   Thumb Code     0  libshutdown.o(.ARM.Collect$$libshutdown$$00000000)
    __rt_lib_shutdown_cpp_1                  0x0800022d   Thumb Code     0  libshutdown2.o(.ARM.Collect$$libshutdown$$00000002)
    __rt_lib_shutdown_stdio_2                0x0800022d   Thumb Code     0  libshutdown2.o(.ARM.Collect$$libshutdown$$00000003)
    __rt_lib_shutdown_fp_trap_1              0x08000231   Thumb Code     0  libshutdown2.o(.ARM.Collect$$libshutdown$$00000007)
    __rt_lib_shutdown_heap_1                 0x08000231   Thumb Code     0  libshutdown2.o(.ARM.Collect$$libshutdown$$0000000F)
    __rt_lib_shutdown_return                 0x08000231   Thumb Code     0  libshutdown2.o(.ARM.Collect$$libshutdown$$00000010)
    __rt_lib_shutdown_signal_1               0x08000231   Thumb Code     0  libshutdown2.o(.ARM.Collect$$libshutdown$$0000000A)
    __rt_lib_shutdown_stdio_1                0x08000231   Thumb Code     0  libshutdown2.o(.ARM.Collect$$libshutdown$$00000004)
    __rt_lib_shutdown_user_alloc_1           0x08000231   Thumb Code     0  libshutdown2.o(.ARM.Collect$$libshutdown$$0000000C)
    __rt_entry                               0x08000233   Thumb Code     0  __rtentry.o(.ARM.Collect$$rtentry$$00000000)
    __rt_entry_presh_1                       0x08000233   Thumb Code     0  __rtentry2.o(.ARM.Collect$$rtentry$$00000002)
    __rt_entry_sh                            0x08000233   Thumb Code     0  __rtentry4.o(.ARM.Collect$$rtentry$$00000004)
    __rt_entry_li                            0x08000239   Thumb Code     0  __rtentry2.o(.ARM.Collect$$rtentry$$0000000A)
    __rt_entry_postsh_1                      0x08000239   Thumb Code     0  __rtentry2.o(.ARM.Collect$$rtentry$$00000009)
    __rt_entry_main                          0x0800023d   Thumb Code     0  __rtentry2.o(.ARM.Collect$$rtentry$$0000000D)
    __rt_entry_postli_1                      0x0800023d   Thumb Code     0  __rtentry2.o(.ARM.Collect$$rtentry$$0000000C)
    __rt_exit                                0x08000245   Thumb Code     0  rtexit.o(.ARM.Collect$$rtexit$$00000000)
    __rt_exit_ls                             0x08000247   Thumb Code     0  rtexit2.o(.ARM.Collect$$rtexit$$00000003)
    __rt_exit_prels_1                        0x08000247   Thumb Code     0  rtexit2.o(.ARM.Collect$$rtexit$$00000002)
    __rt_exit_exit                           0x0800024b   Thumb Code     0  rtexit2.o(.ARM.Collect$$rtexit$$00000004)
    Reset_Handler                            0x08000251   Thumb Code     8  startup_stm32f205xx.o(.text)
    _maybe_terminate_alloc                   0x08000251   Thumb Code     0  maybetermalloc1.o(.emb_text)
    ADC_IRQHandler                           0x0800026b   Thumb Code     0  startup_stm32f205xx.o(.text)
    CAN1_RX0_IRQHandler                      0x0800026b   Thumb Code     0  startup_stm32f205xx.o(.text)
    CAN1_RX1_IRQHandler                      0x0800026b   Thumb Code     0  startup_stm32f205xx.o(.text)
    CAN1_SCE_IRQHandler                      0x0800026b   Thumb Code     0  startup_stm32f205xx.o(.text)
    CAN1_TX_IRQHandler                       0x0800026b   Thumb Code     0  startup_stm32f205xx.o(.text)
    CAN2_RX0_IRQHandler                      0x0800026b   Thumb Code     0  startup_stm32f205xx.o(.text)
    CAN2_RX1_IRQHandler                      0x0800026b   Thumb Code     0  startup_stm32f205xx.o(.text)
    CAN2_SCE_IRQHandler                      0x0800026b   Thumb Code     0  startup_stm32f205xx.o(.text)
    CAN2_TX_IRQHandler                       0x0800026b   Thumb Code     0  startup_stm32f205xx.o(.text)
    DMA1_Stream0_IRQHandler                  0x0800026b   Thumb Code     0  startup_stm32f205xx.o(.text)
    DMA1_Stream1_IRQHandler                  0x0800026b   Thumb Code     0  startup_stm32f205xx.o(.text)
    DMA1_Stream2_IRQHandler                  0x0800026b   Thumb Code     0  startup_stm32f205xx.o(.text)
    DMA1_Stream3_IRQHandler                  0x0800026b   Thumb Code     0  startup_stm32f205xx.o(.text)
    DMA1_Stream4_IRQHandler                  0x0800026b   Thumb Code     0  startup_stm32f205xx.o(.text)
    DMA1_Stream5_IRQHandler                  0x0800026b   Thumb Code     0  startup_stm32f205xx.o(.text)
    DMA1_Stream6_IRQHandler                  0x0800026b   Thumb Code     0  startup_stm32f205xx.o(.text)
    DMA1_Stream7_IRQHandler                  0x0800026b   Thumb Code     0  startup_stm32f205xx.o(.text)
    DMA2_Stream0_IRQHandler                  0x0800026b   Thumb Code     0  startup_stm32f205xx.o(.text)
    DMA2_Stream1_IRQHandler                  0x0800026b   Thumb Code     0  startup_stm32f205xx.o(.text)
    DMA2_Stream2_IRQHandler                  0x0800026b   Thumb Code     0  startup_stm32f205xx.o(.text)
    DMA2_Stream3_IRQHandler                  0x0800026b   Thumb Code     0  startup_stm32f205xx.o(.text)
    DMA2_Stream4_IRQHandler                  0x0800026b   Thumb Code     0  startup_stm32f205xx.o(.text)
    DMA2_Stream5_IRQHandler                  0x0800026b   Thumb Code     0  startup_stm32f205xx.o(.text)
    DMA2_Stream6_IRQHandler                  0x0800026b   Thumb Code     0  startup_stm32f205xx.o(.text)
    DMA2_Stream7_IRQHandler                  0x0800026b   Thumb Code     0  startup_stm32f205xx.o(.text)
    EXTI0_IRQHandler                         0x0800026b   Thumb Code     0  startup_stm32f205xx.o(.text)
    EXTI15_10_IRQHandler                     0x0800026b   Thumb Code     0  startup_stm32f205xx.o(.text)
    EXTI1_IRQHandler                         0x0800026b   Thumb Code     0  startup_stm32f205xx.o(.text)
    EXTI2_IRQHandler                         0x0800026b   Thumb Code     0  startup_stm32f205xx.o(.text)
    EXTI3_IRQHandler                         0x0800026b   Thumb Code     0  startup_stm32f205xx.o(.text)
    EXTI4_IRQHandler                         0x0800026b   Thumb Code     0  startup_stm32f205xx.o(.text)
    EXTI9_5_IRQHandler                       0x0800026b   Thumb Code     0  startup_stm32f205xx.o(.text)
    FLASH_IRQHandler                         0x0800026b   Thumb Code     0  startup_stm32f205xx.o(.text)
    FSMC_IRQHandler                          0x0800026b   Thumb Code     0  startup_stm32f205xx.o(.text)
    HASH_RNG_IRQHandler                      0x0800026b   Thumb Code     0  startup_stm32f205xx.o(.text)
    I2C1_ER_IRQHandler                       0x0800026b   Thumb Code     0  startup_stm32f205xx.o(.text)
    I2C1_EV_IRQHandler                       0x0800026b   Thumb Code     0  startup_stm32f205xx.o(.text)
    I2C2_ER_IRQHandler                       0x0800026b   Thumb Code     0  startup_stm32f205xx.o(.text)
    I2C2_EV_IRQHandler                       0x0800026b   Thumb Code     0  startup_stm32f205xx.o(.text)
    I2C3_ER_IRQHandler                       0x0800026b   Thumb Code     0  startup_stm32f205xx.o(.text)
    I2C3_EV_IRQHandler                       0x0800026b   Thumb Code     0  startup_stm32f205xx.o(.text)
    OTG_FS_IRQHandler                        0x0800026b   Thumb Code     0  startup_stm32f205xx.o(.text)
    OTG_FS_WKUP_IRQHandler                   0x0800026b   Thumb Code     0  startup_stm32f205xx.o(.text)
    OTG_HS_EP1_IN_IRQHandler                 0x0800026b   Thumb Code     0  startup_stm32f205xx.o(.text)
    OTG_HS_EP1_OUT_IRQHandler                0x0800026b   Thumb Code     0  startup_stm32f205xx.o(.text)
    OTG_HS_IRQHandler                        0x0800026b   Thumb Code     0  startup_stm32f205xx.o(.text)
    OTG_HS_WKUP_IRQHandler                   0x0800026b   Thumb Code     0  startup_stm32f205xx.o(.text)
    PVD_IRQHandler                           0x0800026b   Thumb Code     0  startup_stm32f205xx.o(.text)
    RCC_IRQHandler                           0x0800026b   Thumb Code     0  startup_stm32f205xx.o(.text)
    RTC_Alarm_IRQHandler                     0x0800026b   Thumb Code     0  startup_stm32f205xx.o(.text)
    RTC_WKUP_IRQHandler                      0x0800026b   Thumb Code     0  startup_stm32f205xx.o(.text)
    SDIO_IRQHandler                          0x0800026b   Thumb Code     0  startup_stm32f205xx.o(.text)
    SPI2_IRQHandler                          0x0800026b   Thumb Code     0  startup_stm32f205xx.o(.text)
    SPI3_IRQHandler                          0x0800026b   Thumb Code     0  startup_stm32f205xx.o(.text)
    TAMP_STAMP_IRQHandler                    0x0800026b   Thumb Code     0  startup_stm32f205xx.o(.text)
    TIM1_BRK_TIM9_IRQHandler                 0x0800026b   Thumb Code     0  startup_stm32f205xx.o(.text)
    TIM1_CC_IRQHandler                       0x0800026b   Thumb Code     0  startup_stm32f205xx.o(.text)
    TIM1_TRG_COM_TIM11_IRQHandler            0x0800026b   Thumb Code     0  startup_stm32f205xx.o(.text)
    TIM1_UP_TIM10_IRQHandler                 0x0800026b   Thumb Code     0  startup_stm32f205xx.o(.text)
    TIM3_IRQHandler                          0x0800026b   Thumb Code     0  startup_stm32f205xx.o(.text)
    TIM4_IRQHandler                          0x0800026b   Thumb Code     0  startup_stm32f205xx.o(.text)
    TIM5_IRQHandler                          0x0800026b   Thumb Code     0  startup_stm32f205xx.o(.text)
    TIM6_DAC_IRQHandler                      0x0800026b   Thumb Code     0  startup_stm32f205xx.o(.text)
    TIM7_IRQHandler                          0x0800026b   Thumb Code     0  startup_stm32f205xx.o(.text)
    TIM8_BRK_TIM12_IRQHandler                0x0800026b   Thumb Code     0  startup_stm32f205xx.o(.text)
    TIM8_CC_IRQHandler                       0x0800026b   Thumb Code     0  startup_stm32f205xx.o(.text)
    TIM8_TRG_COM_TIM14_IRQHandler            0x0800026b   Thumb Code     0  startup_stm32f205xx.o(.text)
    TIM8_UP_TIM13_IRQHandler                 0x0800026b   Thumb Code     0  startup_stm32f205xx.o(.text)
    UART4_IRQHandler                         0x0800026b   Thumb Code     0  startup_stm32f205xx.o(.text)
    UART5_IRQHandler                         0x0800026b   Thumb Code     0  startup_stm32f205xx.o(.text)
    USART2_IRQHandler                        0x0800026b   Thumb Code     0  startup_stm32f205xx.o(.text)
    USART3_IRQHandler                        0x0800026b   Thumb Code     0  startup_stm32f205xx.o(.text)
    USART6_IRQHandler                        0x0800026b   Thumb Code     0  startup_stm32f205xx.o(.text)
    WWDG_IRQHandler                          0x0800026b   Thumb Code     0  startup_stm32f205xx.o(.text)
    __user_initial_stackheap                 0x0800026d   Thumb Code     0  startup_stm32f205xx.o(.text)
    __aeabi_uldivmod                         0x08000291   Thumb Code     0  lludivv7m.o(.text)
    _ll_udiv                                 0x08000291   Thumb Code   238  lludivv7m.o(.text)
    __2printf                                0x08000381   Thumb Code    20  noretval__2printf.o(.text)
    __2sprintf                               0x08000399   Thumb Code    34  noretval__2sprintf.o(.text)
    __printf                                 0x080003c1   Thumb Code   104  __printf.o(.text)
    _printf_str                              0x08000429   Thumb Code    82  _printf_str.o(.text)
    _printf_int_dec                          0x0800047d   Thumb Code   104  _printf_dec.o(.text)
    atoi                                     0x080004f5   Thumb Code    26  atoi.o(.text)
    strstr                                   0x0800050f   Thumb Code    36  strstr.o(.text)
    strlen                                   0x08000533   Thumb Code    62  strlen.o(.text)
    __aeabi_memclr                           0x08000571   Thumb Code     0  rt_memclr.o(.text)
    __rt_memclr                              0x08000571   Thumb Code    68  rt_memclr.o(.text)
    _memset                                  0x08000575   Thumb Code     0  rt_memclr.o(.text)
    __aeabi_memclr4                          0x080005b5   Thumb Code     0  rt_memclr_w.o(.text)
    __aeabi_memclr8                          0x080005b5   Thumb Code     0  rt_memclr_w.o(.text)
    __rt_memclr_w                            0x080005b5   Thumb Code    78  rt_memclr_w.o(.text)
    _memset_w                                0x080005b9   Thumb Code     0  rt_memclr_w.o(.text)
    __use_two_region_memory                  0x08000603   Thumb Code     2  heapauxi.o(.text)
    __rt_heap_escrow                         0x08000605   Thumb Code     2  heapauxi.o(.text)
    __rt_heap_expand                         0x08000607   Thumb Code     2  heapauxi.o(.text)
    __aeabi_errno_addr                       0x08000609   Thumb Code     8  rt_errno_addr_intlibspace.o(.text)
    __errno$intlibspace                      0x08000609   Thumb Code     0  rt_errno_addr_intlibspace.o(.text)
    __rt_errno_addr$intlibspace              0x08000609   Thumb Code     0  rt_errno_addr_intlibspace.o(.text)
    _printf_int_common                       0x08000611   Thumb Code   178  _printf_intcommon.o(.text)
    _printf_char_common                      0x080006cf   Thumb Code    32  _printf_char_common.o(.text)
    _sputc                                   0x080006f5   Thumb Code    10  _sputc.o(.text)
    _printf_cs_common                        0x080006ff   Thumb Code    20  _printf_char.o(.text)
    _printf_char                             0x08000713   Thumb Code    16  _printf_char.o(.text)
    _printf_string                           0x08000723   Thumb Code     8  _printf_char.o(.text)
    _printf_char_file                        0x0800072d   Thumb Code    32  _printf_char_file.o(.text)
    strtol                                   0x08000751   Thumb Code   112  strtol.o(.text)
    __user_libspace                          0x080007c1   Thumb Code     8  libspace.o(.text)
    __user_perproc_libspace                  0x080007c1   Thumb Code     0  libspace.o(.text)
    __user_perthread_libspace                0x080007c1   Thumb Code     0  libspace.o(.text)
    __rt_ctype_table                         0x080007c9   Thumb Code    16  rt_ctype_table.o(.text)
    _strtoul                                 0x080007d9   Thumb Code   158  _strtoul.o(.text)
    ferror                                   0x08000877   Thumb Code     8  ferror.o(.text)
    _initio                                  0x08000881   Thumb Code   210  initio.o(.text)
    _terminateio                             0x08000953   Thumb Code    56  initio.o(.text)
    _sys_open                                0x080009b9   Thumb Code    20  sys_io.o(.text)
    _sys_close                               0x080009cd   Thumb Code    12  sys_io.o(.text)
    _sys_write                               0x080009d9   Thumb Code    16  sys_io.o(.text)
    _sys_read                                0x080009e9   Thumb Code    14  sys_io.o(.text)
    _sys_istty                               0x080009f7   Thumb Code    12  sys_io.o(.text)
    _sys_seek                                0x08000a03   Thumb Code    14  sys_io.o(.text)
    _sys_ensure                              0x08000a11   Thumb Code     2  sys_io.o(.text)
    _sys_flen                                0x08000a13   Thumb Code    12  sys_io.o(.text)
    __user_setup_stackheap                   0x08000a1f   Thumb Code    74  sys_stackheap_outer.o(.text)
    __rt_locale                              0x08000a69   Thumb Code     8  rt_locale_intlibspace.o(.text)
    free                                     0x08000a71   Thumb Code    78  h1_free.o(.text)
    _chval                                   0x08000abf   Thumb Code    28  _chval.o(.text)
    setvbuf                                  0x08000adb   Thumb Code    70  setvbuf.o(.text)
    freopen                                  0x08000b21   Thumb Code   158  fopen.o(.text)
    fopen                                    0x08000bbf   Thumb Code    74  fopen.o(.text)
    _fclose_internal                         0x08000c0d   Thumb Code    76  fclose.o(.text)
    fclose                                   0x08000c0d   Thumb Code     0  fclose.o(.text)
    exit                                     0x08000c59   Thumb Code    18  exit.o(.text)
    __rt_SIGRTRED                            0x08000c6b   Thumb Code    14  defsig_rtred_outer.o(.text)
    __I$use$semihosting                      0x08000c79   Thumb Code     0  use_no_semi.o(.text)
    __use_no_semihosting_swi                 0x08000c79   Thumb Code     2  use_no_semi.o(.text)
    __semihosting_library_function           0x08000c7b   Thumb Code     0  indicate_semi.o(.text)
    __rt_heap_descriptor                     0x08000c7d   Thumb Code     8  rt_heap_descriptor_intlibspace.o(.text)
    __use_no_heap                            0x08000c85   Thumb Code     2  hguard.o(.text)
    __heap$guard                             0x08000c87   Thumb Code     2  hguard.o(.text)
    _terminate_user_alloc                    0x08000c89   Thumb Code     2  init_alloc.o(.text)
    _init_user_alloc                         0x08000c8b   Thumb Code     2  init_alloc.o(.text)
    __Heap_Full                              0x08000c8d   Thumb Code    34  init_alloc.o(.text)
    __Heap_Broken                            0x08000caf   Thumb Code     6  init_alloc.o(.text)
    _init_alloc                              0x08000cb5   Thumb Code    94  init_alloc.o(.text)
    malloc                                   0x08000d13   Thumb Code    94  h1_alloc.o(.text)
    _fseek                                   0x08000d71   Thumb Code   242  fseek.o(.text)
    fseek                                    0x08000d71   Thumb Code     0  fseek.o(.text)
    _seterr                                  0x08000e69   Thumb Code    20  stdio.o(.text)
    _writebuf                                0x08000e7d   Thumb Code    84  stdio.o(.text)
    _fflush                                  0x08000ed1   Thumb Code    70  stdio.o(.text)
    _deferredlazyseek                        0x08000f17   Thumb Code    60  stdio.o(.text)
    __sig_exit                               0x08000f59   Thumb Code    10  defsig_exit.o(.text)
    __rt_SIGRTRED_inner                      0x08000f65   Thumb Code    14  defsig_rtred_inner.o(.text)
    strcmp                                   0x08000f99   Thumb Code   128  strcmpv7m.o(.text)
    _sys_exit                                0x08001019   Thumb Code     8  sys_exit.o(.text)
    __Heap_Initialize                        0x08001025   Thumb Code    10  h1_init.o(.text)
    __Heap_DescSize                          0x0800102f   Thumb Code     4  h1_init.o(.text)
    __Heap_ProvideMemory                     0x08001033   Thumb Code    52  h1_extend.o(.text)
    _ftell_internal                          0x08001067   Thumb Code    66  ftell.o(.text)
    ftell                                    0x08001067   Thumb Code     0  ftell.o(.text)
    __default_signal_display                 0x080010a9   Thumb Code    50  defsig_general.o(.text)
    __rt_SIGRTMEM                            0x080010db   Thumb Code    14  defsig_rtmem_outer.o(.text)
    _ttywrch                                 0x080010e9   Thumb Code    14  sys_wrch.o(.text)
    __rt_SIGRTMEM_inner                      0x080010f9   Thumb Code    22  defsig_rtmem_inner.o(.text)
    Buffer_Handler                           0x08001149   Thumb Code    38  uart1.o(i.Buffer_Handler)
    BusFault_Handler                         0x08001175   Thumb Code     2  stm32f2xx_it.o(i.BusFault_Handler)
    Config_Process                           0x08001179   Thumb Code   192  uart1.o(i.Config_Process)
    DebugMon_Handler                         0x08001261   Thumb Code     2  stm32f2xx_it.o(i.DebugMon_Handler)
    Erase_Sector                             0x08001263   Thumb Code    28  flash_external.o(i.Erase_Sector)
    FLASH_Erase_Sector                       0x08001281   Thumb Code    84  stm32f2xx_hal_flash_ex.o(i.FLASH_Erase_Sector)
    FLASH_FlushCaches                        0x080012d9   Thumb Code    80  stm32f2xx_hal_flash_ex.o(i.FLASH_FlushCaches)
    FLASH_WaitForLastOperation               0x08001451   Thumb Code    72  stm32f2xx_hal_flash.o(i.FLASH_WaitForLastOperation)
    Flash_EnableWrite                        0x080014a1   Thumb Code    40  flash_external.o(i.Flash_EnableWrite)
    Flash_Erase_Sector                       0x080014cd   Thumb Code    72  flash_external.o(i.Flash_Erase_Sector)
    Flash_ReadBuffer                         0x08001519   Thumb Code    82  flash_external.o(i.Flash_ReadBuffer)
    Flash_WaitForWriteEnd                    0x08001571   Thumb Code    60  flash_external.o(i.Flash_WaitForWriteEnd)
    Flash_WriteBuffer                        0x080015b1   Thumb Code   116  flash_external.o(i.Flash_WriteBuffer)
    Flash_Writepage                          0x08001625   Thumb Code    84  flash_external.o(i.Flash_Writepage)
    HAL_DMA_Abort                            0x0800167d   Thumb Code   146  stm32f2xx_hal_dma.o(i.HAL_DMA_Abort)
    HAL_DMA_Abort_IT                         0x0800170f   Thumb Code    36  stm32f2xx_hal_dma.o(i.HAL_DMA_Abort_IT)
    HAL_DMA_GetError                         0x08001733   Thumb Code     4  stm32f2xx_hal_dma.o(i.HAL_DMA_GetError)
    HAL_DeInit                               0x08001739   Thumb Code    48  stm32f2xx_hal.o(i.HAL_DeInit)
    HAL_Delay                                0x0800176d   Thumb Code    32  stm32f2xx_hal.o(i.HAL_Delay)
    HAL_FLASHEx_Erase                        0x08001791   Thumb Code   144  stm32f2xx_hal_flash_ex.o(i.HAL_FLASHEx_Erase)
    HAL_FLASH_Lock                           0x08001829   Thumb Code    14  stm32f2xx_hal_flash.o(i.HAL_FLASH_Lock)
    HAL_FLASH_Program                        0x0800183d   Thumb Code   116  stm32f2xx_hal_flash.o(i.HAL_FLASH_Program)
    HAL_FLASH_Unlock                         0x080018b9   Thumb Code    32  stm32f2xx_hal_flash.o(i.HAL_FLASH_Unlock)
    HAL_GPIO_Init                            0x080018e5   Thumb Code   598  stm32f2xx_hal_gpio.o(i.HAL_GPIO_Init)
    HAL_GPIO_WritePin                        0x08001b6d   Thumb Code    10  stm32f2xx_hal_gpio.o(i.HAL_GPIO_WritePin)
    HAL_GetTick                              0x08001b79   Thumb Code     6  stm32f2xx_hal.o(i.HAL_GetTick)
    HAL_IncTick                              0x08001b85   Thumb Code    12  stm32f2xx_hal.o(i.HAL_IncTick)
    HAL_Init                                 0x08001b95   Thumb Code    48  stm32f2xx_hal.o(i.HAL_Init)
    HAL_InitTick                             0x08001bc9   Thumb Code    54  stm32f2xx_hal.o(i.HAL_InitTick)
    HAL_MspDeInit                            0x08001c09   Thumb Code     2  stm32f2xx_hal.o(i.HAL_MspDeInit)
    HAL_MspInit                              0x08001c0d   Thumb Code    42  stm32f2xx_hal_msp.o(i.HAL_MspInit)
    HAL_NVIC_EnableIRQ                       0x08001c3d   Thumb Code    26  stm32f2xx_hal_cortex.o(i.HAL_NVIC_EnableIRQ)
    HAL_NVIC_SetPriority                     0x08001c59   Thumb Code    60  stm32f2xx_hal_cortex.o(i.HAL_NVIC_SetPriority)
    HAL_NVIC_SetPriorityGrouping             0x08001c99   Thumb Code    26  stm32f2xx_hal_cortex.o(i.HAL_NVIC_SetPriorityGrouping)
    HAL_RCC_ClockConfig                      0x08001cbd   Thumb Code   296  stm32f2xx_hal_rcc.o(i.HAL_RCC_ClockConfig)
    HAL_RCC_GetPCLK1Freq                     0x08001df9   Thumb Code    34  stm32f2xx_hal_rcc.o(i.HAL_RCC_GetPCLK1Freq)
    HAL_RCC_GetPCLK2Freq                     0x08001e29   Thumb Code    34  stm32f2xx_hal_rcc.o(i.HAL_RCC_GetPCLK2Freq)
    HAL_RCC_GetSysClockFreq                  0x08001e59   Thumb Code    88  stm32f2xx_hal_rcc.o(i.HAL_RCC_GetSysClockFreq)
    HAL_RCC_OscConfig                        0x08001eb9   Thumb Code   800  stm32f2xx_hal_rcc.o(i.HAL_RCC_OscConfig)
    HAL_SPI_ErrorCallback                    0x080021f1   Thumb Code     2  stm32f2xx_hal_spi.o(i.HAL_SPI_ErrorCallback)
    HAL_SPI_IRQHandler                       0x080021f5   Thumb Code   246  stm32f2xx_hal_spi.o(i.HAL_SPI_IRQHandler)
    HAL_SPI_Init                             0x080022f1   Thumb Code   188  stm32f2xx_hal_spi.o(i.HAL_SPI_Init)
    HAL_SPI_MspInit                          0x080023ad   Thumb Code   108  stm32f2xx_hal_msp.o(i.HAL_SPI_MspInit)
    HAL_SPI_TransmitReceive                  0x08002425   Thumb Code   482  stm32f2xx_hal_spi.o(i.HAL_SPI_TransmitReceive)
    HAL_SYSTICK_Config                       0x08002607   Thumb Code    40  stm32f2xx_hal_cortex.o(i.HAL_SYSTICK_Config)
    HAL_TIMEx_BreakCallback                  0x0800262f   Thumb Code     2  stm32f2xx_hal_tim_ex.o(i.HAL_TIMEx_BreakCallback)
    HAL_TIMEx_CommutCallback                 0x08002631   Thumb Code     2  stm32f2xx_hal_tim_ex.o(i.HAL_TIMEx_CommutCallback)
    HAL_TIMEx_MasterConfigSynchronization    0x08002635   Thumb Code   116  stm32f2xx_hal_tim_ex.o(i.HAL_TIMEx_MasterConfigSynchronization)
    HAL_TIM_Base_Init                        0x080026c5   Thumb Code    90  stm32f2xx_hal_tim.o(i.HAL_TIM_Base_Init)
    HAL_TIM_Base_MspInit                     0x08002721   Thumb Code    50  stm32f2xx_hal_msp.o(i.HAL_TIM_Base_MspInit)
    HAL_TIM_Base_Start_IT                    0x08002759   Thumb Code   100  stm32f2xx_hal_tim.o(i.HAL_TIM_Base_Start_IT)
    HAL_TIM_ConfigClockSource                0x080027d9   Thumb Code   214  stm32f2xx_hal_tim.o(i.HAL_TIM_ConfigClockSource)
    HAL_TIM_IC_CaptureCallback               0x080028af   Thumb Code     2  stm32f2xx_hal_tim.o(i.HAL_TIM_IC_CaptureCallback)
    HAL_TIM_IRQHandler                       0x080028b1   Thumb Code   358  stm32f2xx_hal_tim.o(i.HAL_TIM_IRQHandler)
    HAL_TIM_OC_DelayElapsedCallback          0x08002a17   Thumb Code     2  stm32f2xx_hal_tim.o(i.HAL_TIM_OC_DelayElapsedCallback)
    HAL_TIM_PWM_PulseFinishedCallback        0x08002a19   Thumb Code     2  stm32f2xx_hal_tim.o(i.HAL_TIM_PWM_PulseFinishedCallback)
    HAL_TIM_PeriodElapsedCallback            0x08002a1b   Thumb Code     2  main.o(i.HAL_TIM_PeriodElapsedCallback)
    HAL_TIM_TriggerCallback                  0x08002a1d   Thumb Code     2  stm32f2xx_hal_tim.o(i.HAL_TIM_TriggerCallback)
    HAL_UARTEx_RxEventCallback               0x08002a1f   Thumb Code     2  stm32f2xx_hal_uart.o(i.HAL_UARTEx_RxEventCallback)
    HAL_UART_Abort                           0x08002a21   Thumb Code   156  stm32f2xx_hal_uart.o(i.HAL_UART_Abort)
    HAL_UART_ErrorCallback                   0x08002abd   Thumb Code     2  stm32f2xx_hal_uart.o(i.HAL_UART_ErrorCallback)
    HAL_UART_GetState                        0x08002abf   Thumb Code    10  stm32f2xx_hal_uart.o(i.HAL_UART_GetState)
    HAL_UART_IRQHandler                      0x08002ac9   Thumb Code   522  stm32f2xx_hal_uart.o(i.HAL_UART_IRQHandler)
    HAL_UART_Init                            0x08002cd9   Thumb Code    98  stm32f2xx_hal_uart.o(i.HAL_UART_Init)
    HAL_UART_MspInit                         0x08002d3d   Thumb Code   110  stm32f2xx_hal_msp.o(i.HAL_UART_MspInit)
    HAL_UART_RxCpltCallback                  0x08002db9   Thumb Code     2  stm32f2xx_hal_uart.o(i.HAL_UART_RxCpltCallback)
    HAL_UART_Transmit                        0x08002dbd   Thumb Code   178  stm32f2xx_hal_uart.o(i.HAL_UART_Transmit)
    HAL_UART_TxCpltCallback                  0x08002e6f   Thumb Code     2  stm32f2xx_hal_uart.o(i.HAL_UART_TxCpltCallback)
    HardFault_Handler                        0x08002e71   Thumb Code     2  stm32f2xx_it.o(i.HardFault_Handler)
    MemManage_Handler                        0x08002fe1   Thumb Code     2  stm32f2xx_it.o(i.MemManage_Handler)
    NMI_Handler                              0x08002fe3   Thumb Code     2  stm32f2xx_it.o(i.NMI_Handler)
    PendSV_Handler                           0x08002fe5   Thumb Code     2  stm32f2xx_it.o(i.PendSV_Handler)
    Ring_Buffer_Read                         0x08002fe7   Thumb Code    38  uart1.o(i.Ring_Buffer_Read)
    Ring_Buffer_Write                        0x0800300d   Thumb Code    28  uart1.o(i.Ring_Buffer_Write)
    SPI1_IRQHandler                          0x08003029   Thumb Code     6  stm32f2xx_it.o(i.SPI1_IRQHandler)
    SPI_Sendata                              0x08003065   Thumb Code    84  flash_external.o(i.SPI_Sendata)
    SVC_Handler                              0x08003175   Thumb Code     2  stm32f2xx_it.o(i.SVC_Handler)
    SysTick_Handler                          0x08003179   Thumb Code    66  stm32f2xx_it.o(i.SysTick_Handler)
    SystemClock_Config                       0x080031c5   Thumb Code    74  main.o(i.SystemClock_Config)
    SystemInit                               0x0800320f   Thumb Code     2  system_stm32f2xx.o(i.SystemInit)
    TIM2_IRQHandler                          0x08003211   Thumb Code     6  stm32f2xx_it.o(i.TIM2_IRQHandler)
    TIM_Base_SetConfig                       0x0800321d   Thumb Code   156  stm32f2xx_hal_tim.o(i.TIM_Base_SetConfig)
    TIM_ETR_SetConfig                        0x080032e5   Thumb Code    20  stm32f2xx_hal_tim.o(i.TIM_ETR_SetConfig)
    TachDuLieu                               0x0800334f   Thumb Code    76  uart1.o(i.TachDuLieu)
    TimViTriKyTu                             0x0800339b   Thumb Code    40  uart1.o(i.TimViTriKyTu)
    USART1_IRQHandler                        0x08003641   Thumb Code    32  stm32f2xx_it.o(i.USART1_IRQHandler)
    UsageFault_Handler                       0x08003671   Thumb Code     2  stm32f2xx_it.o(i.UsageFault_Handler)
    flash_erase                              0x08003693   Thumb Code    58  flash.o(i.flash_erase)
    flash_jump_to_app                        0x080036cd   Thumb Code    24  flash.o(i.flash_jump_to_app)
    flash_write                              0x080036e9   Thumb Code    90  flash.o(i.flash_write)
    fputc                                    0x08003749   Thumb Code    20  main.o(i.fputc)
    main                                     0x08003761   Thumb Code   134  main.o(i.main)
    mem_set                                  0x08003811   Thumb Code    14  main.o(i.mem_set)
    uart_receive                             0x08003821   Thumb Code    34  uart1.o(i.uart_receive)
    uart_transmit_ch                         0x08003849   Thumb Code    42  uart1.o(i.uart_transmit_ch)
    uart_transmit_str                        0x08003879   Thumb Code    38  uart1.o(i.uart_transmit_str)
    xmodem_receive                           0x080039b1   Thumb Code   208  xmodem.o(i.xmodem_receive)
    _get_lc_ctype                            0x08003aa1   Thumb Code    44  lc_ctype_c.o(locale$$code)
    AHBPrescTable                            0x08003acc   Data          16  system_stm32f2xx.o(.constdata)
    APBPrescTable                            0x08003adc   Data           8  system_stm32f2xx.o(.constdata)
    __stdin_name                             0x08003ae4   Data           4  sys_io.o(.constdata)
    __stdout_name                            0x08003ae8   Data           4  sys_io.o(.constdata)
    __stderr_name                            0x08003aec   Data           4  sys_io.o(.constdata)
    Region$$Table$$Base                      0x08003af0   Number         0  anon$$obj.o(Region$$Table)
    Region$$Table$$Limit                     0x08003b10   Number         0  anon$$obj.o(Region$$Table)
    __ctype                                  0x08003b1d   Data           0  lc_ctype_c.o(locale$$data)
    uwTickFreq                               0x20000000   Data           1  stm32f2xx_hal.o(.data)
    uwTickPrio                               0x20000004   Data           4  stm32f2xx_hal.o(.data)
    uwTick                                   0x20000008   Data           4  stm32f2xx_hal.o(.data)
    SystemCoreClock                          0x20000014   Data           4  system_stm32f2xx.o(.data)
    __aeabi_stdin                            0x20000018   Data           4  stdio_streams.o(.data)
    __aeabi_stdout                           0x2000001c   Data           4  stdio_streams.o(.data)
    __aeabi_stderr                           0x20000020   Data           4  stdio_streams.o(.data)
    UART1_Data                               0x20000024   Data        1506  uart1.o(.bss)
    Config                                   0x20000606   Data        2608  uart1.o(.bss)
    hspi1                                    0x20001038   Data          88  main.o(.bss)
    htim2                                    0x20001090   Data          72  main.o(.bss)
    huart1                                   0x200010d8   Data          68  main.o(.bss)
    pFlash                                   0x2000111c   Data          32  stm32f2xx_hal_flash.o(.bss)
    Packet                                   0x2000113c   Data        1028  xmodem.o(.bss)
    __stdin                                  0x20001540   Data          84  stdio_streams.o(.bss)
    __stdout                                 0x20001594   Data          84  stdio_streams.o(.bss)
    __stderr                                 0x200015e8   Data          84  stdio_streams.o(.bss)
    __libspace_start                         0x2000163c   Data          96  libspace.o(.bss)
    __temporary_stack_top$libspace           0x2000169c   Data           0  libspace.o(.bss)



==============================================================================

Memory Map of the image

  Image Entry point : 0x08000185

  Load Region LR_IROM1 (Base: 0x08000000, Size: 0x00003c44, Max: 0x00040000, ABSOLUTE)

    Execution Region ER_IROM1 (Exec base: 0x08000000, Load base: 0x08000000, Size: 0x00003c20, Max: 0x00040000, ABSOLUTE)

    Exec Addr    Load Addr    Size         Type   Attr      Idx    E Section Name        Object

    0x08000000   0x08000000   0x00000184   Data   RO            3    RESET               startup_stm32f205xx.o
    0x08000184   0x08000184   0x00000008   Code   RO         3809  * !!!main             c_w.l(__main.o)
    0x0800018c   0x0800018c   0x00000034   Code   RO         4160    !!!scatter          c_w.l(__scatter.o)
    0x080001c0   0x080001c0   0x0000001a   Code   RO         4162    !!handler_copy      c_w.l(__scatter_copy.o)
    0x080001da   0x080001da   0x00000002   PAD
    0x080001dc   0x080001dc   0x0000001c   Code   RO         4164    !!handler_zi        c_w.l(__scatter_zi.o)
    0x080001f8   0x080001f8   0x00000000   Code   RO         3796    .ARM.Collect$$_printf_percent$$00000000  c_w.l(_printf_percent.o)
    0x080001f8   0x080001f8   0x00000006   Code   RO         3795    .ARM.Collect$$_printf_percent$$00000009  c_w.l(_printf_d.o)
    0x080001fe   0x080001fe   0x00000006   Code   RO         3794    .ARM.Collect$$_printf_percent$$00000014  c_w.l(_printf_s.o)
    0x08000204   0x08000204   0x00000004   Code   RO         3831    .ARM.Collect$$_printf_percent$$00000017  c_w.l(_printf_percent_end.o)
    0x08000208   0x08000208   0x00000002   Code   RO         3975    .ARM.Collect$$libinit$$00000000  c_w.l(libinit.o)
    0x0800020a   0x0800020a   0x00000000   Code   RO         3977    .ARM.Collect$$libinit$$00000002  c_w.l(libinit2.o)
    0x0800020a   0x0800020a   0x00000000   Code   RO         3979    .ARM.Collect$$libinit$$00000004  c_w.l(libinit2.o)
    0x0800020a   0x0800020a   0x00000008   Code   RO         3980    .ARM.Collect$$libinit$$00000005  c_w.l(libinit2.o)
    0x08000212   0x08000212   0x00000000   Code   RO         3982    .ARM.Collect$$libinit$$0000000A  c_w.l(libinit2.o)
    0x08000212   0x08000212   0x00000000   Code   RO         3984    .ARM.Collect$$libinit$$0000000C  c_w.l(libinit2.o)
    0x08000212   0x08000212   0x00000000   Code   RO         3986    .ARM.Collect$$libinit$$0000000E  c_w.l(libinit2.o)
    0x08000212   0x08000212   0x00000006   Code   RO         3987    .ARM.Collect$$libinit$$0000000F  c_w.l(libinit2.o)
    0x08000218   0x08000218   0x00000000   Code   RO         3989    .ARM.Collect$$libinit$$00000011  c_w.l(libinit2.o)
    0x08000218   0x08000218   0x0000000c   Code   RO         3990    .ARM.Collect$$libinit$$00000012  c_w.l(libinit2.o)
    0x08000224   0x08000224   0x00000000   Code   RO         3991    .ARM.Collect$$libinit$$00000013  c_w.l(libinit2.o)
    0x08000224   0x08000224   0x00000000   Code   RO         3993    .ARM.Collect$$libinit$$00000015  c_w.l(libinit2.o)
    0x08000224   0x08000224   0x00000000   Code   RO         3995    .ARM.Collect$$libinit$$00000017  c_w.l(libinit2.o)
    0x08000224   0x08000224   0x00000000   Code   RO         3997    .ARM.Collect$$libinit$$00000019  c_w.l(libinit2.o)
    0x08000224   0x08000224   0x00000000   Code   RO         3999    .ARM.Collect$$libinit$$0000001B  c_w.l(libinit2.o)
    0x08000224   0x08000224   0x00000000   Code   RO         4001    .ARM.Collect$$libinit$$0000001D  c_w.l(libinit2.o)
    0x08000224   0x08000224   0x00000000   Code   RO         4003    .ARM.Collect$$libinit$$0000001F  c_w.l(libinit2.o)
    0x08000224   0x08000224   0x00000000   Code   RO         4005    .ARM.Collect$$libinit$$00000021  c_w.l(libinit2.o)
    0x08000224   0x08000224   0x00000000   Code   RO         4007    .ARM.Collect$$libinit$$00000023  c_w.l(libinit2.o)
    0x08000224   0x08000224   0x00000004   Code   RO         4008    .ARM.Collect$$libinit$$00000024  c_w.l(libinit2.o)
    0x08000228   0x08000228   0x00000000   Code   RO         4009    .ARM.Collect$$libinit$$00000025  c_w.l(libinit2.o)
    0x08000228   0x08000228   0x00000000   Code   RO         4013    .ARM.Collect$$libinit$$0000002C  c_w.l(libinit2.o)
    0x08000228   0x08000228   0x00000000   Code   RO         4015    .ARM.Collect$$libinit$$0000002E  c_w.l(libinit2.o)
    0x08000228   0x08000228   0x00000000   Code   RO         4017    .ARM.Collect$$libinit$$00000030  c_w.l(libinit2.o)
    0x08000228   0x08000228   0x00000000   Code   RO         4019    .ARM.Collect$$libinit$$00000032  c_w.l(libinit2.o)
    0x08000228   0x08000228   0x00000002   Code   RO         4020    .ARM.Collect$$libinit$$00000033  c_w.l(libinit2.o)
    0x0800022a   0x0800022a   0x00000002   Code   RO         4141    .ARM.Collect$$libshutdown$$00000000  c_w.l(libshutdown.o)
    0x0800022c   0x0800022c   0x00000000   Code   RO         4022    .ARM.Collect$$libshutdown$$00000002  c_w.l(libshutdown2.o)
    0x0800022c   0x0800022c   0x00000004   Code   RO         4023    .ARM.Collect$$libshutdown$$00000003  c_w.l(libshutdown2.o)
    0x08000230   0x08000230   0x00000000   Code   RO         4024    .ARM.Collect$$libshutdown$$00000004  c_w.l(libshutdown2.o)
    0x08000230   0x08000230   0x00000000   Code   RO         4027    .ARM.Collect$$libshutdown$$00000007  c_w.l(libshutdown2.o)
    0x08000230   0x08000230   0x00000000   Code   RO         4030    .ARM.Collect$$libshutdown$$0000000A  c_w.l(libshutdown2.o)
    0x08000230   0x08000230   0x00000000   Code   RO         4032    .ARM.Collect$$libshutdown$$0000000C  c_w.l(libshutdown2.o)
    0x08000230   0x08000230   0x00000000   Code   RO         4035    .ARM.Collect$$libshutdown$$0000000F  c_w.l(libshutdown2.o)
    0x08000230   0x08000230   0x00000002   Code   RO         4036    .ARM.Collect$$libshutdown$$00000010  c_w.l(libshutdown2.o)
    0x08000232   0x08000232   0x00000000   Code   RO         3811    .ARM.Collect$$rtentry$$00000000  c_w.l(__rtentry.o)
    0x08000232   0x08000232   0x00000000   Code   RO         3844    .ARM.Collect$$rtentry$$00000002  c_w.l(__rtentry2.o)
    0x08000232   0x08000232   0x00000006   Code   RO         3856    .ARM.Collect$$rtentry$$00000004  c_w.l(__rtentry4.o)
    0x08000238   0x08000238   0x00000000   Code   RO         3846    .ARM.Collect$$rtentry$$00000009  c_w.l(__rtentry2.o)
    0x08000238   0x08000238   0x00000004   Code   RO         3847    .ARM.Collect$$rtentry$$0000000A  c_w.l(__rtentry2.o)
    0x0800023c   0x0800023c   0x00000000   Code   RO         3849    .ARM.Collect$$rtentry$$0000000C  c_w.l(__rtentry2.o)
    0x0800023c   0x0800023c   0x00000008   Code   RO         3850    .ARM.Collect$$rtentry$$0000000D  c_w.l(__rtentry2.o)
    0x08000244   0x08000244   0x00000002   Code   RO         4040    .ARM.Collect$$rtexit$$00000000  c_w.l(rtexit.o)
    0x08000246   0x08000246   0x00000000   Code   RO         4092    .ARM.Collect$$rtexit$$00000002  c_w.l(rtexit2.o)
    0x08000246   0x08000246   0x00000004   Code   RO         4093    .ARM.Collect$$rtexit$$00000003  c_w.l(rtexit2.o)
    0x0800024a   0x0800024a   0x00000006   Code   RO         4094    .ARM.Collect$$rtexit$$00000004  c_w.l(rtexit2.o)
    0x08000250   0x08000250   0x00000000   Code   RO         4098    .emb_text           c_w.l(maybetermalloc1.o)
    0x08000250   0x08000250   0x00000040   Code   RO            4    .text               startup_stm32f205xx.o
    0x08000290   0x08000290   0x000000ee   Code   RO         3758    .text               c_w.l(lludivv7m.o)
    0x0800037e   0x0800037e   0x00000002   PAD
    0x08000380   0x08000380   0x00000018   Code   RO         3764    .text               c_w.l(noretval__2printf.o)
    0x08000398   0x08000398   0x00000028   Code   RO         3766    .text               c_w.l(noretval__2sprintf.o)
    0x080003c0   0x080003c0   0x00000068   Code   RO         3768    .text               c_w.l(__printf.o)
    0x08000428   0x08000428   0x00000052   Code   RO         3770    .text               c_w.l(_printf_str.o)
    0x0800047a   0x0800047a   0x00000002   PAD
    0x0800047c   0x0800047c   0x00000078   Code   RO         3772    .text               c_w.l(_printf_dec.o)
    0x080004f4   0x080004f4   0x0000001a   Code   RO         3797    .text               c_w.l(atoi.o)
    0x0800050e   0x0800050e   0x00000024   Code   RO         3799    .text               c_w.l(strstr.o)
    0x08000532   0x08000532   0x0000003e   Code   RO         3801    .text               c_w.l(strlen.o)
    0x08000570   0x08000570   0x00000044   Code   RO         3803    .text               c_w.l(rt_memclr.o)
    0x080005b4   0x080005b4   0x0000004e   Code   RO         3805    .text               c_w.l(rt_memclr_w.o)
    0x08000602   0x08000602   0x00000006   Code   RO         3807    .text               c_w.l(heapauxi.o)
    0x08000608   0x08000608   0x00000008   Code   RO         3819    .text               c_w.l(rt_errno_addr_intlibspace.o)
    0x08000610   0x08000610   0x000000b2   Code   RO         3821    .text               c_w.l(_printf_intcommon.o)
    0x080006c2   0x080006c2   0x00000002   PAD
    0x080006c4   0x080006c4   0x00000030   Code   RO         3823    .text               c_w.l(_printf_char_common.o)
    0x080006f4   0x080006f4   0x0000000a   Code   RO         3825    .text               c_w.l(_sputc.o)
    0x080006fe   0x080006fe   0x0000002c   Code   RO         3827    .text               c_w.l(_printf_char.o)
    0x0800072a   0x0800072a   0x00000002   PAD
    0x0800072c   0x0800072c   0x00000024   Code   RO         3829    .text               c_w.l(_printf_char_file.o)
    0x08000750   0x08000750   0x00000070   Code   RO         3832    .text               c_w.l(strtol.o)
    0x080007c0   0x080007c0   0x00000008   Code   RO         3840    .text               c_w.l(libspace.o)
    0x080007c8   0x080007c8   0x00000010   Code   RO         3858    .text               c_w.l(rt_ctype_table.o)
    0x080007d8   0x080007d8   0x0000009e   Code   RO         3864    .text               c_w.l(_strtoul.o)
    0x08000876   0x08000876   0x00000008   Code   RO         3866    .text               c_w.l(ferror.o)
    0x0800087e   0x0800087e   0x00000002   PAD
    0x08000880   0x08000880   0x00000138   Code   RO         3868    .text               c_w.l(initio.o)
    0x080009b8   0x080009b8   0x00000066   Code   RO         3874    .text               c_w.l(sys_io.o)
    0x08000a1e   0x08000a1e   0x0000004a   Code   RO         3881    .text               c_w.l(sys_stackheap_outer.o)
    0x08000a68   0x08000a68   0x00000008   Code   RO         3886    .text               c_w.l(rt_locale_intlibspace.o)
    0x08000a70   0x08000a70   0x0000004e   Code   RO         3890    .text               c_w.l(h1_free.o)
    0x08000abe   0x08000abe   0x0000001c   Code   RO         3944    .text               c_w.l(_chval.o)
    0x08000ada   0x08000ada   0x00000046   Code   RO         3946    .text               c_w.l(setvbuf.o)
    0x08000b20   0x08000b20   0x000000ec   Code   RO         3949    .text               c_w.l(fopen.o)
    0x08000c0c   0x08000c0c   0x0000004c   Code   RO         3951    .text               c_w.l(fclose.o)
    0x08000c58   0x08000c58   0x00000012   Code   RO         3960    .text               c_w.l(exit.o)
    0x08000c6a   0x08000c6a   0x0000000e   Code   RO         3966    .text               c_w.l(defsig_rtred_outer.o)
    0x08000c78   0x08000c78   0x00000002   Code   RO         4037    .text               c_w.l(use_no_semi.o)
    0x08000c7a   0x08000c7a   0x00000000   Code   RO         4039    .text               c_w.l(indicate_semi.o)
    0x08000c7a   0x08000c7a   0x00000002   PAD
    0x08000c7c   0x08000c7c   0x00000008   Code   RO         4047    .text               c_w.l(rt_heap_descriptor_intlibspace.o)
    0x08000c84   0x08000c84   0x00000004   Code   RO         4049    .text               c_w.l(hguard.o)
    0x08000c88   0x08000c88   0x0000008a   Code   RO         4051    .text               c_w.l(init_alloc.o)
    0x08000d12   0x08000d12   0x0000005e   Code   RO         4057    .text               c_w.l(h1_alloc.o)
    0x08000d70   0x08000d70   0x000000f8   Code   RO         4071    .text               c_w.l(fseek.o)
    0x08000e68   0x08000e68   0x000000f0   Code   RO         4073    .text               c_w.l(stdio.o)
    0x08000f58   0x08000f58   0x0000000a   Code   RO         4075    .text               c_w.l(defsig_exit.o)
    0x08000f62   0x08000f62   0x00000002   PAD
    0x08000f64   0x08000f64   0x00000034   Code   RO         4079    .text               c_w.l(defsig_rtred_inner.o)
    0x08000f98   0x08000f98   0x00000080   Code   RO         4083    .text               c_w.l(strcmpv7m.o)
    0x08001018   0x08001018   0x0000000c   Code   RO         4089    .text               c_w.l(sys_exit.o)
    0x08001024   0x08001024   0x0000000e   Code   RO         4100    .text               c_w.l(h1_init.o)
    0x08001032   0x08001032   0x00000034   Code   RO         4102    .text               c_w.l(h1_extend.o)
    0x08001066   0x08001066   0x00000042   Code   RO         4108    .text               c_w.l(ftell.o)
    0x080010a8   0x080010a8   0x00000032   Code   RO         4112    .text               c_w.l(defsig_general.o)
    0x080010da   0x080010da   0x0000000e   Code   RO         4114    .text               c_w.l(defsig_rtmem_outer.o)
    0x080010e8   0x080010e8   0x0000000e   Code   RO         4127    .text               c_w.l(sys_wrch.o)
    0x080010f6   0x080010f6   0x00000002   PAD
    0x080010f8   0x080010f8   0x00000050   Code   RO         4135    .text               c_w.l(defsig_rtmem_inner.o)
    0x08001148   0x08001148   0x0000002c   Code   RO           13    i.Buffer_Handler    uart1.o
    0x08001174   0x08001174   0x00000002   Code   RO          597    i.BusFault_Handler  stm32f2xx_it.o
    0x08001176   0x08001176   0x00000002   PAD
    0x08001178   0x08001178   0x000000e8   Code   RO           14    i.Config_Process    uart1.o
    0x08001260   0x08001260   0x00000002   Code   RO          598    i.DebugMon_Handler  stm32f2xx_it.o
    0x08001262   0x08001262   0x0000001c   Code   RO          330    i.Erase_Sector      flash_external.o
    0x0800127e   0x0800127e   0x00000002   PAD
    0x08001280   0x08001280   0x00000058   Code   RO         1838    i.FLASH_Erase_Sector  stm32f2xx_hal_flash_ex.o
    0x080012d8   0x080012d8   0x00000054   Code   RO         1839    i.FLASH_FlushCaches  stm32f2xx_hal_flash_ex.o
    0x0800132c   0x0800132c   0x00000028   Code   RO         1840    i.FLASH_MassErase   stm32f2xx_hal_flash_ex.o
    0x08001354   0x08001354   0x00000020   Code   RO         1720    i.FLASH_Program_Byte  stm32f2xx_hal_flash.o
    0x08001374   0x08001374   0x0000002c   Code   RO         1721    i.FLASH_Program_DoubleWord  stm32f2xx_hal_flash.o
    0x080013a0   0x080013a0   0x00000024   Code   RO         1722    i.FLASH_Program_HalfWord  stm32f2xx_hal_flash.o
    0x080013c4   0x080013c4   0x00000024   Code   RO         1723    i.FLASH_Program_Word  stm32f2xx_hal_flash.o
    0x080013e8   0x080013e8   0x00000068   Code   RO         1724    i.FLASH_SetErrorCode  stm32f2xx_hal_flash.o
    0x08001450   0x08001450   0x00000050   Code   RO         1725    i.FLASH_WaitForLastOperation  stm32f2xx_hal_flash.o
    0x080014a0   0x080014a0   0x0000002c   Code   RO          331    i.Flash_EnableWrite  flash_external.o
    0x080014cc   0x080014cc   0x0000004c   Code   RO          332    i.Flash_Erase_Sector  flash_external.o
    0x08001518   0x08001518   0x00000058   Code   RO          333    i.Flash_ReadBuffer  flash_external.o
    0x08001570   0x08001570   0x00000040   Code   RO          335    i.Flash_WaitForWriteEnd  flash_external.o
    0x080015b0   0x080015b0   0x00000074   Code   RO          336    i.Flash_WriteBuffer  flash_external.o
    0x08001624   0x08001624   0x00000058   Code   RO          337    i.Flash_Writepage   flash_external.o
    0x0800167c   0x0800167c   0x00000092   Code   RO         2129    i.HAL_DMA_Abort     stm32f2xx_hal_dma.o
    0x0800170e   0x0800170e   0x00000024   Code   RO         2130    i.HAL_DMA_Abort_IT  stm32f2xx_hal_dma.o
    0x08001732   0x08001732   0x00000004   Code   RO         2132    i.HAL_DMA_GetError  stm32f2xx_hal_dma.o
    0x08001736   0x08001736   0x00000002   PAD
    0x08001738   0x08001738   0x00000034   Code   RO         1261    i.HAL_DeInit        stm32f2xx_hal.o
    0x0800176c   0x0800176c   0x00000024   Code   RO         1262    i.HAL_Delay         stm32f2xx_hal.o
    0x08001790   0x08001790   0x00000098   Code   RO         1841    i.HAL_FLASHEx_Erase  stm32f2xx_hal_flash_ex.o
    0x08001828   0x08001828   0x00000014   Code   RO         1729    i.HAL_FLASH_Lock    stm32f2xx_hal_flash.o
    0x0800183c   0x0800183c   0x0000007c   Code   RO         1734    i.HAL_FLASH_Program  stm32f2xx_hal_flash.o
    0x080018b8   0x080018b8   0x0000002c   Code   RO         1736    i.HAL_FLASH_Unlock  stm32f2xx_hal_flash.o
    0x080018e4   0x080018e4   0x00000288   Code   RO         2063    i.HAL_GPIO_Init     stm32f2xx_hal_gpio.o
    0x08001b6c   0x08001b6c   0x0000000a   Code   RO         2067    i.HAL_GPIO_WritePin  stm32f2xx_hal_gpio.o
    0x08001b76   0x08001b76   0x00000002   PAD
    0x08001b78   0x08001b78   0x0000000c   Code   RO         1268    i.HAL_GetTick       stm32f2xx_hal.o
    0x08001b84   0x08001b84   0x00000010   Code   RO         1274    i.HAL_IncTick       stm32f2xx_hal.o
    0x08001b94   0x08001b94   0x00000034   Code   RO         1275    i.HAL_Init          stm32f2xx_hal.o
    0x08001bc8   0x08001bc8   0x00000040   Code   RO         1276    i.HAL_InitTick      stm32f2xx_hal.o
    0x08001c08   0x08001c08   0x00000002   Code   RO         1277    i.HAL_MspDeInit     stm32f2xx_hal.o
    0x08001c0a   0x08001c0a   0x00000002   PAD
    0x08001c0c   0x08001c0c   0x00000030   Code   RO          786    i.HAL_MspInit       stm32f2xx_hal_msp.o
    0x08001c3c   0x08001c3c   0x0000001a   Code   RO         1590    i.HAL_NVIC_EnableIRQ  stm32f2xx_hal_cortex.o
    0x08001c56   0x08001c56   0x00000002   PAD
    0x08001c58   0x08001c58   0x00000040   Code   RO         1596    i.HAL_NVIC_SetPriority  stm32f2xx_hal_cortex.o
    0x08001c98   0x08001c98   0x00000024   Code   RO         1597    i.HAL_NVIC_SetPriorityGrouping  stm32f2xx_hal_cortex.o
    0x08001cbc   0x08001cbc   0x0000013c   Code   RO         1442    i.HAL_RCC_ClockConfig  stm32f2xx_hal_rcc.o
    0x08001df8   0x08001df8   0x00000030   Code   RO         1449    i.HAL_RCC_GetPCLK1Freq  stm32f2xx_hal_rcc.o
    0x08001e28   0x08001e28   0x00000030   Code   RO         1450    i.HAL_RCC_GetPCLK2Freq  stm32f2xx_hal_rcc.o
    0x08001e58   0x08001e58   0x00000060   Code   RO         1451    i.HAL_RCC_GetSysClockFreq  stm32f2xx_hal_rcc.o
    0x08001eb8   0x08001eb8   0x00000338   Code   RO         1454    i.HAL_RCC_OscConfig  stm32f2xx_hal_rcc.o
    0x080021f0   0x080021f0   0x00000002   Code   RO          853    i.HAL_SPI_ErrorCallback  stm32f2xx_hal_spi.o
    0x080021f2   0x080021f2   0x00000002   PAD
    0x080021f4   0x080021f4   0x000000fc   Code   RO          856    i.HAL_SPI_IRQHandler  stm32f2xx_hal_spi.o
    0x080022f0   0x080022f0   0x000000bc   Code   RO          857    i.HAL_SPI_Init      stm32f2xx_hal_spi.o
    0x080023ac   0x080023ac   0x00000078   Code   RO          788    i.HAL_SPI_MspInit   stm32f2xx_hal_msp.o
    0x08002424   0x08002424   0x000001e2   Code   RO          866    i.HAL_SPI_TransmitReceive  stm32f2xx_hal_spi.o
    0x08002606   0x08002606   0x00000028   Code   RO         1601    i.HAL_SYSTICK_Config  stm32f2xx_hal_cortex.o
    0x0800262e   0x0800262e   0x00000002   Code   RO         3051    i.HAL_TIMEx_BreakCallback  stm32f2xx_hal_tim_ex.o
    0x08002630   0x08002630   0x00000002   Code   RO         3052    i.HAL_TIMEx_CommutCallback  stm32f2xx_hal_tim_ex.o
    0x08002632   0x08002632   0x00000002   PAD
    0x08002634   0x08002634   0x00000090   Code   RO         3070    i.HAL_TIMEx_MasterConfigSynchronization  stm32f2xx_hal_tim_ex.o
    0x080026c4   0x080026c4   0x0000005a   Code   RO         2347    i.HAL_TIM_Base_Init  stm32f2xx_hal_tim.o
    0x0800271e   0x0800271e   0x00000002   PAD
    0x08002720   0x08002720   0x00000038   Code   RO          790    i.HAL_TIM_Base_MspInit  stm32f2xx_hal_msp.o
    0x08002758   0x08002758   0x00000080   Code   RO         2352    i.HAL_TIM_Base_Start_IT  stm32f2xx_hal_tim.o
    0x080027d8   0x080027d8   0x000000d6   Code   RO         2356    i.HAL_TIM_ConfigClockSource  stm32f2xx_hal_tim.o
    0x080028ae   0x080028ae   0x00000002   Code   RO         2381    i.HAL_TIM_IC_CaptureCallback  stm32f2xx_hal_tim.o
    0x080028b0   0x080028b0   0x00000166   Code   RO         2395    i.HAL_TIM_IRQHandler  stm32f2xx_hal_tim.o
    0x08002a16   0x08002a16   0x00000002   Code   RO         2398    i.HAL_TIM_OC_DelayElapsedCallback  stm32f2xx_hal_tim.o
    0x08002a18   0x08002a18   0x00000002   Code   RO         2425    i.HAL_TIM_PWM_PulseFinishedCallback  stm32f2xx_hal_tim.o
    0x08002a1a   0x08002a1a   0x00000002   Code   RO          423    i.HAL_TIM_PeriodElapsedCallback  main.o
    0x08002a1c   0x08002a1c   0x00000002   Code   RO         2438    i.HAL_TIM_TriggerCallback  stm32f2xx_hal_tim.o
    0x08002a1e   0x08002a1e   0x00000002   Code   RO         3329    i.HAL_UARTEx_RxEventCallback  stm32f2xx_hal_uart.o
    0x08002a20   0x08002a20   0x0000009c   Code   RO         3330    i.HAL_UART_Abort    stm32f2xx_hal_uart.o
    0x08002abc   0x08002abc   0x00000002   Code   RO         3343    i.HAL_UART_ErrorCallback  stm32f2xx_hal_uart.o
    0x08002abe   0x08002abe   0x0000000a   Code   RO         3345    i.HAL_UART_GetState  stm32f2xx_hal_uart.o
    0x08002ac8   0x08002ac8   0x00000210   Code   RO         3346    i.HAL_UART_IRQHandler  stm32f2xx_hal_uart.o
    0x08002cd8   0x08002cd8   0x00000062   Code   RO         3347    i.HAL_UART_Init     stm32f2xx_hal_uart.o
    0x08002d3a   0x08002d3a   0x00000002   PAD
    0x08002d3c   0x08002d3c   0x0000007c   Code   RO          792    i.HAL_UART_MspInit  stm32f2xx_hal_msp.o
    0x08002db8   0x08002db8   0x00000002   Code   RO         3353    i.HAL_UART_RxCpltCallback  stm32f2xx_hal_uart.o
    0x08002dba   0x08002dba   0x00000002   PAD
    0x08002dbc   0x08002dbc   0x000000b2   Code   RO         3355    i.HAL_UART_Transmit  stm32f2xx_hal_uart.o
    0x08002e6e   0x08002e6e   0x00000002   Code   RO         3358    i.HAL_UART_TxCpltCallback  stm32f2xx_hal_uart.o
    0x08002e70   0x08002e70   0x00000002   Code   RO          599    i.HardFault_Handler  stm32f2xx_it.o
    0x08002e72   0x08002e72   0x00000002   PAD
    0x08002e74   0x08002e74   0x000000cc   Code   RO          424    i.MX_GPIO_Init      main.o
    0x08002f40   0x08002f40   0x00000040   Code   RO          425    i.MX_SPI1_Init      main.o
    0x08002f80   0x08002f80   0x00000060   Code   RO          426    i.MX_TIM2_Init      main.o
    0x08002fe0   0x08002fe0   0x00000002   Code   RO          600    i.MemManage_Handler  stm32f2xx_it.o
    0x08002fe2   0x08002fe2   0x00000002   Code   RO          601    i.NMI_Handler       stm32f2xx_it.o
    0x08002fe4   0x08002fe4   0x00000002   Code   RO          602    i.PendSV_Handler    stm32f2xx_it.o
    0x08002fe6   0x08002fe6   0x00000026   Code   RO           15    i.Ring_Buffer_Read  uart1.o
    0x0800300c   0x0800300c   0x0000001c   Code   RO           16    i.Ring_Buffer_Write  uart1.o
    0x08003028   0x08003028   0x0000000c   Code   RO          603    i.SPI1_IRQHandler   stm32f2xx_it.o
    0x08003034   0x08003034   0x00000010   Code   RO          884    i.SPI_DMAAbortOnError  stm32f2xx_hal_spi.o
    0x08003044   0x08003044   0x00000020   Code   RO          895    i.SPI_EndRxTxTransaction  stm32f2xx_hal_spi.o
    0x08003064   0x08003064   0x00000058   Code   RO          338    i.SPI_Sendata       flash_external.o
    0x080030bc   0x080030bc   0x000000b8   Code   RO          900    i.SPI_WaitFlagStateUntilTimeout  stm32f2xx_hal_spi.o
    0x08003174   0x08003174   0x00000002   Code   RO          604    i.SVC_Handler       stm32f2xx_it.o
    0x08003176   0x08003176   0x00000002   PAD
    0x08003178   0x08003178   0x0000004c   Code   RO          605    i.SysTick_Handler   stm32f2xx_it.o
    0x080031c4   0x080031c4   0x0000004a   Code   RO          427    i.SystemClock_Config  main.o
    0x0800320e   0x0800320e   0x00000002   Code   RO         3722    i.SystemInit        system_stm32f2xx.o
    0x08003210   0x08003210   0x0000000c   Code   RO          606    i.TIM2_IRQHandler   stm32f2xx_it.o
    0x0800321c   0x0800321c   0x000000c8   Code   RO         2440    i.TIM_Base_SetConfig  stm32f2xx_hal_tim.o
    0x080032e4   0x080032e4   0x00000014   Code   RO         2451    i.TIM_ETR_SetConfig  stm32f2xx_hal_tim.o
    0x080032f8   0x080032f8   0x00000010   Code   RO         2452    i.TIM_ITRx_SetConfig  stm32f2xx_hal_tim.o
    0x08003308   0x08003308   0x00000022   Code   RO         2458    i.TIM_TI1_ConfigInputStage  stm32f2xx_hal_tim.o
    0x0800332a   0x0800332a   0x00000024   Code   RO         2460    i.TIM_TI2_ConfigInputStage  stm32f2xx_hal_tim.o
    0x0800334e   0x0800334e   0x0000004c   Code   RO           17    i.TachDuLieu        uart1.o
    0x0800339a   0x0800339a   0x00000028   Code   RO           18    i.TimViTriKyTu      uart1.o
    0x080033c2   0x080033c2   0x00000010   Code   RO         3360    i.UART_DMAAbortOnError  stm32f2xx_hal_uart.o
    0x080033d2   0x080033d2   0x00000030   Code   RO         3370    i.UART_EndRxTransfer  stm32f2xx_hal_uart.o
    0x08003402   0x08003402   0x000000b6   Code   RO         3372    i.UART_Receive_IT   stm32f2xx_hal_uart.o
    0x080034b8   0x080034b8   0x00000124   Code   RO         3373    i.UART_SetConfig    stm32f2xx_hal_uart.o
    0x080035dc   0x080035dc   0x00000064   Code   RO         3376    i.UART_WaitOnFlagUntilTimeout  stm32f2xx_hal_uart.o
    0x08003640   0x08003640   0x00000030   Code   RO          607    i.USART1_IRQHandler  stm32f2xx_it.o
    0x08003670   0x08003670   0x00000002   Code   RO          608    i.UsageFault_Handler  stm32f2xx_it.o
    0x08003672   0x08003672   0x00000020   Code   RO         1603    i.__NVIC_SetPriority  stm32f2xx_hal_cortex.o
    0x08003692   0x08003692   0x0000003a   Code   RO          204    i.flash_erase       flash.o
    0x080036cc   0x080036cc   0x0000001c   Code   RO          205    i.flash_jump_to_app  flash.o
    0x080036e8   0x080036e8   0x00000060   Code   RO          206    i.flash_write       flash.o
    0x08003748   0x08003748   0x00000018   Code   RO          428    i.fputc             main.o
    0x08003760   0x08003760   0x000000b0   Code   RO          429    i.main              main.o
    0x08003810   0x08003810   0x0000000e   Code   RO          430    i.mem_set           main.o
    0x0800381e   0x0800381e   0x00000002   PAD
    0x08003820   0x08003820   0x00000028   Code   RO           19    i.uart_receive      uart1.o
    0x08003848   0x08003848   0x00000030   Code   RO           20    i.uart_transmit_ch  uart1.o
    0x08003878   0x08003878   0x0000002c   Code   RO           21    i.uart_transmit_str  uart1.o
    0x080038a4   0x080038a4   0x0000002a   Code   RO         3675    i.xmodem_error_handler  xmodem.o
    0x080038ce   0x080038ce   0x00000002   PAD
    0x080038d0   0x080038d0   0x000000e0   Code   RO         3676    i.xmodem_handle_packet  xmodem.o
    0x080039b0   0x080039b0   0x000000f0   Code   RO         3677    i.xmodem_receive    xmodem.o
    0x08003aa0   0x08003aa0   0x0000002c   Code   RO         3958    locale$$code        c_w.l(lc_ctype_c.o)
    0x08003acc   0x08003acc   0x00000010   Data   RO         3723    .constdata          system_stm32f2xx.o
    0x08003adc   0x08003adc   0x00000008   Data   RO         3724    .constdata          system_stm32f2xx.o
    0x08003ae4   0x08003ae4   0x00000004   Data   RO         3875    .constdata          c_w.l(sys_io.o)
    0x08003ae8   0x08003ae8   0x00000004   Data   RO         3876    .constdata          c_w.l(sys_io.o)
    0x08003aec   0x08003aec   0x00000004   Data   RO         3877    .constdata          c_w.l(sys_io.o)
    0x08003af0   0x08003af0   0x00000020   Data   RO         4158    Region$$Table       anon$$obj.o
    0x08003b10   0x08003b10   0x00000110   Data   RO         3957    locale$$data        c_w.l(lc_ctype_c.o)


    Execution Region RW_IRAM1 (Exec base: 0x20000000, Load base: 0x08003c20, Size: 0x00001ca0, Max: 0x00014000, ABSOLUTE)

    Exec Addr    Load Addr    Size         Type   Attr      Idx    E Section Name        Object

    0x20000000   0x08003c20   0x0000000c   Data   RW         1282    .data               stm32f2xx_hal.o
    0x2000000c   0x08003c2c   0x00000008   Data   RW         3679    .data               xmodem.o
    0x20000014   0x08003c34   0x00000004   Data   RW         3725    .data               system_stm32f2xx.o
    0x20000018   0x08003c38   0x00000004   Data   RW         3837    .data               c_w.l(stdio_streams.o)
    0x2000001c   0x08003c3c   0x00000004   Data   RW         3838    .data               c_w.l(stdio_streams.o)
    0x20000020   0x08003c40   0x00000004   Data   RW         3839    .data               c_w.l(stdio_streams.o)
    0x20000024        -       0x00001012   Zero   RW           22    .bss                uart1.o
    0x20001036   0x08003c44   0x00000002   PAD
    0x20001038        -       0x000000e4   Zero   RW          431    .bss                main.o
    0x2000111c        -       0x00000020   Zero   RW         1737    .bss                stm32f2xx_hal_flash.o
    0x2000113c        -       0x00000404   Zero   RW         3678    .bss                xmodem.o
    0x20001540        -       0x00000054   Zero   RW         3834    .bss                c_w.l(stdio_streams.o)
    0x20001594        -       0x00000054   Zero   RW         3835    .bss                c_w.l(stdio_streams.o)
    0x200015e8        -       0x00000054   Zero   RW         3836    .bss                c_w.l(stdio_streams.o)
    0x2000163c        -       0x00000060   Zero   RW         3841    .bss                c_w.l(libspace.o)
    0x2000169c   0x08003c44   0x00000004   PAD
    0x200016a0        -       0x00000200   Zero   RW            2    HEAP                startup_stm32f205xx.o
    0x200018a0        -       0x00000400   Zero   RW            1    STACK               startup_stm32f205xx.o


    Execution Region RW_IRAM2 (Exec base: 0x2001c000, Load base: 0x08003c44, Size: 0x00000000, Max: 0x00004000, ABSOLUTE)

    **** No section assigned to this execution region ****


==============================================================================

Image component sizes


      Code (inc. data)   RO Data    RW Data    ZI Data      Debug   Object Name

       182         10          0          0          0     565188   flash.o
       592         26          0          0          0       5301   flash_external.o
       654         72          0          0        228     617110   main.o
        64         26        388          0       1536        780   startup_stm32f205xx.o
       234         32          0         12          0       9794   stm32f2xx_hal.o
       198         14          0          0          0      30451   stm32f2xx_hal_cortex.o
       186          0          0          0          0       2478   stm32f2xx_hal_dma.o
       520         66          0          0         32       5978   stm32f2xx_hal_flash.o
       364         22          0          0          0       3726   stm32f2xx_hal_flash_ex.o
       658         50          0          0          0       2176   stm32f2xx_hal_gpio.o
       348         38          0          0          0       2690   stm32f2xx_hal_msp.o
      1332         80          0          0          0       4924   stm32f2xx_hal_rcc.o
      1156         10          0          0          0     627374   stm32f2xx_hal_spi.o
      1104         72          0          0          0       9261   stm32f2xx_hal_tim.o
       148         28          0          0          0       2245   stm32f2xx_hal_tim_ex.o
      1616         14          0          0          0      10621   stm32f2xx_hal_uart.o
       164         38          0          0          0       4954   stm32f2xx_it.o
         2          0         24          4          0       1023   system_stm32f2xx.o
       590         64          0          0       4114     525262   uart1.o
       506         46          0          8       1028       3916   xmodem.o

    ----------------------------------------------------------------------
     10648        708        444         24       6940    2435252   Object Totals
         0          0         32          0          0          0   (incl. Generated)
        30          0          0          0          2          0   (incl. Padding)

    ----------------------------------------------------------------------

      Code (inc. data)   RO Data    RW Data    ZI Data      Debug   Library Member Name

         8          0          0          0          0         68   __main.o
       104          0          0          0          0         84   __printf.o
         0          0          0          0          0          0   __rtentry.o
        12          0          0          0          0          0   __rtentry2.o
         6          0          0          0          0          0   __rtentry4.o
        52          8          0          0          0          0   __scatter.o
        26          0          0          0          0          0   __scatter_copy.o
        28          0          0          0          0          0   __scatter_zi.o
        28          0          0          0          0         68   _chval.o
        44          0          0          0          0        108   _printf_char.o
        48          6          0          0          0         96   _printf_char_common.o
        36          4          0          0          0         80   _printf_char_file.o
         6          0          0          0          0          0   _printf_d.o
       120         16          0          0          0         92   _printf_dec.o
       178          0          0          0          0         88   _printf_intcommon.o
         0          0          0          0          0          0   _printf_percent.o
         4          0          0          0          0          0   _printf_percent_end.o
         6          0          0          0          0          0   _printf_s.o
        82          0          0          0          0         80   _printf_str.o
        10          0          0          0          0         68   _sputc.o
       158          0          0          0          0         92   _strtoul.o
        26          0          0          0          0         80   atoi.o
        10          0          0          0          0         68   defsig_exit.o
        50          0          0          0          0         88   defsig_general.o
        80         58          0          0          0         76   defsig_rtmem_inner.o
        14          0          0          0          0         80   defsig_rtmem_outer.o
        52         38          0          0          0         76   defsig_rtred_inner.o
        14          0          0          0          0         80   defsig_rtred_outer.o
        18          0          0          0          0         80   exit.o
        76          0          0          0          0         88   fclose.o
         8          0          0          0          0         68   ferror.o
       236          4          0          0          0        128   fopen.o
       248          6          0          0          0         84   fseek.o
        66          0          0          0          0         76   ftell.o
        94          0          0          0          0         80   h1_alloc.o
        52          0          0          0          0         68   h1_extend.o
        78          0          0          0          0         80   h1_free.o
        14          0          0          0          0         84   h1_init.o
         6          0          0          0          0        152   heapauxi.o
         4          0          0          0          0        136   hguard.o
         0          0          0          0          0          0   indicate_semi.o
       138          0          0          0          0        168   init_alloc.o
       312         46          0          0          0        112   initio.o
        44         10        272          0          0         76   lc_ctype_c.o
         2          0          0          0          0          0   libinit.o
        32          0          0          0          0          0   libinit2.o
         2          0          0          0          0          0   libshutdown.o
         6          0          0          0          0          0   libshutdown2.o
         8          4          0          0         96         68   libspace.o
       238          0          0          0          0        100   lludivv7m.o
         0          0          0          0          0          0   maybetermalloc1.o
        24          4          0          0          0         84   noretval__2printf.o
        40          6          0          0          0         84   noretval__2sprintf.o
        16          4          0          0          0         76   rt_ctype_table.o
         8          4          0          0          0         68   rt_errno_addr_intlibspace.o
         8          4          0          0          0         68   rt_heap_descriptor_intlibspace.o
         8          4          0          0          0         68   rt_locale_intlibspace.o
        68          0          0          0          0         68   rt_memclr.o
        78          0          0          0          0         80   rt_memclr_w.o
         2          0          0          0          0          0   rtexit.o
        10          0          0          0          0          0   rtexit2.o
        70          0          0          0          0         80   setvbuf.o
       240          6          0          0          0        156   stdio.o
         0          0          0         12        252          0   stdio_streams.o
       128          0          0          0          0         68   strcmpv7m.o
        62          0          0          0          0         76   strlen.o
        36          0          0          0          0         80   strstr.o
       112          0          0          0          0         88   strtol.o
        12          4          0          0          0         68   sys_exit.o
       102          0         12          0          0        240   sys_io.o
        74          0          0          0          0         80   sys_stackheap_outer.o
        14          0          0          0          0         76   sys_wrch.o
         2          0          0          0          0         68   use_no_semi.o

    ----------------------------------------------------------------------
      4016        236        284         12        352       4796   Library Totals
        18          0          0          0          4          0   (incl. Padding)

    ----------------------------------------------------------------------

      Code (inc. data)   RO Data    RW Data    ZI Data      Debug   Library Name

      3998        236        284         12        348       4796   c_w.l

    ----------------------------------------------------------------------
      4016        236        284         12        352       4796   Library Totals

    ----------------------------------------------------------------------

==============================================================================


      Code (inc. data)   RO Data    RW Data    ZI Data      Debug   

     14664        944        728         36       7292    2431464   Grand Totals
     14664        944        728         36       7292    2431464   ELF Image Totals
     14664        944        728         36          0          0   ROM Totals

==============================================================================

    Total RO  Size (Code + RO Data)                15392 (  15.03kB)
    Total RW  Size (RW Data + ZI Data)              7328 (   7.16kB)
    Total ROM Size (Code + RO Data + RW Data)      15428 (  15.07kB)

==============================================================================

