Component: ARM Compiler 5.06 update 6 (build 750) Tool: armlink [4d35ed]

==============================================================================

Section Cross References

    startup_stm32f205xx.o(STACK) refers (Special) to heapauxi.o(.text) for __use_two_region_memory
    startup_stm32f205xx.o(HEAP) refers (Special) to heapauxi.o(.text) for __use_two_region_memory
    startup_stm32f205xx.o(RESET) refers (Special) to heapauxi.o(.text) for __use_two_region_memory
    startup_stm32f205xx.o(RESET) refers to startup_stm32f205xx.o(STACK) for __initial_sp
    startup_stm32f205xx.o(RESET) refers to startup_stm32f205xx.o(.text) for Reset_Handler
    startup_stm32f205xx.o(RESET) refers to stm32f2xx_it.o(i.NMI_Handler) for NMI_Handler
    startup_stm32f205xx.o(RESET) refers to stm32f2xx_it.o(i.HardFault_Handler) for HardFault_Handler
    startup_stm32f205xx.o(RESET) refers to stm32f2xx_it.o(i.MemManage_Handler) for MemManage_Handler
    startup_stm32f205xx.o(RESET) refers to stm32f2xx_it.o(i.BusFault_Handler) for BusFault_Handler
    startup_stm32f205xx.o(RESET) refers to stm32f2xx_it.o(i.UsageFault_Handler) for UsageFault_Handler
    startup_stm32f205xx.o(RESET) refers to stm32f2xx_it.o(i.SVC_Handler) for SVC_Handler
    startup_stm32f205xx.o(RESET) refers to stm32f2xx_it.o(i.DebugMon_Handler) for DebugMon_Handler
    startup_stm32f205xx.o(RESET) refers to stm32f2xx_it.o(i.PendSV_Handler) for PendSV_Handler
    startup_stm32f205xx.o(RESET) refers to stm32f2xx_it.o(i.SysTick_Handler) for SysTick_Handler
    startup_stm32f205xx.o(RESET) refers to stm32f2xx_it.o(i.TIM2_IRQHandler) for TIM2_IRQHandler
    startup_stm32f205xx.o(RESET) refers to stm32f2xx_it.o(i.SPI1_IRQHandler) for SPI1_IRQHandler
    startup_stm32f205xx.o(RESET) refers to stm32f2xx_it.o(i.USART1_IRQHandler) for USART1_IRQHandler
    startup_stm32f205xx.o(.text) refers (Special) to heapauxi.o(.text) for __use_two_region_memory
    startup_stm32f205xx.o(.text) refers to system_stm32f2xx.o(i.SystemInit) for SystemInit
    startup_stm32f205xx.o(.text) refers to __main.o(!!!main) for __main
    startup_stm32f205xx.o(.text) refers to startup_stm32f205xx.o(HEAP) for Heap_Mem
    startup_stm32f205xx.o(.text) refers to startup_stm32f205xx.o(STACK) for Stack_Mem
    uart1.o(i.Buffer_Handler) refers to uart1.o(i.Ring_Buffer_Read) for Ring_Buffer_Read
    uart1.o(i.Buffer_Handler) refers to uart1.o(.bss) for .bss
    uart1.o(i.Config_Process) refers to _printf_percent.o(.ARM.Collect$$_printf_percent$$00000000) for _printf_percent
    uart1.o(i.Config_Process) refers to _printf_d.o(.ARM.Collect$$_printf_percent$$00000009) for _printf_d
    uart1.o(i.Config_Process) refers to _printf_dec.o(.text) for _printf_int_dec
    uart1.o(i.Config_Process) refers to main.o(i.mem_set) for mem_set
    uart1.o(i.Config_Process) refers to strstr.o(.text) for strstr
    uart1.o(i.Config_Process) refers to uart1.o(i.TachDuLieu) for TachDuLieu
    uart1.o(i.Config_Process) refers to atoi.o(.text) for atoi
    uart1.o(i.Config_Process) refers to flash_external.o(i.Flash_ReadBuffer) for Flash_ReadBuffer
    uart1.o(i.Config_Process) refers to stm32f2xx_hal.o(i.HAL_Delay) for HAL_Delay
    uart1.o(i.Config_Process) refers to flash.o(i.flash_write) for flash_write
    uart1.o(i.Config_Process) refers to noretval__2sprintf.o(.text) for __2sprintf
    uart1.o(i.Config_Process) refers to uart1.o(i.uart_transmit_str) for uart_transmit_str
    uart1.o(i.Config_Process) refers to flash.o(i.flash_jump_to_app) for flash_jump_to_app
    uart1.o(i.Config_Process) refers to uart1.o(.bss) for .bss
    uart1.o(i.TachDuLieu) refers to uart1.o(i.TimViTriKyTu) for TimViTriKyTu
    uart1.o(i.TimViTriKyTu) refers to strlen.o(.text) for strlen
    uart1.o(i.uart_receive) refers to uart1.o(.bss) for .bss
    uart1.o(i.uart_transmit_ch) refers to stm32f2xx_hal_uart.o(i.HAL_UART_GetState) for HAL_UART_GetState
    uart1.o(i.uart_transmit_ch) refers to stm32f2xx_hal_uart.o(i.HAL_UART_Abort) for HAL_UART_Abort
    uart1.o(i.uart_transmit_ch) refers to stm32f2xx_hal_uart.o(i.HAL_UART_Transmit) for HAL_UART_Transmit
    uart1.o(i.uart_transmit_ch) refers to main.o(.bss) for huart1
    uart1.o(i.uart_transmit_str) refers to stm32f2xx_hal_uart.o(i.HAL_UART_Transmit) for HAL_UART_Transmit
    uart1.o(i.uart_transmit_str) refers to main.o(.bss) for huart1
    flash.o(i.flash_erase) refers to stm32f2xx_hal_flash.o(i.HAL_FLASH_Unlock) for HAL_FLASH_Unlock
    flash.o(i.flash_erase) refers to stm32f2xx_hal_flash_ex.o(i.HAL_FLASHEx_Erase) for HAL_FLASHEx_Erase
    flash.o(i.flash_erase) refers to stm32f2xx_hal_flash.o(i.HAL_FLASH_Lock) for HAL_FLASH_Lock
    flash.o(i.flash_erase) refers to stm32f2xx_hal.o(i.HAL_Delay) for HAL_Delay
    flash.o(i.flash_jump_to_app) refers to stm32f2xx_hal.o(i.HAL_DeInit) for HAL_DeInit
    flash.o(i.flash_write) refers to stm32f2xx_hal_flash.o(i.HAL_FLASH_Unlock) for HAL_FLASH_Unlock
[...]
    ..\\Core\\Src\\Flash_external.c          0x00000000   Number         0  flash_external.o ABSOLUTE
    ..\\Core\\Src\\flash.c                   0x00000000   Number         0  flash.o ABSOLUTE
    ..\\Core\\Src\\uart1.c                   0x00000000   Number         0  uart1.o ABSOLUTE
    ..\\Core\\Src\\xmodem.c                  0x00000000   Number         0  xmodem.o ABSOLUTE
    dc.s                                     0x00000000   Number         0  dc.o ABSOLUTE
    startup_stm32f205xx.s                    0x00000000   Number         0  startup_stm32f205xx.o ABSOLUTE
    RESET                                    0x08000000   Section      388  startup_stm32f205xx.o(RESET)
    !!!main                                  0x08000184   Section        8  __main.o(!!!main)
    !!!scatter                               0x0800018c   Section       52  __scatter.o(!!!scatter)
    !!handler_copy                           0x080001c0   Section       26  __scatter_copy.o(!!handler_copy)
    !!handler_zi                             0x080001dc   Section       28  __scatter_zi.o(!!handler_zi)
    .ARM.Collect$$_printf_percent$$00000000  0x080001f8   Section        0  _printf_percent.o(.ARM.Collect$$_printf_percent$$00000000)
    .ARM.Collect$$_printf_percent$$00000009  0x080001f8   Section        6  _printf_d.o(.ARM.Collect$$_printf_percent$$00000009)
    .ARM.Collect$$_printf_percent$$00000017  0x080001fe   Section        4  _printf_percent_end.o(.ARM.Collect$$_printf_percent$$00000017)
    .ARM.Collect$$libinit$$00000000          0x08000202   Section        2  libinit.o(.ARM.Collect$$libinit$$00000000)
    .ARM.Collect$$libinit$$00000002          0x08000204   Section        0  libinit2.o(.ARM.Collect$$libinit$$00000002)
    .ARM.Collect$$libinit$$00000004          0x08000204   Section        0  libinit2.o(.ARM.Collect$$libinit$$00000004)
    .ARM.Collect$$libinit$$0000000A          0x08000204   Section        0  libinit2.o(.ARM.Collect$$libinit$$0000000A)
    .ARM.Collect$$libinit$$0000000C          0x08000204   Section        0  libinit2.o(.ARM.Collect$$libinit$$0000000C)
    .ARM.Collect$$libinit$$0000000E          0x08000204   Section        0  libinit2.o(.ARM.Collect$$libinit$$0000000E)
    .ARM.Collect$$libinit$$0000000F          0x08000204   Section        6  libinit2.o(.ARM.Collect$$libinit$$0000000F)
    .ARM.Collect$$libinit$$00000011          0x0800020a   Section        0  libinit2.o(.ARM.Collect$$libinit$$00000011)
    .ARM.Collect$$libinit$$00000012          0x0800020a   Section       12  libinit2.o(.ARM.Collect$$libinit$$00000012)
    .ARM.Collect$$libinit$$00000013          0x08000216   Section        0  libinit2.o(.ARM.Collect$$libinit$$00000013)
    .ARM.Collect$$libinit$$00000015          0x08000216   Section        0  libinit2.o(.ARM.Collect$$libinit$$00000015)
    .ARM.Collect$$libinit$$00000017          0x08000216   Section        0  libinit2.o(.ARM.Collect$$libinit$$00000017)
    .ARM.Collect$$libinit$$00000019          0x08000216   Section        0  libinit2.o(.ARM.Collect$$libinit$$00000019)
    .ARM.Collect$$libinit$$0000001B          0x08000216   Section        0  libinit2.o(.ARM.Collect$$libinit$$0000001B)
    .ARM.Collect$$libinit$$0000001D          0x08000216   Section        0  libinit2.o(.ARM.Collect$$libinit$$0000001D)
    .ARM.Collect$$libinit$$0000001F          0x08000216   Section        0  libinit2.o(.ARM.Collect$$libinit$$0000001F)
    .ARM.Collect$$libinit$$00000021          0x08000216   Section        0  libinit2.o(.ARM.Collect$$libinit$$00000021)
    .ARM.Collect$$libinit$$00000023          0x08000216   Section        0  libinit2.o(.ARM.Collect$$libinit$$00000023)
    .ARM.Collect$$libinit$$00000025          0x08000216   Section        0  libinit2.o(.ARM.Collect$$libinit$$00000025)
    .ARM.Collect$$libinit$$0000002C          0x08000216   Section        0  libinit2.o(.ARM.Collect$$libinit$$0000002C)
    .ARM.Collect$$libinit$$0000002E          0x08000216   Section        0  libinit2.o(.ARM.Collect$$libinit$$0000002E)
    .ARM.Collect$$libinit$$00000030          0x08000216   Section        0  libinit2.o(.ARM.Collect$$libinit$$00000030)
    .ARM.Collect$$libinit$$00000032          0x08000216   Section        0  libinit2.o(.ARM.Collect$$libinit$$00000032)
    .ARM.Collect$$libinit$$00000033          0x08000216   Section        2  libinit2.o(.ARM.Collect$$libinit$$00000033)
    .ARM.Collect$$libshutdown$$00000000      0x08000218   Section        2  libshutdown.o(.ARM.Collect$$libshutdown$$00000000)
    .ARM.Collect$$libshutdown$$00000002      0x0800021a   Section        0  libshutdown2.o(.ARM.Collect$$libshutdown$$00000002)
    .ARM.Collect$$libshutdown$$00000004      0x0800021a   Section        0  libshutdown2.o(.ARM.Collect$$libshutdown$$00000004)
    .ARM.Collect$$libshutdown$$00000007      0x0800021a   Section        0  libshutdown2.o(.ARM.Collect$$libshutdown$$00000007)
    .ARM.Collect$$libshutdown$$0000000A      0x0800021a   Section        0  libshutdown2.o(.ARM.Collect$$libshutdown$$0000000A)
    .ARM.Collect$$libshutdown$$0000000C      0x0800021a   Section        0  libshutdown2.o(.ARM.Collect$$libshutdown$$0000000C)
    .ARM.Collect$$libshutdown$$0000000F      0x0800021a   Section        0  libshutdown2.o(.ARM.Collect$$libshutdown$$0000000F)
    .ARM.Collect$$libshutdown$$00000010      0x0800021a   Section        2  libshutdown2.o(.ARM.Collect$$libshutdown$$00000010)
    .ARM.Collect$$rtentry$$00000000          0x0800021c   Section        0  __rtentry.o(.ARM.Collect$$rtentry$$00000000)
    .ARM.Collect$$rtentry$$00000002          0x0800021c   Section        0  __rtentry2.o(.ARM.Collect$$rtentry$$00000002)
    .ARM.Collect$$rtentry$$00000004          0x0800021c   Section        6  __rtentry4.o(.ARM.Collect$$rtentry$$00000004)
    .ARM.Collect$$rtentry$$00000009          0x08000222   Section        0  __rtentry2.o(.ARM.Collect$$rtentry$$00000009)
    .ARM.Collect$$rtentry$$0000000A          0x08000222   Section        4  __rtentry2.o(.ARM.Collect$$rtentry$$0000000A)
    .ARM.Collect$$rtentry$$0000000C          0x08000226   Section        0  __rtentry2.o(.ARM.Collect$$rtentry$$0000000C)
    .ARM.Collect$$rtentry$$0000000D          0x08000226   Section        8  __rtentry2.o(.ARM.Collect$$rtentry$$0000000D)
    .ARM.Collect$$rtexit$$00000000           0x0800022e   Section        2  rtexit.o(.ARM.Collect$$rtexit$$00000000)
    .ARM.Collect$$rtexit$$00000002           0x08000230   Section        0  rtexit2.o(.ARM.Collect$$rtexit$$00000002)
    .ARM.Collect$$rtexit$$00000003           0x08000230   Section        4  rtexit2.o(.ARM.Collect$$rtexit$$00000003)
    .ARM.Collect$$rtexit$$00000004           0x08000234   Section        6  rtexit2.o(.ARM.Collect$$rtexit$$00000004)
    .text                                    0x0800023c   Section       64  startup_stm32f205xx.o(.text)
    .text                                    0x0800027c   Section      238  lludivv7m.o(.text)
    .text                                    0x0800036c   Section        0  noretval__2sprintf.o(.text)
    .text                                    0x08000394   Section        0  __printf.o(.text)
    .text                                    0x080003fc   Section        0  _printf_dec.o(.text)
    .text                                    0x08000474   Section        0  atoi.o(.text)
    .text                                    0x0800048e   Section        0  strstr.o(.text)
    .text                                    0x080004b2   Section        0  strlen.o(.text)
    .text                                    0x080004f0   Section       68  rt_memclr.o(.text)
    .text                                    0x08000534   Section       78  rt_memclr_w.o(.text)
    .text                                    0x08000582   Section        0  heapauxi.o(.text)
    .text                                    0x08000588   Section        8  rt_errno_addr_intlibspace.o(.text)
    .text                                    0x08000590   Section        0  _printf_intcommon.o(.text)
    .text                                    0x08000644   Section        0  _printf_char_common.o(.text)
    _printf_input_char                       0x08000645   Thumb Code    10  _printf_char_common.o(.text)
    .text                                    0x08000674   Section        0  _sputc.o(.text)
    .text                                    0x0800067e   Section        0  strtol.o(.text)
    .text                                    0x080006f0   Section        8  libspace.o(.text)
    .text                                    0x080006f8   Section       16  rt_ctype_table.o(.text)
    .text                                    0x08000708   Section        0  _strtoul.o(.text)
    .text                                    0x080007a6   Section       74  sys_stackheap_outer.o(.text)
    .text                                    0x080007f0   Section        8  rt_locale_intlibspace.o(.text)
    .text                                    0x080007f8   Section        0  _chval.o(.text)
    .text                                    0x08000814   Section        0  exit.o(.text)
    .text                                    0x08000828   Section      128  strcmpv7m.o(.text)
    .text                                    0x080008a8   Section        0  sys_exit.o(.text)
    .text                                    0x080008b4   Section        2  use_no_semi.o(.text)
    .text                                    0x080008b6   Section        0  indicate_semi.o(.text)
    i.Buffer_Handler                         0x080008b8   Section        0  uart1.o(i.Buffer_Handler)
    i.BusFault_Handler                       0x080008e4   Section        0  stm32f2xx_it.o(i.BusFault_Handler)
    i.Config_Process                         0x080008e8   Section        0  uart1.o(i.Config_Process)
    i.DebugMon_Handler                       0x080009c0   Section        0  stm32f2xx_it.o(i.DebugMon_Handler)
    i.Erase_Sector                           0x080009c2   Section        0  flash_external.o(i.Erase_Sector)
    i.FLASH_Erase_Sector                     0x080009e0   Section        0  stm32f2xx_hal_flash_ex.o(i.FLASH_Erase_Sector)
    i.FLASH_FlushCaches                      0x08000a38   Section        0  stm32f2xx_hal_flash_ex.o(i.FLASH_FlushCaches)
    i.FLASH_MassErase                        0x08000a8c   Section        0  stm32f2xx_hal_flash_ex.o(i.FLASH_MassErase)
    FLASH_MassErase                          0x08000a8d   Thumb Code    34  stm32f2xx_hal_flash_ex.o(i.FLASH_MassErase)
    i.FLASH_Program_Byte                     0x08000ab4   Section        0  stm32f2xx_hal_flash.o(i.FLASH_Program_Byte)
    FLASH_Program_Byte                       0x08000ab5   Thumb Code    26  stm32f2xx_hal_flash.o(i.FLASH_Program_Byte)
    i.FLASH_Program_DoubleWord               0x08000ad4   Section        0  stm32f2xx_hal_flash.o(i.FLASH_Program_DoubleWord)
    FLASH_Program_DoubleWord                 0x08000ad5   Thumb Code    38  stm32f2xx_hal_flash.o(i.FLASH_Program_DoubleWord)
    i.FLASH_Program_HalfWord                 0x08000b00   Section        0  stm32f2xx_hal_flash.o(i.FLASH_Program_HalfWord)
    FLASH_Program_HalfWord                   0x08000b01   Thumb Code    30  stm32f2xx_hal_flash.o(i.FLASH_Program_HalfWord)
    i.FLASH_Program_Word                     0x08000b24   Section        0  stm32f2xx_hal_flash.o(i.FLASH_Program_Word)
    FLASH_Program_Word                       0x08000b25   Thumb Code    30  stm32f2xx_hal_flash.o(i.FLASH_Program_Word)
    i.FLASH_SetErrorCode                     0x08000b48   Section        0  stm32f2xx_hal_flash.o(i.FLASH_SetErrorCode)
    FLASH_SetErrorCode                       0x08000b49   Thumb Code    96  stm32f2xx_hal_flash.o(i.FLASH_SetErrorCode)
    i.FLASH_WaitForLastOperation             0x08000bb0   Section        0  stm32f2xx_hal_flash.o(i.FLASH_WaitForLastOperation)
    i.Flash_EnableWrite                      0x08000c00   Section        0  flash_external.o(i.Flash_EnableWrite)
    i.Flash_Erase_Sector                     0x08000c2c   Section        0  flash_external.o(i.Flash_Erase_Sector)
    i.Flash_ReadBuffer                       0x08000c78   Section        0  flash_external.o(i.Flash_ReadBuffer)
    i.Flash_WaitForWriteEnd                  0x08000cd0   Section        0  flash_external.o(i.Flash_WaitForWriteEnd)
    i.Flash_WriteBuffer                      0x08000d10   Section        0  flash_external.o(i.Flash_WriteBuffer)
    i.Flash_Writepage                        0x08000d84   Section        0  flash_external.o(i.Flash_Writepage)
    i.HAL_DMA_Abort                          0x08000ddc   Section        0  stm32f2xx_hal_dma.o(i.HAL_DMA_Abort)
    i.HAL_DMA_Abort_IT                       0x08000e6e   Section        0  stm32f2xx_hal_dma.o(i.HAL_DMA_Abort_IT)
    i.HAL_DMA_GetError                       0x08000e92   Section        0  stm32f2xx_hal_dma.o(i.HAL_DMA_GetError)
    i.HAL_DeInit                             0x08000e98   Section        0  stm32f2xx_hal.o(i.HAL_DeInit)
    i.HAL_Delay                              0x08000ecc   Section        0  stm32f2xx_hal.o(i.HAL_Delay)
    i.HAL_FLASHEx_Erase                      0x08000ef0   Section        0  stm32f2xx_hal_flash_ex.o(i.HAL_FLASHEx_Erase)
    i.HAL_FLASH_Lock                         0x08000f88   Section        0  stm32f2xx_hal_flash.o(i.HAL_FLASH_Lock)
    i.HAL_FLASH_Program                      0x08000f9c   Section        0  stm32f2xx_hal_flash.o(i.HAL_FLASH_Program)
    i.HAL_FLASH_Unlock                       0x08001018   Section        0  stm32f2xx_hal_flash.o(i.HAL_FLASH_Unlock)
    i.HAL_GPIO_Init                          0x08001044   Section        0  stm32f2xx_hal_gpio.o(i.HAL_GPIO_Init)
    i.HAL_GPIO_WritePin                      0x080012cc   Section        0  stm32f2xx_hal_gpio.o(i.HAL_GPIO_WritePin)
    i.HAL_GetTick                            0x080012d8   Section        0  stm32f2xx_hal.o(i.HAL_GetTick)
    i.HAL_IncTick                            0x080012e4   Section        0  stm32f2xx_hal.o(i.HAL_IncTick)
    i.HAL_Init                               0x080012f4   Section        0  stm32f2xx_hal.o(i.HAL_Init)
    i.HAL_InitTick                           0x08001328   Section        0  stm32f2xx_hal.o(i.HAL_InitTick)
    i.HAL_MspDeInit                          0x08001368   Section        0  stm32f2xx_hal.o(i.HAL_MspDeInit)
    i.HAL_MspInit                            0x0800136c   Section        0  stm32f2xx_hal_msp.o(i.HAL_MspInit)
    i.HAL_NVIC_EnableIRQ                     0x0800139c   Section        0  stm32f2xx_hal_cortex.o(i.HAL_NVIC_EnableIRQ)
    i.HAL_NVIC_SetPriority                   0x080013b8   Section        0  stm32f2xx_hal_cortex.o(i.HAL_NVIC_SetPriority)
    i.HAL_NVIC_SetPriorityGrouping           0x080013f8   Section        0  stm32f2xx_hal_cortex.o(i.HAL_NVIC_SetPriorityGrouping)
    i.HAL_RCC_ClockConfig                    0x0800141c   Section        0  stm32f2xx_hal_rcc.o(i.HAL_RCC_ClockConfig)
    i.HAL_RCC_GetPCLK1Freq                   0x08001558   Section        0  stm32f2xx_hal_rcc.o(i.HAL_RCC_GetPCLK1Freq)
    i.HAL_RCC_GetPCLK2Freq                   0x08001588   Section        0  stm32f2xx_hal_rcc.o(i.HAL_RCC_GetPCLK2Freq)
    i.HAL_RCC_GetSysClockFreq                0x080015b8   Section        0  stm32f2xx_hal_rcc.o(i.HAL_RCC_GetSysClockFreq)
    i.HAL_RCC_OscConfig                      0x08001618   Section        0  stm32f2xx_hal_rcc.o(i.HAL_RCC_OscConfig)
    i.HAL_SPI_ErrorCallback                  0x08001950   Section        0  stm32f2xx_hal_spi.o(i.HAL_SPI_ErrorCallback)
    i.HAL_SPI_IRQHandler                     0x08001954   Section        0  stm32f2xx_hal_spi.o(i.HAL_SPI_IRQHandler)
    i.HAL_SPI_Init                           0x08001a50   Section        0  stm32f2xx_hal_spi.o(i.HAL_SPI_Init)
    i.HAL_SPI_MspInit                        0x08001b0c   Section        0  stm32f2xx_hal_msp.o(i.HAL_SPI_MspInit)
    i.HAL_SPI_TransmitReceive                0x08001b84   Section        0  stm32f2xx_hal_spi.o(i.HAL_SPI_TransmitReceive)
    i.HAL_SYSTICK_Config                     0x08001d66   Section        0  stm32f2xx_hal_cortex.o(i.HAL_SYSTICK_Config)
    i.HAL_TIMEx_BreakCallback                0x08001d8e   Section        0  stm32f2xx_hal_tim_ex.o(i.HAL_TIMEx_BreakCallback)
    i.HAL_TIMEx_CommutCallback               0x08001d90   Section        0  stm32f2xx_hal_tim_ex.o(i.HAL_TIMEx_CommutCallback)
    i.HAL_TIMEx_MasterConfigSynchronization  0x08001d94   Section        0  stm32f2xx_hal_tim_ex.o(i.HAL_TIMEx_MasterConfigSynchronization)
    i.HAL_TIM_Base_Init                      0x08001e24   Section        0  stm32f2xx_hal_tim.o(i.HAL_TIM_Base_Init)
    i.HAL_TIM_Base_MspInit                   0x08001e80   Section        0  stm32f2xx_hal_msp.o(i.HAL_TIM_Base_MspInit)
    i.HAL_TIM_Base_Start_IT                  0x08001eb8   Section        0  stm32f2xx_hal_tim.o(i.HAL_TIM_Base_Start_IT)
    i.HAL_TIM_ConfigClockSource              0x08001f38   Section        0  stm32f2xx_hal_tim.o(i.HAL_TIM_ConfigClockSource)
    i.HAL_TIM_IC_CaptureCallback             0x0800200e   Section        0  stm32f2xx_hal_tim.o(i.HAL_TIM_IC_CaptureCallback)
    i.HAL_TIM_IRQHandler                     0x08002010   Section        0  stm32f2xx_hal_tim.o(i.HAL_TIM_IRQHandler)
    i.HAL_TIM_OC_DelayElapsedCallback        0x08002176   Section        0  stm32f2xx_hal_tim.o(i.HAL_TIM_OC_DelayElapsedCallback)
    i.HAL_TIM_PWM_PulseFinishedCallback      0x08002178   Section        0  stm32f2xx_hal_tim.o(i.HAL_TIM_PWM_PulseFinishedCallback)
    i.HAL_TIM_PeriodElapsedCallback          0x0800217a   Section        0  main.o(i.HAL_TIM_PeriodElapsedCallback)
    i.HAL_TIM_TriggerCallback                0x0800217c   Section        0  stm32f2xx_hal_tim.o(i.HAL_TIM_TriggerCallback)
    i.HAL_UARTEx_RxEventCallback             0x0800217e   Section        0  stm32f2xx_hal_uart.o(i.HAL_UARTEx_RxEventCallback)
    i.HAL_UART_Abort                         0x08002180   Section        0  stm32f2xx_hal_uart.o(i.HAL_UART_Abort)
    i.HAL_UART_ErrorCallback                 0x0800221c   Section        0  stm32f2xx_hal_uart.o(i.HAL_UART_ErrorCallback)
    i.HAL_UART_GetState                      0x0800221e   Section        0  stm32f2xx_hal_uart.o(i.HAL_UART_GetState)
    i.HAL_UART_IRQHandler                    0x08002228   Section        0  stm32f2xx_hal_uart.o(i.HAL_UART_IRQHandler)
    i.HAL_UART_Init                          0x08002438   Section        0  stm32f2xx_hal_uart.o(i.HAL_UART_Init)
    i.HAL_UART_MspInit                       0x0800249c   Section        0  stm32f2xx_hal_msp.o(i.HAL_UART_MspInit)
    i.HAL_UART_RxCpltCallback                0x08002518   Section        0  stm32f2xx_hal_uart.o(i.HAL_UART_RxCpltCallback)
    i.HAL_UART_Transmit                      0x0800251c   Section        0  stm32f2xx_hal_uart.o(i.HAL_UART_Transmit)
    i.HAL_UART_TxCpltCallback                0x080025ce   Section        0  stm32f2xx_hal_uart.o(i.HAL_UART_TxCpltCallback)
    i.HardFault_Handler                      0x080025d0   Section        0  stm32f2xx_it.o(i.HardFault_Handler)
    i.MX_GPIO_Init                           0x080025d4   Section        0  main.o(i.MX_GPIO_Init)
    MX_GPIO_Init                             0x080025d5   Thumb Code   190  main.o(i.MX_GPIO_Init)
    i.MX_SPI1_Init                           0x080026a0   Section        0  main.o(i.MX_SPI1_Init)
    MX_SPI1_Init                             0x080026a1   Thumb Code    56  main.o(i.MX_SPI1_Init)
    i.MX_TIM2_Init                           0x080026e0   Section        0  main.o(i.MX_TIM2_Init)
    MX_TIM2_Init                             0x080026e1   Thumb Code    92  main.o(i.MX_TIM2_Init)
    i.MemManage_Handler                      0x08002740   Section        0  stm32f2xx_it.o(i.MemManage_Handler)
    i.NMI_Handler                            0x08002742   Section        0  stm32f2xx_it.o(i.NMI_Handler)
    i.PendSV_Handler                         0x08002744   Section        0  stm32f2xx_it.o(i.PendSV_Handler)
    i.Ring_Buffer_Read                       0x08002746   Section        0  uart1.o(i.Ring_Buffer_Read)
    i.Ring_Buffer_Write                      0x0800276c   Section        0  uart1.o(i.Ring_Buffer_Write)
    i.SPI1_IRQHandler                        0x08002788   Section        0  stm32f2xx_it.o(i.SPI1_IRQHandler)
    i.SPI_DMAAbortOnError                    0x08002794   Section        0  stm32f2xx_hal_spi.o(i.SPI_DMAAbortOnError)
    SPI_DMAAbortOnError                      0x08002795   Thumb Code    16  stm32f2xx_hal_spi.o(i.SPI_DMAAbortOnError)
    i.SPI_EndRxTxTransaction                 0x080027a4   Section        0  stm32f2xx_hal_spi.o(i.SPI_EndRxTxTransaction)
    SPI_EndRxTxTransaction                   0x080027a5   Thumb Code    32  stm32f2xx_hal_spi.o(i.SPI_EndRxTxTransaction)
    i.SPI_Sendata                            0x080027c4   Section        0  flash_external.o(i.SPI_Sendata)
    i.SPI_WaitFlagStateUntilTimeout          0x0800281c   Section        0  stm32f2xx_hal_spi.o(i.SPI_WaitFlagStateUntilTimeout)
    SPI_WaitFlagStateUntilTimeout            0x0800281d   Thumb Code   180  stm32f2xx_hal_spi.o(i.SPI_WaitFlagStateUntilTimeout)
    i.SVC_Handler                            0x080028d4   Section        0  stm32f2xx_it.o(i.SVC_Handler)
    i.SysTick_Handler                        0x080028d8   Section        0  stm32f2xx_it.o(i.SysTick_Handler)
    i.SystemClock_Config                     0x08002924   Section        0  main.o(i.SystemClock_Config)
    i.SystemInit                             0x0800296e   Section        0  system_stm32f2xx.o(i.SystemInit)
    i.TIM2_IRQHandler                        0x08002970   Section        0  stm32f2xx_it.o(i.TIM2_IRQHandler)
    i.TIM_Base_SetConfig                     0x0800297c   Section        0  stm32f2xx_hal_tim.o(i.TIM_Base_SetConfig)
    i.TIM_ETR_SetConfig                      0x08002a44   Section        0  stm32f2xx_hal_tim.o(i.TIM_ETR_SetConfig)
    i.TIM_ITRx_SetConfig                     0x08002a58   Section        0  stm32f2xx_hal_tim.o(i.TIM_ITRx_SetConfig)
    TIM_ITRx_SetConfig                       0x08002a59   Thumb Code    16  stm32f2xx_hal_tim.o(i.TIM_ITRx_SetConfig)
    i.TIM_TI1_ConfigInputStage               0x08002a68   Section        0  stm32f2xx_hal_tim.o(i.TIM_TI1_ConfigInputStage)
    TIM_TI1_ConfigInputStage                 0x08002a69   Thumb Code    34  stm32f2xx_hal_tim.o(i.TIM_TI1_ConfigInputStage)
    i.TIM_TI2_ConfigInputStage               0x08002a8a   Section        0  stm32f2xx_hal_tim.o(i.TIM_TI2_ConfigInputStage)
    TIM_TI2_ConfigInputStage                 0x08002a8b   Thumb Code    36  stm32f2xx_hal_tim.o(i.TIM_TI2_ConfigInputStage)
    i.TachDuLieu                             0x08002aae   Section        0  uart1.o(i.TachDuLieu)
    i.TimViTriKyTu                           0x08002afa   Section        0  uart1.o(i.TimViTriKyTu)
    i.UART_DMAAbortOnError                   0x08002b22   Section        0  stm32f2xx_hal_uart.o(i.UART_DMAAbortOnError)
    UART_DMAAbortOnError                     0x08002b23   Thumb Code    16  stm32f2xx_hal_uart.o(i.UART_DMAAbortOnError)
    i.UART_EndRxTransfer                     0x08002b32   Section        0  stm32f2xx_hal_uart.o(i.UART_EndRxTransfer)
    UART_EndRxTransfer                       0x08002b33   Thumb Code    48  stm32f2xx_hal_uart.o(i.UART_EndRxTransfer)
    i.UART_Receive_IT                        0x08002b62   Section        0  stm32f2xx_hal_uart.o(i.UART_Receive_IT)
    UART_Receive_IT                          0x08002b63   Thumb Code   182  stm32f2xx_hal_uart.o(i.UART_Receive_IT)
    i.UART_SetConfig                         0x08002c18   Section        0  stm32f2xx_hal_uart.o(i.UART_SetConfig)
    UART_SetConfig                           0x08002c19   Thumb Code   284  stm32f2xx_hal_uart.o(i.UART_SetConfig)
    i.UART_WaitOnFlagUntilTimeout            0x08002d3c   Section        0  stm32f2xx_hal_uart.o(i.UART_WaitOnFlagUntilTimeout)
    UART_WaitOnFlagUntilTimeout              0x08002d3d   Thumb Code   100  stm32f2xx_hal_uart.o(i.UART_WaitOnFlagUntilTimeout)
    i.USART1_IRQHandler                      0x08002da0   Section        0  stm32f2xx_it.o(i.USART1_IRQHandler)
    i.UsageFault_Handler                     0x08002dd0   Section        0  stm32f2xx_it.o(i.UsageFault_Handler)
    i.__NVIC_SetPriority                     0x08002dd2   Section        0  stm32f2xx_hal_cortex.o(i.__NVIC_SetPriority)
    __NVIC_SetPriority                       0x08002dd3   Thumb Code    32  stm32f2xx_hal_cortex.o(i.__NVIC_SetPriority)
    i.flash_erase                            0x08002df2   Section        0  flash.o(i.flash_erase)
    i.flash_jump_to_app                      0x08002e2c   Section        0  flash.o(i.flash_jump_to_app)
    i.flash_write                            0x08002e48   Section        0  flash.o(i.flash_write)
    i.main                                   0x08002ea8   Section        0  main.o(i.main)
    i.mem_set                                0x08002f58   Section        0  main.o(i.mem_set)
    i.uart_receive                           0x08002f68   Section        0  uart1.o(i.uart_receive)
    i.uart_transmit_ch                       0x08002f90   Section        0  uart1.o(i.uart_transmit_ch)
    i.uart_transmit_str                      0x08002fc0   Section        0  uart1.o(i.uart_transmit_str)
    i.xmodem_error_handler                   0x08002fec   Section        0  xmodem.o(i.xmodem_error_handler)
    xmodem_error_handler                     0x08002fed   Thumb Code    42  xmodem.o(i.xmodem_error_handler)
    i.xmodem_handle_packet                   0x08003018   Section        0  xmodem.o(i.xmodem_handle_packet)
    xmodem_handle_packet                     0x08003019   Thumb Code   210  xmodem.o(i.xmodem_handle_packet)
    i.xmodem_receive                         0x080030f8   Section        0  xmodem.o(i.xmodem_receive)
    locale$$code                             0x080031e8   Section       44  lc_ctype_c.o(locale$$code)
    .constdata                               0x08003214   Section       16  system_stm32f2xx.o(.constdata)
    .constdata                               0x08003224   Section        8  system_stm32f2xx.o(.constdata)
    locale$$data                             0x0800324c   Section      272  lc_ctype_c.o(locale$$data)
    __lcctype_c_name                         0x08003250   Data           2  lc_ctype_c.o(locale$$data)
    __lcctype_c_start                        0x08003258   Data           0  lc_ctype_c.o(locale$$data)
    __lcctype_c_end                          0x0800335c   Data           0  lc_ctype_c.o(locale$$data)
    .data                                    0x20000000   Section       12  stm32f2xx_hal.o(.data)
    .data                                    0x2000000c   Section        8  xmodem.o(.data)
    x_first_packet_received                  0x2000000c   Data           1  xmodem.o(.data)
    xmodem_actual_flash_address              0x20000010   Data           4  xmodem.o(.data)
    .data                                    0x20000014   Section        4  system_stm32f2xx.o(.data)
    .bss                                     0x20000018   Section     4114  uart1.o(.bss)
    .bss                                     0x2000102c   Section      228  main.o(.bss)
    .bss                                     0x20001110   Section       32  stm32f2xx_hal_flash.o(.bss)
    .bss                                     0x20001130   Section     1028  xmodem.o(.bss)
    .bss                                     0x20001534   Section       96  libspace.o(.bss)
    HEAP                                     0x20001598   Section      512  startup_stm32f205xx.o(HEAP)
    Heap_Mem                                 0x20001598   Data         512  startup_stm32f205xx.o(HEAP)
    STACK                                    0x20001798   Section     1024  startup_stm32f205xx.o(STACK)
    Stack_Mem                                0x20001798   Data        1024  startup_stm32f205xx.o(STACK)
    __initial_sp                             0x20001b98   Data           0  startup_stm32f205xx.o(STACK)

    Global Symbols

    Symbol Name                              Value     Ov Type        Size  Object(Section)

    BuildAttributes$$THM_ISAv4$P$D$K$B$S$PE$A:L22UL41UL21$X:L11$S22US41US21$IEEE1$IW$USESV6$~STKCKD$USESV7$~SHL$OSPACE$ROPI$EBA8$UX$STANDARDLIB$REQ8$PRES8$EABIv2 0x00000000   Number         0  anon$$obj.o ABSOLUTE
    __ARM_use_no_argv                        0x00000000   Number         0  main.o ABSOLUTE
    __ARM_exceptions_init                     - Undefined Weak Reference
    __alloca_initialize                       - Undefined Weak Reference
    __arm_preinit_                            - Undefined Weak Reference
    __cpp_initialize__aeabi_                  - Undefined Weak Reference
    __cxa_finalize                            - Undefined Weak Reference
    __sigvec_lookup                           - Undefined Weak Reference
    _atexit_init                              - Undefined Weak Reference
    _call_atexit_fns                          - Undefined Weak Reference
    _clock_init                               - Undefined Weak Reference
    _fp_trap_init                             - Undefined Weak Reference
    _fp_trap_shutdown                         - Undefined Weak Reference
    _get_lc_collate                           - Undefined Weak Reference
    _get_lc_monetary                          - Undefined Weak Reference
    _get_lc_numeric                           - Undefined Weak Reference
    _get_lc_time                              - Undefined Weak Reference
    _getenv_init                              - Undefined Weak Reference
    _handle_redirection                       - Undefined Weak Reference
    _init_alloc                               - Undefined Weak Reference
    _init_user_alloc                          - Undefined Weak Reference
    _initio                                   - Undefined Weak Reference
    _printf_post_padding                      - Undefined Weak Reference
    _printf_pre_padding                       - Undefined Weak Reference
    _printf_truncate_signed                   - Undefined Weak Reference
    _printf_truncate_unsigned                 - Undefined Weak Reference
    _rand_init                                - Undefined Weak Reference
    _signal_finish                            - Undefined Weak Reference
    _signal_init                              - Undefined Weak Reference
    _terminate_alloc                          - Undefined Weak Reference
    _terminate_user_alloc                     - Undefined Weak Reference
    _terminateio                              - Undefined Weak Reference
    __Vectors_Size                           0x00000184   Number         0  startup_stm32f205xx.o ABSOLUTE
    __Vectors                                0x08000000   Data           4  startup_stm32f205xx.o(RESET)
    __Vectors_End                            0x08000184   Data           0  startup_stm32f205xx.o(RESET)
    __main                                   0x08000185   Thumb Code     8  __main.o(!!!main)
    __scatterload                            0x0800018d   Thumb Code     0  __scatter.o(!!!scatter)
    __scatterload_rt2                        0x0800018d   Thumb Code    44  __scatter.o(!!!scatter)
    __scatterload_rt2_thumb_only             0x0800018d   Thumb Code     0  __scatter.o(!!!scatter)
    __scatterload_null                       0x0800019b   Thumb Code     0  __scatter.o(!!!scatter)
    __scatterload_copy                       0x080001c1   Thumb Code    26  __scatter_copy.o(!!handler_copy)
    __scatterload_zeroinit                   0x080001dd   Thumb Code    28  __scatter_zi.o(!!handler_zi)
    _printf_d                                0x080001f9   Thumb Code     0  _printf_d.o(.ARM.Collect$$_printf_percent$$00000009)
    _printf_percent                          0x080001f9   Thumb Code     0  _printf_percent.o(.ARM.Collect$$_printf_percent$$00000000)
    _printf_percent_end                      0x080001ff   Thumb Code     0  _printf_percent_end.o(.ARM.Collect$$_printf_percent$$00000017)
    __rt_lib_init                            0x08000203   Thumb Code     0  libinit.o(.ARM.Collect$$libinit$$00000000)
    __rt_lib_init_fp_1                       0x08000205   Thumb Code     0  libinit2.o(.ARM.Collect$$libinit$$00000002)
    __rt_lib_init_heap_1                     0x08000205   Thumb Code     0  libinit2.o(.ARM.Collect$$libinit$$0000000A)
    __rt_lib_init_lc_common                  0x08000205   Thumb Code     0  libinit2.o(.ARM.Collect$$libinit$$0000000F)
    __rt_lib_init_preinit_1                  0x08000205   Thumb Code     0  libinit2.o(.ARM.Collect$$libinit$$00000004)
    __rt_lib_init_rand_1                     0x08000205   Thumb Code     0  libinit2.o(.ARM.Collect$$libinit$$0000000E)
    __rt_lib_init_user_alloc_1               0x08000205   Thumb Code     0  libinit2.o(.ARM.Collect$$libinit$$0000000C)
    __rt_lib_init_lc_collate_1               0x0800020b   Thumb Code     0  libinit2.o(.ARM.Collect$$libinit$$00000011)
    __rt_lib_init_lc_ctype_2                 0x0800020b   Thumb Code     0  libinit2.o(.ARM.Collect$$libinit$$00000012)
    __rt_lib_init_alloca_1                   0x08000217   Thumb Code     0  libinit2.o(.ARM.Collect$$libinit$$0000002E)
    __rt_lib_init_argv_1                     0x08000217   Thumb Code     0  libinit2.o(.ARM.Collect$$libinit$$0000002C)
    __rt_lib_init_atexit_1                   0x08000217   Thumb Code     0  libinit2.o(.ARM.Collect$$libinit$$0000001B)
    __rt_lib_init_clock_1                    0x08000217   Thumb Code     0  libinit2.o(.ARM.Collect$$libinit$$00000021)
    __rt_lib_init_cpp_1                      0x08000217   Thumb Code     0  libinit2.o(.ARM.Collect$$libinit$$00000032)
    __rt_lib_init_exceptions_1               0x08000217   Thumb Code     0  libinit2.o(.ARM.Collect$$libinit$$00000030)
    __rt_lib_init_fp_trap_1                  0x08000217   Thumb Code     0  libinit2.o(.ARM.Collect$$libinit$$0000001F)
    __rt_lib_init_getenv_1                   0x08000217   Thumb Code     0  libinit2.o(.ARM.Collect$$libinit$$00000023)
    __rt_lib_init_lc_ctype_1                 0x08000217   Thumb Code     0  libinit2.o(.ARM.Collect$$libinit$$00000013)
    __rt_lib_init_lc_monetary_1              0x08000217   Thumb Code     0  libinit2.o(.ARM.Collect$$libinit$$00000015)
    __rt_lib_init_lc_numeric_1               0x08000217   Thumb Code     0  libinit2.o(.ARM.Collect$$libinit$$00000017)
    __rt_lib_init_lc_time_1                  0x08000217   Thumb Code     0  libinit2.o(.ARM.Collect$$libinit$$00000019)
    __rt_lib_init_return                     0x08000217   Thumb Code     0  libinit2.o(.ARM.Collect$$libinit$$00000033)
    __rt_lib_init_signal_1                   0x08000217   Thumb Code     0  libinit2.o(.ARM.Collect$$libinit$$0000001D)
    __rt_lib_init_stdio_1                    0x08000217   Thumb Code     0  libinit2.o(.ARM.Collect$$libinit$$00000025)
    __rt_lib_shutdown                        0x08000219   Thumb Code     0  libshutdown.o(.ARM.Collect$$libshutdown$$00000000)
    __rt_lib_shutdown_cpp_1                  0x0800021b   Thumb Code     0  libshutdown2.o(.ARM.Collect$$libshutdown$$00000002)
    __rt_lib_shutdown_fp_trap_1              0x0800021b   Thumb Code     0  libshutdown2.o(.ARM.Collect$$libshutdown$$00000007)
    __rt_lib_shutdown_heap_1                 0x0800021b   Thumb Code     0  libshutdown2.o(.ARM.Collect$$libshutdown$$0000000F)
    __rt_lib_shutdown_return                 0x0800021b   Thumb Code     0  libshutdown2.o(.ARM.Collect$$libshutdown$$00000010)
    __rt_lib_shutdown_signal_1               0x0800021b   Thumb Code     0  libshutdown2.o(.ARM.Collect$$libshutdown$$0000000A)
    __rt_lib_shutdown_stdio_1                0x0800021b   Thumb Code     0  libshutdown2.o(.ARM.Collect$$libshutdown$$00000004)
    __rt_lib_shutdown_user_alloc_1           0x0800021b   Thumb Code     0  libshutdown2.o(.ARM.Collect$$libshutdown$$0000000C)
    __rt_entry                               0x0800021d   Thumb Code     0  __rtentry.o(.ARM.Collect$$rtentry$$00000000)
    __rt_entry_presh_1                       0x0800021d   Thumb Code     0  __rtentry2.o(.ARM.Collect$$rtentry$$00000002)
    __rt_entry_sh                            0x0800021d   Thumb Code     0  __rtentry4.o(.ARM.Collect$$rtentry$$00000004)
    __rt_entry_li                            0x08000223   Thumb Code     0  __rtentry2.o(.ARM.Collect$$rtentry$$0000000A)
    __rt_entry_postsh_1                      0x08000223   Thumb Code     0  __rtentry2.o(.ARM.Collect$$rtentry$$00000009)
    __rt_entry_main                          0x08000227   Thumb Code     0  __rtentry2.o(.ARM.Collect$$rtentry$$0000000D)
    __rt_entry_postli_1                      0x08000227   Thumb Code     0  __rtentry2.o(.ARM.Collect$$rtentry$$0000000C)
    __rt_exit                                0x0800022f   Thumb Code     0  rtexit.o(.ARM.Collect$$rtexit$$00000000)
    __rt_exit_ls                             0x08000231   Thumb Code     0  rtexit2.o(.ARM.Collect$$rtexit$$00000003)
    __rt_exit_prels_1                        0x08000231   Thumb Code     0  rtexit2.o(.ARM.Collect$$rtexit$$00000002)
    __rt_exit_exit                           0x08000235   Thumb Code     0  rtexit2.o(.ARM.Collect$$rtexit$$00000004)
    Reset_Handler                            0x0800023d   Thumb Code     8  startup_stm32f205xx.o(.text)
    ADC_IRQHandler                           0x08000257   Thumb Code     0  startup_stm32f205xx.o(.text)
    CAN1_RX0_IRQHandler                      0x08000257   Thumb Code     0  startup_stm32f205xx.o(.text)
    CAN1_RX1_IRQHandler                      0x08000257   Thumb Code     0  startup_stm32f205xx.o(.text)
    CAN1_SCE_IRQHandler                      0x08000257   Thumb Code     0  startup_stm32f205xx.o(.text)
    CAN1_TX_IRQHandler                       0x08000257   Thumb Code     0  startup_stm32f205xx.o(.text)
    CAN2_RX0_IRQHandler                      0x08000257   Thumb Code     0  startup_stm32f205xx.o(.text)
    CAN2_RX1_IRQHandler                      0x08000257   Thumb Code     0  startup_stm32f205xx.o(.text)
    CAN2_SCE_IRQHandler                      0x08000257   Thumb Code     0  startup_stm32f205xx.o(.text)
    CAN2_TX_IRQHandler                       0x08000257   Thumb Code     0  startup_stm32f205xx.o(.text)
    DMA1_Stream0_IRQHandler                  0x08000257   Thumb Code     0  startup_stm32f205xx.o(.text)
    DMA1_Stream1_IRQHandler                  0x08000257   Thumb Code     0  startup_stm32f205xx.o(.text)
    DMA1_Stream2_IRQHandler                  0x08000257   Thumb Code     0  startup_stm32f205xx.o(.text)
    DMA1_Stream3_IRQHandler                  0x08000257   Thumb Code     0  startup_stm32f205xx.o(.text)
    DMA1_Stream4_IRQHandler                  0x08000257   Thumb Code     0  startup_stm32f205xx.o(.text)
    DMA1_Stream5_IRQHandler                  0x08000257   Thumb Code     0  startup_stm32f205xx.o(.text)
    DMA1_Stream6_IRQHandler                  0x08000257   Thumb Code     0  startup_stm32f205xx.o(.text)
    DMA1_Stream7_IRQHandler                  0x08000257   Thumb Code     0  startup_stm32f205xx.o(.text)
    DMA2_Stream0_IRQHandler                  0x08000257   Thumb Code     0  startup_stm32f205xx.o(.text)
    DMA2_Stream1_IRQHandler                  0x08000257   Thumb Code     0  startup_stm32f205xx.o(.text)
    DMA2_Stream2_IRQHandler                  0x08000257   Thumb Code     0  startup_stm32f205xx.o(.text)
    DMA2_Stream3_IRQHandler                  0x08000257   Thumb Code     0  startup_stm32f205xx.o(.text)
    DMA2_Stream4_IRQHandler                  0x08000257   Thumb Code     0  startup_stm32f205xx.o(.text)
    DMA2_Stream5_IRQHandler                  0x08000257   Thumb Code     0  startup_stm32f205xx.o(.text)
    DMA2_Stream6_IRQHandler                  0x08000257   Thumb Code     0  startup_stm32f205xx.o(.text)
    DMA2_Stream7_IRQHandler                  0x08000257   Thumb Code     0  startup_stm32f205xx.o(.text)
    EXTI0_IRQHandler                         0x08000257   Thumb Code     0  startup_stm32f205xx.o(.text)
    EXTI15_10_IRQHandler                     0x08000257   Thumb Code     0  startup_stm32f205xx.o(.text)
    EXTI1_IRQHandler                         0x08000257   Thumb Code     0  startup_stm32f205xx.o(.text)
    EXTI2_IRQHandler                         0x08000257   Thumb Code     0  startup_stm32f205xx.o(.text)
    EXTI3_IRQHandler                         0x08000257   Thumb Code     0  startup_stm32f205xx.o(.text)
    EXTI4_IRQHandler                         0x08000257   Thumb Code     0  startup_stm32f205xx.o(.text)
    EXTI9_5_IRQHandler                       0x08000257   Thumb Code     0  startup_stm32f205xx.o(.text)
    FLASH_IRQHandler                         0x08000257   Thumb Code     0  startup_stm32f205xx.o(.text)
    FSMC_IRQHandler                          0x08000257   Thumb Code     0  startup_stm32f205xx.o(.text)
    HASH_RNG_IRQHandler                      0x08000257   Thumb Code     0  startup_stm32f205xx.o(.text)
    I2C1_ER_IRQHandler                       0x08000257   Thumb Code     0  startup_stm32f205xx.o(.text)
    I2C1_EV_IRQHandler                       0x08000257   Thumb Code     0  startup_stm32f205xx.o(.text)
    I2C2_ER_IRQHandler                       0x08000257   Thumb Code     0  startup_stm32f205xx.o(.text)
    I2C2_EV_IRQHandler                       0x08000257   Thumb Code     0  startup_stm32f205xx.o(.text)
    I2C3_ER_IRQHandler                       0x08000257   Thumb Code     0  startup_stm32f205xx.o(.text)
    I2C3_EV_IRQHandler                       0x08000257   Thumb Code     0  startup_stm32f205xx.o(.text)
    OTG_FS_IRQHandler                        0x08000257   Thumb Code     0  startup_stm32f205xx.o(.text)
    OTG_FS_WKUP_IRQHandler                   0x08000257   Thumb Code     0  startup_stm32f205xx.o(.text)
    OTG_HS_EP1_IN_IRQHandler                 0x08000257   Thumb Code     0  startup_stm32f205xx.o(.text)
    OTG_HS_EP1_OUT_IRQHandler                0x08000257   Thumb Code     0  startup_stm32f205xx.o(.text)
    OTG_HS_IRQHandler                        0x08000257   Thumb Code     0  startup_stm32f205xx.o(.text)
    OTG_HS_WKUP_IRQHandler                   0x08000257   Thumb Code     0  startup_stm32f205xx.o(.text)
    PVD_IRQHandler                           0x08000257   Thumb Code     0  startup_stm32f205xx.o(.text)
    RCC_IRQHandler                           0x08000257   Thumb Code     0  startup_stm32f205xx.o(.text)
    RTC_Alarm_IRQHandler                     0x08000257   Thumb Code     0  startup_stm32f205xx.o(.text)
    RTC_WKUP_IRQHandler                      0x08000257   Thumb Code     0  startup_stm32f205xx.o(.text)
    SDIO_IRQHandler                          0x08000257   Thumb Code     0  startup_stm32f205xx.o(.text)
    SPI2_IRQHandler                          0x08000257   Thumb Code     0  startup_stm32f205xx.o(.text)
    SPI3_IRQHandler                          0x08000257   Thumb Code     0  startup_stm32f205xx.o(.text)
    TAMP_STAMP_IRQHandler                    0x08000257   Thumb Code     0  startup_stm32f205xx.o(.text)
    TIM1_BRK_TIM9_IRQHandler                 0x08000257   Thumb Code     0  startup_stm32f205xx.o(.text)
    TIM1_CC_IRQHandler                       0x08000257   Thumb Code     0  startup_stm32f205xx.o(.text)
    TIM1_TRG_COM_TIM11_IRQHandler            0x08000257   Thumb Code     0  startup_stm32f205xx.o(.text)
    TIM1_UP_TIM10_IRQHandler                 0x08000257   Thumb Code     0  startup_stm32f205xx.o(.text)
    TIM3_IRQHandler                          0x08000257   Thumb Code     0  startup_stm32f205xx.o(.text)
    TIM4_IRQHandler                          0x08000257   Thumb Code     0  startup_stm32f205xx.o(.text)
    TIM5_IRQHandler                          0x08000257   Thumb Code     0  startup_stm32f205xx.o(.text)
    TIM6_DAC_IRQHandler                      0x08000257   Thumb Code     0  startup_stm32f205xx.o(.text)
    TIM7_IRQHandler                          0x08000257   Thumb Code     0  startup_stm32f205xx.o(.text)
    TIM8_BRK_TIM12_IRQHandler                0x08000257   Thumb Code     0  startup_stm32f205xx.o(.text)
    TIM8_CC_IRQHandler                       0x08000257   Thumb Code     0  startup_stm32f205xx.o(.text)
    TIM8_TRG_COM_TIM14_IRQHandler            0x08000257   Thumb Code     0  startup_stm32f205xx.o(.text)
    TIM8_UP_TIM13_IRQHandler                 0x08000257   Thumb Code     0  startup_stm32f205xx.o(.text)
    UART4_IRQHandler                         0x08000257   Thumb Code     0  startup_stm32f205xx.o(.text)
    UART5_IRQHandler                         0x08000257   Thumb Code     0  startup_stm32f205xx.o(.text)
    USART2_IRQHandler                        0x08000257   Thumb Code     0  startup_stm32f205xx.o(.text)
    USART3_IRQHandler                        0x08000257   Thumb Code     0  startup_stm32f205xx.o(.text)
    USART6_IRQHandler                        0x08000257   Thumb Code     0  startup_stm32f205xx.o(.text)
    WWDG_IRQHandler                          0x08000257   Thumb Code     0  startup_stm32f205xx.o(.text)
    __user_initial_stackheap                 0x08000259   Thumb Code     0  startup_stm32f205xx.o(.text)
    __aeabi_uldivmod                         0x0800027d   Thumb Code     0  lludivv7m.o(.text)
    _ll_udiv                                 0x0800027d   Thumb Code   238  lludivv7m.o(.text)
    __2sprintf                               0x0800036d   Thumb Code    34  noretval__2sprintf.o(.text)
    __printf                                 0x08000395   Thumb Code   104  __printf.o(.text)
    _printf_int_dec                          0x080003fd   Thumb Code   104  _printf_dec.o(.text)
    atoi                                     0x08000475   Thumb Code    26  atoi.o(.text)
    strstr                                   0x0800048f   Thumb Code    36  strstr.o(.text)
    strlen                                   0x080004b3   Thumb Code    62  strlen.o(.text)
    __aeabi_memclr                           0x080004f1   Thumb Code     0  rt_memclr.o(.text)
    __rt_memclr                              0x080004f1   Thumb Code    68  rt_memclr.o(.text)
    _memset                                  0x080004f5   Thumb Code     0  rt_memclr.o(.text)
    __aeabi_memclr4                          0x08000535   Thumb Code     0  rt_memclr_w.o(.text)
    __aeabi_memclr8                          0x08000535   Thumb Code     0  rt_memclr_w.o(.text)
    __rt_memclr_w                            0x08000535   Thumb Code    78  rt_memclr_w.o(.text)
    _memset_w                                0x08000539   Thumb Code     0  rt_memclr_w.o(.text)
    __use_two_region_memory                  0x08000583   Thumb Code     2  heapauxi.o(.text)
    __rt_heap_escrow$2region                 0x08000585   Thumb Code     2  heapauxi.o(.text)
    __rt_heap_expand$2region                 0x08000587   Thumb Code     2  heapauxi.o(.text)
    __aeabi_errno_addr                       0x08000589   Thumb Code     8  rt_errno_addr_intlibspace.o(.text)
    __errno$intlibspace                      0x08000589   Thumb Code     0  rt_errno_addr_intlibspace.o(.text)
    __rt_errno_addr$intlibspace              0x08000589   Thumb Code     0  rt_errno_addr_intlibspace.o(.text)
    _printf_int_common                       0x08000591   Thumb Code   178  _printf_intcommon.o(.text)
    _printf_char_common                      0x0800064f   Thumb Code    32  _printf_char_common.o(.text)
    _sputc                                   0x08000675   Thumb Code    10  _sputc.o(.text)
    strtol                                   0x0800067f   Thumb Code   112  strtol.o(.text)
    __user_libspace                          0x080006f1   Thumb Code     8  libspace.o(.text)
    __user_perproc_libspace                  0x080006f1   Thumb Code     0  libspace.o(.text)
    __user_perthread_libspace                0x080006f1   Thumb Code     0  libspace.o(.text)
    __rt_ctype_table                         0x080006f9   Thumb Code    16  rt_ctype_table.o(.text)
    _strtoul                                 0x08000709   Thumb Code   158  _strtoul.o(.text)
    __user_setup_stackheap                   0x080007a7   Thumb Code    74  sys_stackheap_outer.o(.text)
    __rt_locale                              0x080007f1   Thumb Code     8  rt_locale_intlibspace.o(.text)
    _chval                                   0x080007f9   Thumb Code    28  _chval.o(.text)
    exit                                     0x08000815   Thumb Code    18  exit.o(.text)
    strcmp                                   0x08000829   Thumb Code   128  strcmpv7m.o(.text)
    _sys_exit                                0x080008a9   Thumb Code     8  sys_exit.o(.text)
    __I$use$semihosting                      0x080008b5   Thumb Code     0  use_no_semi.o(.text)
    __use_no_semihosting_swi                 0x080008b5   Thumb Code     2  use_no_semi.o(.text)
    __semihosting_library_function           0x080008b7   Thumb Code     0  indicate_semi.o(.text)
    Buffer_Handler                           0x080008b9   Thumb Code    38  uart1.o(i.Buffer_Handler)
    BusFault_Handler                         0x080008e5   Thumb Code     2  stm32f2xx_it.o(i.BusFault_Handler)
    Config_Process                           0x080008e9   Thumb Code   184  uart1.o(i.Config_Process)
    DebugMon_Handler                         0x080009c1   Thumb Code     2  stm32f2xx_it.o(i.DebugMon_Handler)
    Erase_Sector                             0x080009c3   Thumb Code    28  flash_external.o(i.Erase_Sector)
    FLASH_Erase_Sector                       0x080009e1   Thumb Code    84  stm32f2xx_hal_flash_ex.o(i.FLASH_Erase_Sector)
    FLASH_FlushCaches                        0x08000a39   Thumb Code    80  stm32f2xx_hal_flash_ex.o(i.FLASH_FlushCaches)
    FLASH_WaitForLastOperation               0x08000bb1   Thumb Code    72  stm32f2xx_hal_flash.o(i.FLASH_WaitForLastOperation)
    Flash_EnableWrite                        0x08000c01   Thumb Code    40  flash_external.o(i.Flash_EnableWrite)
    Flash_Erase_Sector                       0x08000c2d   Thumb Code    72  flash_external.o(i.Flash_Erase_Sector)
    Flash_ReadBuffer                         0x08000c79   Thumb Code    82  flash_external.o(i.Flash_ReadBuffer)
    Flash_WaitForWriteEnd                    0x08000cd1   Thumb Code    60  flash_external.o(i.Flash_WaitForWriteEnd)
    Flash_WriteBuffer                        0x08000d11   Thumb Code   116  flash_external.o(i.Flash_WriteBuffer)
    Flash_Writepage                          0x08000d85   Thumb Code    84  flash_external.o(i.Flash_Writepage)
    HAL_DMA_Abort                            0x08000ddd   Thumb Code   146  stm32f2xx_hal_dma.o(i.HAL_DMA_Abort)
    HAL_DMA_Abort_IT                         0x08000e6f   Thumb Code    36  stm32f2xx_hal_dma.o(i.HAL_DMA_Abort_IT)
    HAL_DMA_GetError                         0x08000e93   Thumb Code     4  stm32f2xx_hal_dma.o(i.HAL_DMA_GetError)
    HAL_DeInit                               0x08000e99   Thumb Code    48  stm32f2xx_hal.o(i.HAL_DeInit)
    HAL_Delay                                0x08000ecd   Thumb Code    32  stm32f2xx_hal.o(i.HAL_Delay)
    HAL_FLASHEx_Erase                        0x08000ef1   Thumb Code   144  stm32f2xx_hal_flash_ex.o(i.HAL_FLASHEx_Erase)
    HAL_FLASH_Lock                           0x08000f89   Thumb Code    14  stm32f2xx_hal_flash.o(i.HAL_FLASH_Lock)
    HAL_FLASH_Program                        0x08000f9d   Thumb Code   116  stm32f2xx_hal_flash.o(i.HAL_FLASH_Program)
    HAL_FLASH_Unlock                         0x08001019   Thumb Code    32  stm32f2xx_hal_flash.o(i.HAL_FLASH_Unlock)
    HAL_GPIO_Init                            0x08001045   Thumb Code   598  stm32f2xx_hal_gpio.o(i.HAL_GPIO_Init)
    HAL_GPIO_WritePin                        0x080012cd   Thumb Code    10  stm32f2xx_hal_gpio.o(i.HAL_GPIO_WritePin)
    HAL_GetTick                              0x080012d9   Thumb Code     6  stm32f2xx_hal.o(i.HAL_GetTick)
    HAL_IncTick                              0x080012e5   Thumb Code    12  stm32f2xx_hal.o(i.HAL_IncTick)
    HAL_Init                                 0x080012f5   Thumb Code    48  stm32f2xx_hal.o(i.HAL_Init)
    HAL_InitTick                             0x08001329   Thumb Code    54  stm32f2xx_hal.o(i.HAL_InitTick)
    HAL_MspDeInit                            0x08001369   Thumb Code     2  stm32f2xx_hal.o(i.HAL_MspDeInit)
    HAL_MspInit                              0x0800136d   Thumb Code    42  stm32f2xx_hal_msp.o(i.HAL_MspInit)
    HAL_NVIC_EnableIRQ                       0x0800139d   Thumb Code    26  stm32f2xx_hal_cortex.o(i.HAL_NVIC_EnableIRQ)
    HAL_NVIC_SetPriority                     0x080013b9   Thumb Code    60  stm32f2xx_hal_cortex.o(i.HAL_NVIC_SetPriority)
    HAL_NVIC_SetPriorityGrouping             0x080013f9   Thumb Code    26  stm32f2xx_hal_cortex.o(i.HAL_NVIC_SetPriorityGrouping)
    HAL_RCC_ClockConfig                      0x0800141d   Thumb Code   296  stm32f2xx_hal_rcc.o(i.HAL_RCC_ClockConfig)
    HAL_RCC_GetPCLK1Freq                     0x08001559   Thumb Code    34  stm32f2xx_hal_rcc.o(i.HAL_RCC_GetPCLK1Freq)
    HAL_RCC_GetPCLK2Freq                     0x08001589   Thumb Code    34  stm32f2xx_hal_rcc.o(i.HAL_RCC_GetPCLK2Freq)
    HAL_RCC_GetSysClockFreq                  0x080015b9   Thumb Code    88  stm32f2xx_hal_rcc.o(i.HAL_RCC_GetSysClockFreq)
    HAL_RCC_OscConfig                        0x08001619   Thumb Code   800  stm32f2xx_hal_rcc.o(i.HAL_RCC_OscConfig)
    HAL_SPI_ErrorCallback                    0x08001951   Thumb Code     2  stm32f2xx_hal_spi.o(i.HAL_SPI_ErrorCallback)
    HAL_SPI_IRQHandler                       0x08001955   Thumb Code   246  stm32f2xx_hal_spi.o(i.HAL_SPI_IRQHandler)
    HAL_SPI_Init                             0x08001a51   Thumb Code   188  stm32f2xx_hal_spi.o(i.HAL_SPI_Init)
    HAL_SPI_MspInit                          0x08001b0d   Thumb Code   108  stm32f2xx_hal_msp.o(i.HAL_SPI_MspInit)
    HAL_SPI_TransmitReceive                  0x08001b85   Thumb Code   482  stm32f2xx_hal_spi.o(i.HAL_SPI_TransmitReceive)
    HAL_SYSTICK_Config                       0x08001d67   Thumb Code    40  stm32f2xx_hal_cortex.o(i.HAL_SYSTICK_Config)
    HAL_TIMEx_BreakCallback                  0x08001d8f   Thumb Code     2  stm32f2xx_hal_tim_ex.o(i.HAL_TIMEx_BreakCallback)
    HAL_TIMEx_CommutCallback                 0x08001d91   Thumb Code     2  stm32f2xx_hal_tim_ex.o(i.HAL_TIMEx_CommutCallback)
    HAL_TIMEx_MasterConfigSynchronization    0x08001d95   Thumb Code   116  stm32f2xx_hal_tim_ex.o(i.HAL_TIMEx_MasterConfigSynchronization)
    HAL_TIM_Base_Init                        0x08001e25   Thumb Code    90  stm32f2xx_hal_tim.o(i.HAL_TIM_Base_Init)
    HAL_TIM_Base_MspInit                     0x08001e81   Thumb Code    50  stm32f2xx_hal_msp.o(i.HAL_TIM_Base_MspInit)
    HAL_TIM_Base_Start_IT                    0x08001eb9   Thumb Code   100  stm32f2xx_hal_tim.o(i.HAL_TIM_Base_Start_IT)
    HAL_TIM_ConfigClockSource                0x08001f39   Thumb Code   214  stm32f2xx_hal_tim.o(i.HAL_TIM_ConfigClockSource)
    HAL_TIM_IC_CaptureCallback               0x0800200f   Thumb Code     2  stm32f2xx_hal_tim.o(i.HAL_TIM_IC_CaptureCallback)
    HAL_TIM_IRQHandler                       0x08002011   Thumb Code   358  stm32f2xx_hal_tim.o(i.HAL_TIM_IRQHandler)
    HAL_TIM_OC_DelayElapsedCallback          0x08002177   Thumb Code     2  stm32f2xx_hal_tim.o(i.HAL_TIM_OC_DelayElapsedCallback)
    HAL_TIM_PWM_PulseFinishedCallback        0x08002179   Thumb Code     2  stm32f2xx_hal_tim.o(i.HAL_TIM_PWM_PulseFinishedCallback)
    HAL_TIM_PeriodElapsedCallback            0x0800217b   Thumb Code     2  main.o(i.HAL_TIM_PeriodElapsedCallback)
    HAL_TIM_TriggerCallback                  0x0800217d   Thumb Code     2  stm32f2xx_hal_tim.o(i.HAL_TIM_TriggerCallback)
    HAL_UARTEx_RxEventCallback               0x0800217f   Thumb Code     2  stm32f2xx_hal_uart.o(i.HAL_UARTEx_RxEventCallback)
    HAL_UART_Abort                           0x08002181   Thumb Code   156  stm32f2xx_hal_uart.o(i.HAL_UART_Abort)
    HAL_UART_ErrorCallback                   0x0800221d   Thumb Code     2  stm32f2xx_hal_uart.o(i.HAL_UART_ErrorCallback)
    HAL_UART_GetState                        0x0800221f   Thumb Code    10  stm32f2xx_hal_uart.o(i.HAL_UART_GetState)
    HAL_UART_IRQHandler                      0x08002229   Thumb Code   522  stm32f2xx_hal_uart.o(i.HAL_UART_IRQHandler)
    HAL_UART_Init                            0x08002439   Thumb Code    98  stm32f2xx_hal_uart.o(i.HAL_UART_Init)
    HAL_UART_MspInit                         0x0800249d   Thumb Code   110  stm32f2xx_hal_msp.o(i.HAL_UART_MspInit)
    HAL_UART_RxCpltCallback                  0x08002519   Thumb Code     2  stm32f2xx_hal_uart.o(i.HAL_UART_RxCpltCallback)
    HAL_UART_Transmit                        0x0800251d   Thumb Code   178  stm32f2xx_hal_uart.o(i.HAL_UART_Transmit)
    HAL_UART_TxCpltCallback                  0x080025cf   Thumb Code     2  stm32f2xx_hal_uart.o(i.HAL_UART_TxCpltCallback)
    HardFault_Handler                        0x080025d1   Thumb Code     2  stm32f2xx_it.o(i.HardFault_Handler)
    MemManage_Handler                        0x08002741   Thumb Code     2  stm32f2xx_it.o(i.MemManage_Handler)
    NMI_Handler                              0x08002743   Thumb Code     2  stm32f2xx_it.o(i.NMI_Handler)
    PendSV_Handler                           0x08002745   Thumb Code     2  stm32f2xx_it.o(i.PendSV_Handler)
    Ring_Buffer_Read                         0x08002747   Thumb Code    38  uart1.o(i.Ring_Buffer_Read)
    Ring_Buffer_Write                        0x0800276d   Thumb Code    28  uart1.o(i.Ring_Buffer_Write)
    SPI1_IRQHandler                          0x08002789   Thumb Code     6  stm32f2xx_it.o(i.SPI1_IRQHandler)
    SPI_Sendata                              0x080027c5   Thumb Code    84  flash_external.o(i.SPI_Sendata)
    SVC_Handler                              0x080028d5   Thumb Code     2  stm32f2xx_it.o(i.SVC_Handler)
    SysTick_Handler                          0x080028d9   Thumb Code    66  stm32f2xx_it.o(i.SysTick_Handler)
    SystemClock_Config                       0x08002925   Thumb Code    74  main.o(i.SystemClock_Config)
    SystemInit                               0x0800296f   Thumb Code     2  system_stm32f2xx.o(i.SystemInit)
    TIM2_IRQHandler                          0x08002971   Thumb Code     6  stm32f2xx_it.o(i.TIM2_IRQHandler)
    TIM_Base_SetConfig                       0x0800297d   Thumb Code   156  stm32f2xx_hal_tim.o(i.TIM_Base_SetConfig)
    TIM_ETR_SetConfig                        0x08002a45   Thumb Code    20  stm32f2xx_hal_tim.o(i.TIM_ETR_SetConfig)
    TachDuLieu                               0x08002aaf   Thumb Code    76  uart1.o(i.TachDuLieu)
    TimViTriKyTu                             0x08002afb   Thumb Code    40  uart1.o(i.TimViTriKyTu)
    USART1_IRQHandler                        0x08002da1   Thumb Code    32  stm32f2xx_it.o(i.USART1_IRQHandler)
    UsageFault_Handler                       0x08002dd1   Thumb Code     2  stm32f2xx_it.o(i.UsageFault_Handler)
    flash_erase                              0x08002df3   Thumb Code    58  flash.o(i.flash_erase)
    flash_jump_to_app                        0x08002e2d   Thumb Code    24  flash.o(i.flash_jump_to_app)
    flash_write                              0x08002e49   Thumb Code    90  flash.o(i.flash_write)
    main                                     0x08002ea9   Thumb Code   134  main.o(i.main)
    mem_set                                  0x08002f59   Thumb Code    14  main.o(i.mem_set)
    uart_receive                             0x08002f69   Thumb Code    34  uart1.o(i.uart_receive)
    uart_transmit_ch                         0x08002f91   Thumb Code    42  uart1.o(i.uart_transmit_ch)
    uart_transmit_str                        0x08002fc1   Thumb Code    38  uart1.o(i.uart_transmit_str)
    xmodem_receive                           0x080030f9   Thumb Code   208  xmodem.o(i.xmodem_receive)
    _get_lc_ctype                            0x080031e9   Thumb Code    44  lc_ctype_c.o(locale$$code)
    AHBPrescTable                            0x08003214   Data          16  system_stm32f2xx.o(.constdata)
    APBPrescTable                            0x08003224   Data           8  system_stm32f2xx.o(.constdata)
    Region$$Table$$Base                      0x0800322c   Number         0  anon$$obj.o(Region$$Table)
    Region$$Table$$Limit                     0x0800324c   Number         0  anon$$obj.o(Region$$Table)
    __ctype                                  0x08003259   Data           0  lc_ctype_c.o(locale$$data)
    uwTickFreq                               0x20000000   Data           1  stm32f2xx_hal.o(.data)
    uwTickPrio                               0x20000004   Data           4  stm32f2xx_hal.o(.data)
    uwTick                                   0x20000008   Data           4  stm32f2xx_hal.o(.data)
    SystemCoreClock                          0x20000014   Data           4  system_stm32f2xx.o(.data)
    UART1_Data                               0x20000018   Data        1506  uart1.o(.bss)
    Config                                   0x200005fa   Data        2608  uart1.o(.bss)
    hspi1                                    0x2000102c   Data          88  main.o(.bss)
    htim2                                    0x20001084   Data          72  main.o(.bss)
    huart1                                   0x200010cc   Data          68  main.o(.bss)
    pFlash                                   0x20001110   Data          32  stm32f2xx_hal_flash.o(.bss)
    Packet                                   0x20001130   Data        1028  xmodem.o(.bss)
    __libspace_start                         0x20001534   Data          96  libspace.o(.bss)
    __temporary_stack_top$libspace           0x20001594   Data           0  libspace.o(.bss)



==============================================================================

Memory Map of the image

  Image Entry point : 0x08000185

  Load Region LR_IROM1 (Base: 0x08000000, Size: 0x00003374, Max: 0x00040000, ABSOLUTE)

    Execution Region ER_IROM1 (Exec base: 0x08000000, Load base: 0x08000000, Size: 0x0000335c, Max: 0x00040000, ABSOLUTE)

    Exec Addr    Load Addr    Size         Type   Attr      Idx    E Section Name        Object

    0x08000000   0x08000000   0x00000184   Data   RO            3    RESET               startup_stm32f205xx.o
    0x08000184   0x08000184   0x00000008   Code   RO         3711  * !!!main             c_w.l(__main.o)
    0x0800018c   0x0800018c   0x00000034   Code   RO         3910    !!!scatter          c_w.l(__scatter.o)
    0x080001c0   0x080001c0   0x0000001a   Code   RO         3912    !!handler_copy      c_w.l(__scatter_copy.o)
    0x080001da   0x080001da   0x00000002   PAD
    0x080001dc   0x080001dc   0x0000001c   Code   RO         3914    !!handler_zi        c_w.l(__scatter_zi.o)
    0x080001f8   0x080001f8   0x00000000   Code   RO         3698    .ARM.Collect$$_printf_percent$$00000000  c_w.l(_printf_percent.o)
    0x080001f8   0x080001f8   0x00000006   Code   RO         3697    .ARM.Collect$$_printf_percent$$00000009  c_w.l(_printf_d.o)
    0x080001fe   0x080001fe   0x00000004   Code   RO         3729    .ARM.Collect$$_printf_percent$$00000017  c_w.l(_printf_percent_end.o)
    0x08000202   0x08000202   0x00000002   Code   RO         3781    .ARM.Collect$$libinit$$00000000  c_w.l(libinit.o)
    0x08000204   0x08000204   0x00000000   Code   RO         3793    .ARM.Collect$$libinit$$00000002  c_w.l(libinit2.o)
    0x08000204   0x08000204   0x00000000   Code   RO         3795    .ARM.Collect$$libinit$$00000004  c_w.l(libinit2.o)
    0x08000204   0x08000204   0x00000000   Code   RO         3798    .ARM.Collect$$libinit$$0000000A  c_w.l(libinit2.o)
    0x08000204   0x08000204   0x00000000   Code   RO         3800    .ARM.Collect$$libinit$$0000000C  c_w.l(libinit2.o)
    0x08000204   0x08000204   0x00000000   Code   RO         3802    .ARM.Collect$$libinit$$0000000E  c_w.l(libinit2.o)
    0x08000204   0x08000204   0x00000006   Code   RO         3803    .ARM.Collect$$libinit$$0000000F  c_w.l(libinit2.o)
    0x0800020a   0x0800020a   0x00000000   Code   RO         3805    .ARM.Collect$$libinit$$00000011  c_w.l(libinit2.o)
    0x0800020a   0x0800020a   0x0000000c   Code   RO         3806    .ARM.Collect$$libinit$$00000012  c_w.l(libinit2.o)
    0x08000216   0x08000216   0x00000000   Code   RO         3807    .ARM.Collect$$libinit$$00000013  c_w.l(libinit2.o)
    0x08000216   0x08000216   0x00000000   Code   RO         3809    .ARM.Collect$$libinit$$00000015  c_w.l(libinit2.o)
    0x08000216   0x08000216   0x00000000   Code   RO         3811    .ARM.Collect$$libinit$$00000017  c_w.l(libinit2.o)
    0x08000216   0x08000216   0x00000000   Code   RO         3813    .ARM.Collect$$libinit$$00000019  c_w.l(libinit2.o)
    0x08000216   0x08000216   0x00000000   Code   RO         3815    .ARM.Collect$$libinit$$0000001B  c_w.l(libinit2.o)
    0x08000216   0x08000216   0x00000000   Code   RO         3817    .ARM.Collect$$libinit$$0000001D  c_w.l(libinit2.o)
    0x08000216   0x08000216   0x00000000   Code   RO         3819    .ARM.Collect$$libinit$$0000001F  c_w.l(libinit2.o)
    0x08000216   0x08000216   0x00000000   Code   RO         3821    .ARM.Collect$$libinit$$00000021  c_w.l(libinit2.o)
    0x08000216   0x08000216   0x00000000   Code   RO         3823    .ARM.Collect$$libinit$$00000023  c_w.l(libinit2.o)
    0x08000216   0x08000216   0x00000000   Code   RO         3825    .ARM.Collect$$libinit$$00000025  c_w.l(libinit2.o)
    0x08000216   0x08000216   0x00000000   Code   RO         3829    .ARM.Collect$$libinit$$0000002C  c_w.l(libinit2.o)
    0x08000216   0x08000216   0x00000000   Code   RO         3831    .ARM.Collect$$libinit$$0000002E  c_w.l(libinit2.o)
    0x08000216   0x08000216   0x00000000   Code   RO         3833    .ARM.Collect$$libinit$$00000030  c_w.l(libinit2.o)
    0x08000216   0x08000216   0x00000000   Code   RO         3835    .ARM.Collect$$libinit$$00000032  c_w.l(libinit2.o)
    0x08000216   0x08000216   0x00000002   Code   RO         3836    .ARM.Collect$$libinit$$00000033  c_w.l(libinit2.o)
    0x08000218   0x08000218   0x00000002   Code   RO         3867    .ARM.Collect$$libshutdown$$00000000  c_w.l(libshutdown.o)
    0x0800021a   0x0800021a   0x00000000   Code   RO         3893    .ARM.Collect$$libshutdown$$00000002  c_w.l(libshutdown2.o)
    0x0800021a   0x0800021a   0x00000000   Code   RO         3895    .ARM.Collect$$libshutdown$$00000004  c_w.l(libshutdown2.o)
    0x0800021a   0x0800021a   0x00000000   Code   RO         3898    .ARM.Collect$$libshutdown$$00000007  c_w.l(libshutdown2.o)
    0x0800021a   0x0800021a   0x00000000   Code   RO         3901    .ARM.Collect$$libshutdown$$0000000A  c_w.l(libshutdown2.o)
    0x0800021a   0x0800021a   0x00000000   Code   RO         3903    .ARM.Collect$$libshutdown$$0000000C  c_w.l(libshutdown2.o)
    0x0800021a   0x0800021a   0x00000000   Code   RO         3906    .ARM.Collect$$libshutdown$$0000000F  c_w.l(libshutdown2.o)
    0x0800021a   0x0800021a   0x00000002   Code   RO         3907    .ARM.Collect$$libshutdown$$00000010  c_w.l(libshutdown2.o)
    0x0800021c   0x0800021c   0x00000000   Code   RO         3713    .ARM.Collect$$rtentry$$00000000  c_w.l(__rtentry.o)
    0x0800021c   0x0800021c   0x00000000   Code   RO         3736    .ARM.Collect$$rtentry$$00000002  c_w.l(__rtentry2.o)
    0x0800021c   0x0800021c   0x00000006   Code   RO         3748    .ARM.Collect$$rtentry$$00000004  c_w.l(__rtentry4.o)
    0x08000222   0x08000222   0x00000000   Code   RO         3738    .ARM.Collect$$rtentry$$00000009  c_w.l(__rtentry2.o)
    0x08000222   0x08000222   0x00000004   Code   RO         3739    .ARM.Collect$$rtentry$$0000000A  c_w.l(__rtentry2.o)
    0x08000226   0x08000226   0x00000000   Code   RO         3741    .ARM.Collect$$rtentry$$0000000C  c_w.l(__rtentry2.o)
    0x08000226   0x08000226   0x00000008   Code   RO         3742    .ARM.Collect$$rtentry$$0000000D  c_w.l(__rtentry2.o)
    0x0800022e   0x0800022e   0x00000002   Code   RO         3782    .ARM.Collect$$rtexit$$00000000  c_w.l(rtexit.o)
    0x08000230   0x08000230   0x00000000   Code   RO         3840    .ARM.Collect$$rtexit$$00000002  c_w.l(rtexit2.o)
    0x08000230   0x08000230   0x00000004   Code   RO         3841    .ARM.Collect$$rtexit$$00000003  c_w.l(rtexit2.o)
    0x08000234   0x08000234   0x00000006   Code   RO         3842    .ARM.Collect$$rtexit$$00000004  c_w.l(rtexit2.o)
    0x0800023a   0x0800023a   0x00000002   PAD
    0x0800023c   0x0800023c   0x00000040   Code   RO            4    .text               startup_stm32f205xx.o
    0x0800027c   0x0800027c   0x000000ee   Code   RO         3667    .text               c_w.l(lludivv7m.o)
    0x0800036a   0x0800036a   0x00000002   PAD
    0x0800036c   0x0800036c   0x00000028   Code   RO         3671    .text               c_w.l(noretval__2sprintf.o)
    0x08000394   0x08000394   0x00000068   Code   RO         3673    .text               c_w.l(__printf.o)
    0x080003fc   0x080003fc   0x00000078   Code   RO         3675    .text               c_w.l(_printf_dec.o)
    0x08000474   0x08000474   0x0000001a   Code   RO         3699    .text               c_w.l(atoi.o)
    0x0800048e   0x0800048e   0x00000024   Code   RO         3701    .text               c_w.l(strstr.o)
    0x080004b2   0x080004b2   0x0000003e   Code   RO         3703    .text               c_w.l(strlen.o)
    0x080004f0   0x080004f0   0x00000044   Code   RO         3705    .text               c_w.l(rt_memclr.o)
    0x08000534   0x08000534   0x0000004e   Code   RO         3707    .text               c_w.l(rt_memclr_w.o)
    0x08000582   0x08000582   0x00000006   Code   RO         3709    .text               c_w.l(heapauxi.o)
    0x08000588   0x08000588   0x00000008   Code   RO         3721    .text               c_w.l(rt_errno_addr_intlibspace.o)
    0x08000590   0x08000590   0x000000b2   Code   RO         3723    .text               c_w.l(_printf_intcommon.o)
    0x08000642   0x08000642   0x00000002   PAD
    0x08000644   0x08000644   0x00000030   Code   RO         3725    .text               c_w.l(_printf_char_common.o)
    0x08000674   0x08000674   0x0000000a   Code   RO         3727    .text               c_w.l(_sputc.o)
    0x0800067e   0x0800067e   0x00000070   Code   RO         3730    .text               c_w.l(strtol.o)
    0x080006ee   0x080006ee   0x00000002   PAD
    0x080006f0   0x080006f0   0x00000008   Code   RO         3732    .text               c_w.l(libspace.o)
    0x080006f8   0x080006f8   0x00000010   Code   RO         3750    .text               c_w.l(rt_ctype_table.o)
    0x08000708   0x08000708   0x0000009e   Code   RO         3756    .text               c_w.l(_strtoul.o)
    0x080007a6   0x080007a6   0x0000004a   Code   RO         3758    .text               c_w.l(sys_stackheap_outer.o)
    0x080007f0   0x080007f0   0x00000008   Code   RO         3763    .text               c_w.l(rt_locale_intlibspace.o)
    0x080007f8   0x080007f8   0x0000001c   Code   RO         3765    .text               c_w.l(_chval.o)
    0x08000814   0x08000814   0x00000012   Code   RO         3770    .text               c_w.l(exit.o)
    0x08000826   0x08000826   0x00000002   PAD
    0x08000828   0x08000828   0x00000080   Code   RO         3790    .text               c_w.l(strcmpv7m.o)
    0x080008a8   0x080008a8   0x0000000c   Code   RO         3837    .text               c_w.l(sys_exit.o)
    0x080008b4   0x080008b4   0x00000002   Code   RO         3856    .text               c_w.l(use_no_semi.o)
    0x080008b6   0x080008b6   0x00000000   Code   RO         3858    .text               c_w.l(indicate_semi.o)
    0x080008b6   0x080008b6   0x00000002   PAD
    0x080008b8   0x080008b8   0x0000002c   Code   RO           13    i.Buffer_Handler    uart1.o
    0x080008e4   0x080008e4   0x00000002   Code   RO          597    i.BusFault_Handler  stm32f2xx_it.o
    0x080008e6   0x080008e6   0x00000002   PAD
    0x080008e8   0x080008e8   0x000000d8   Code   RO           14    i.Config_Process    uart1.o
    0x080009c0   0x080009c0   0x00000002   Code   RO          598    i.DebugMon_Handler  stm32f2xx_it.o
    0x080009c2   0x080009c2   0x0000001c   Code   RO          330    i.Erase_Sector      flash_external.o
    0x080009de   0x080009de   0x00000002   PAD
    0x080009e0   0x080009e0   0x00000058   Code   RO         1747    i.FLASH_Erase_Sector  stm32f2xx_hal_flash_ex.o
    0x08000a38   0x08000a38   0x00000054   Code   RO         1748    i.FLASH_FlushCaches  stm32f2xx_hal_flash_ex.o
    0x08000a8c   0x08000a8c   0x00000028   Code   RO         1749    i.FLASH_MassErase   stm32f2xx_hal_flash_ex.o
    0x08000ab4   0x08000ab4   0x00000020   Code   RO         1629    i.FLASH_Program_Byte  stm32f2xx_hal_flash.o
    0x08000ad4   0x08000ad4   0x0000002c   Code   RO         1630    i.FLASH_Program_DoubleWord  stm32f2xx_hal_flash.o
    0x08000b00   0x08000b00   0x00000024   Code   RO         1631    i.FLASH_Program_HalfWord  stm32f2xx_hal_flash.o
    0x08000b24   0x08000b24   0x00000024   Code   RO         1632    i.FLASH_Program_Word  stm32f2xx_hal_flash.o
    0x08000b48   0x08000b48   0x00000068   Code   RO         1633    i.FLASH_SetErrorCode  stm32f2xx_hal_flash.o
    0x08000bb0   0x08000bb0   0x00000050   Code   RO         1634    i.FLASH_WaitForLastOperation  stm32f2xx_hal_flash.o
    0x08000c00   0x08000c00   0x0000002c   Code   RO          331    i.Flash_EnableWrite  flash_external.o
    0x08000c2c   0x08000c2c   0x0000004c   Code   RO          332    i.Flash_Erase_Sector  flash_external.o
    0x08000c78   0x08000c78   0x00000058   Code   RO          333    i.Flash_ReadBuffer  flash_external.o
    0x08000cd0   0x08000cd0   0x00000040   Code   RO          335    i.Flash_WaitForWriteEnd  flash_external.o
    0x08000d10   0x08000d10   0x00000074   Code   RO          336    i.Flash_WriteBuffer  flash_external.o
    0x08000d84   0x08000d84   0x00000058   Code   RO          337    i.Flash_Writepage   flash_external.o
    0x08000ddc   0x08000ddc   0x00000092   Code   RO         2038    i.HAL_DMA_Abort     stm32f2xx_hal_dma.o
    0x08000e6e   0x08000e6e   0x00000024   Code   RO         2039    i.HAL_DMA_Abort_IT  stm32f2xx_hal_dma.o
    0x08000e92   0x08000e92   0x00000004   Code   RO         2041    i.HAL_DMA_GetError  stm32f2xx_hal_dma.o
    0x08000e96   0x08000e96   0x00000002   PAD
    0x08000e98   0x08000e98   0x00000034   Code   RO         1170    i.HAL_DeInit        stm32f2xx_hal.o
    0x08000ecc   0x08000ecc   0x00000024   Code   RO         1171    i.HAL_Delay         stm32f2xx_hal.o
    0x08000ef0   0x08000ef0   0x00000098   Code   RO         1750    i.HAL_FLASHEx_Erase  stm32f2xx_hal_flash_ex.o
    0x08000f88   0x08000f88   0x00000014   Code   RO         1638    i.HAL_FLASH_Lock    stm32f2xx_hal_flash.o
    0x08000f9c   0x08000f9c   0x0000007c   Code   RO         1643    i.HAL_FLASH_Program  stm32f2xx_hal_flash.o
    0x08001018   0x08001018   0x0000002c   Code   RO         1645    i.HAL_FLASH_Unlock  stm32f2xx_hal_flash.o
    0x08001044   0x08001044   0x00000288   Code   RO         1972    i.HAL_GPIO_Init     stm32f2xx_hal_gpio.o
    0x080012cc   0x080012cc   0x0000000a   Code   RO         1976    i.HAL_GPIO_WritePin  stm32f2xx_hal_gpio.o
    0x080012d6   0x080012d6   0x00000002   PAD
    0x080012d8   0x080012d8   0x0000000c   Code   RO         1177    i.HAL_GetTick       stm32f2xx_hal.o
    0x080012e4   0x080012e4   0x00000010   Code   RO         1183    i.HAL_IncTick       stm32f2xx_hal.o
    0x080012f4   0x080012f4   0x00000034   Code   RO         1184    i.HAL_Init          stm32f2xx_hal.o
    0x08001328   0x08001328   0x00000040   Code   RO         1185    i.HAL_InitTick      stm32f2xx_hal.o
    0x08001368   0x08001368   0x00000002   Code   RO         1186    i.HAL_MspDeInit     stm32f2xx_hal.o
    0x0800136a   0x0800136a   0x00000002   PAD
    0x0800136c   0x0800136c   0x00000030   Code   RO          695    i.HAL_MspInit       stm32f2xx_hal_msp.o
    0x0800139c   0x0800139c   0x0000001a   Code   RO         1499    i.HAL_NVIC_EnableIRQ  stm32f2xx_hal_cortex.o
    0x080013b6   0x080013b6   0x00000002   PAD
    0x080013b8   0x080013b8   0x00000040   Code   RO         1505    i.HAL_NVIC_SetPriority  stm32f2xx_hal_cortex.o
    0x080013f8   0x080013f8   0x00000024   Code   RO         1506    i.HAL_NVIC_SetPriorityGrouping  stm32f2xx_hal_cortex.o
    0x0800141c   0x0800141c   0x0000013c   Code   RO         1351    i.HAL_RCC_ClockConfig  stm32f2xx_hal_rcc.o
    0x08001558   0x08001558   0x00000030   Code   RO         1358    i.HAL_RCC_GetPCLK1Freq  stm32f2xx_hal_rcc.o
    0x08001588   0x08001588   0x00000030   Code   RO         1359    i.HAL_RCC_GetPCLK2Freq  stm32f2xx_hal_rcc.o
    0x080015b8   0x080015b8   0x00000060   Code   RO         1360    i.HAL_RCC_GetSysClockFreq  stm32f2xx_hal_rcc.o
    0x08001618   0x08001618   0x00000338   Code   RO         1363    i.HAL_RCC_OscConfig  stm32f2xx_hal_rcc.o
    0x08001950   0x08001950   0x00000002   Code   RO          762    i.HAL_SPI_ErrorCallback  stm32f2xx_hal_spi.o
    0x08001952   0x08001952   0x00000002   PAD
    0x08001954   0x08001954   0x000000fc   Code   RO          765    i.HAL_SPI_IRQHandler  stm32f2xx_hal_spi.o
    0x08001a50   0x08001a50   0x000000bc   Code   RO          766    i.HAL_SPI_Init      stm32f2xx_hal_spi.o
    0x08001b0c   0x08001b0c   0x00000078   Code   RO          697    i.HAL_SPI_MspInit   stm32f2xx_hal_msp.o
    0x08001b84   0x08001b84   0x000001e2   Code   RO          775    i.HAL_SPI_TransmitReceive  stm32f2xx_hal_spi.o
    0x08001d66   0x08001d66   0x00000028   Code   RO         1510    i.HAL_SYSTICK_Config  stm32f2xx_hal_cortex.o
    0x08001d8e   0x08001d8e   0x00000002   Code   RO         2960    i.HAL_TIMEx_BreakCallback  stm32f2xx_hal_tim_ex.o
    0x08001d90   0x08001d90   0x00000002   Code   RO         2961    i.HAL_TIMEx_CommutCallback  stm32f2xx_hal_tim_ex.o
    0x08001d92   0x08001d92   0x00000002   PAD
    0x08001d94   0x08001d94   0x00000090   Code   RO         2979    i.HAL_TIMEx_MasterConfigSynchronization  stm32f2xx_hal_tim_ex.o
    0x08001e24   0x08001e24   0x0000005a   Code   RO         2256    i.HAL_TIM_Base_Init  stm32f2xx_hal_tim.o
    0x08001e7e   0x08001e7e   0x00000002   PAD
    0x08001e80   0x08001e80   0x00000038   Code   RO          699    i.HAL_TIM_Base_MspInit  stm32f2xx_hal_msp.o
    0x08001eb8   0x08001eb8   0x00000080   Code   RO         2261    i.HAL_TIM_Base_Start_IT  stm32f2xx_hal_tim.o
    0x08001f38   0x08001f38   0x000000d6   Code   RO         2265    i.HAL_TIM_ConfigClockSource  stm32f2xx_hal_tim.o
    0x0800200e   0x0800200e   0x00000002   Code   RO         2290    i.HAL_TIM_IC_CaptureCallback  stm32f2xx_hal_tim.o
    0x08002010   0x08002010   0x00000166   Code   RO         2304    i.HAL_TIM_IRQHandler  stm32f2xx_hal_tim.o
    0x08002176   0x08002176   0x00000002   Code   RO         2307    i.HAL_TIM_OC_DelayElapsedCallback  stm32f2xx_hal_tim.o
    0x08002178   0x08002178   0x00000002   Code   RO         2334    i.HAL_TIM_PWM_PulseFinishedCallback  stm32f2xx_hal_tim.o
    0x0800217a   0x0800217a   0x00000002   Code   RO          423    i.HAL_TIM_PeriodElapsedCallback  main.o
    0x0800217c   0x0800217c   0x00000002   Code   RO         2347    i.HAL_TIM_TriggerCallback  stm32f2xx_hal_tim.o
    0x0800217e   0x0800217e   0x00000002   Code   RO         3238    i.HAL_UARTEx_RxEventCallback  stm32f2xx_hal_uart.o
    0x08002180   0x08002180   0x0000009c   Code   RO         3239    i.HAL_UART_Abort    stm32f2xx_hal_uart.o
    0x0800221c   0x0800221c   0x00000002   Code   RO         3252    i.HAL_UART_ErrorCallback  stm32f2xx_hal_uart.o
    0x0800221e   0x0800221e   0x0000000a   Code   RO         3254    i.HAL_UART_GetState  stm32f2xx_hal_uart.o
    0x08002228   0x08002228   0x00000210   Code   RO         3255    i.HAL_UART_IRQHandler  stm32f2xx_hal_uart.o
    0x08002438   0x08002438   0x00000062   Code   RO         3256    i.HAL_UART_Init     stm32f2xx_hal_uart.o
    0x0800249a   0x0800249a   0x00000002   PAD
    0x0800249c   0x0800249c   0x0000007c   Code   RO          701    i.HAL_UART_MspInit  stm32f2xx_hal_msp.o
    0x08002518   0x08002518   0x00000002   Code   RO         3262    i.HAL_UART_RxCpltCallback  stm32f2xx_hal_uart.o
    0x0800251a   0x0800251a   0x00000002   PAD
    0x0800251c   0x0800251c   0x000000b2   Code   RO         3264    i.HAL_UART_Transmit  stm32f2xx_hal_uart.o
    0x080025ce   0x080025ce   0x00000002   Code   RO         3267    i.HAL_UART_TxCpltCallback  stm32f2xx_hal_uart.o
    0x080025d0   0x080025d0   0x00000002   Code   RO          599    i.HardFault_Handler  stm32f2xx_it.o
    0x080025d2   0x080025d2   0x00000002   PAD
    0x080025d4   0x080025d4   0x000000cc   Code   RO          424    i.MX_GPIO_Init      main.o
    0x080026a0   0x080026a0   0x00000040   Code   RO          425    i.MX_SPI1_Init      main.o
    0x080026e0   0x080026e0   0x00000060   Code   RO          426    i.MX_TIM2_Init      main.o
    0x08002740   0x08002740   0x00000002   Code   RO          600    i.MemManage_Handler  stm32f2xx_it.o
    0x08002742   0x08002742   0x00000002   Code   RO          601    i.NMI_Handler       stm32f2xx_it.o
    0x08002744   0x08002744   0x00000002   Code   RO          602    i.PendSV_Handler    stm32f2xx_it.o
    0x08002746   0x08002746   0x00000026   Code   RO           15    i.Ring_Buffer_Read  uart1.o
    0x0800276c   0x0800276c   0x0000001c   Code   RO           16    i.Ring_Buffer_Write  uart1.o
    0x08002788   0x08002788   0x0000000c   Code   RO          603    i.SPI1_IRQHandler   stm32f2xx_it.o
    0x08002794   0x08002794   0x00000010   Code   RO          793    i.SPI_DMAAbortOnError  stm32f2xx_hal_spi.o
    0x080027a4   0x080027a4   0x00000020   Code   RO          804    i.SPI_EndRxTxTransaction  stm32f2xx_hal_spi.o
    0x080027c4   0x080027c4   0x00000058   Code   RO          338    i.SPI_Sendata       flash_external.o
    0x0800281c   0x0800281c   0x000000b8   Code   RO          809    i.SPI_WaitFlagStateUntilTimeout  stm32f2xx_hal_spi.o
    0x080028d4   0x080028d4   0x00000002   Code   RO          604    i.SVC_Handler       stm32f2xx_it.o
    0x080028d6   0x080028d6   0x00000002   PAD
    0x080028d8   0x080028d8   0x0000004c   Code   RO          605    i.SysTick_Handler   stm32f2xx_it.o
    0x08002924   0x08002924   0x0000004a   Code   RO          427    i.SystemClock_Config  main.o
    0x0800296e   0x0800296e   0x00000002   Code   RO         3631    i.SystemInit        system_stm32f2xx.o
    0x08002970   0x08002970   0x0000000c   Code   RO          606    i.TIM2_IRQHandler   stm32f2xx_it.o
    0x0800297c   0x0800297c   0x000000c8   Code   RO         2349    i.TIM_Base_SetConfig  stm32f2xx_hal_tim.o
    0x08002a44   0x08002a44   0x00000014   Code   RO         2360    i.TIM_ETR_SetConfig  stm32f2xx_hal_tim.o
    0x08002a58   0x08002a58   0x00000010   Code   RO         2361    i.TIM_ITRx_SetConfig  stm32f2xx_hal_tim.o
    0x08002a68   0x08002a68   0x00000022   Code   RO         2367    i.TIM_TI1_ConfigInputStage  stm32f2xx_hal_tim.o
    0x08002a8a   0x08002a8a   0x00000024   Code   RO         2369    i.TIM_TI2_ConfigInputStage  stm32f2xx_hal_tim.o
    0x08002aae   0x08002aae   0x0000004c   Code   RO           17    i.TachDuLieu        uart1.o
    0x08002afa   0x08002afa   0x00000028   Code   RO           18    i.TimViTriKyTu      uart1.o
    0x08002b22   0x08002b22   0x00000010   Code   RO         3269    i.UART_DMAAbortOnError  stm32f2xx_hal_uart.o
    0x08002b32   0x08002b32   0x00000030   Code   RO         3279    i.UART_EndRxTransfer  stm32f2xx_hal_uart.o
    0x08002b62   0x08002b62   0x000000b6   Code   RO         3281    i.UART_Receive_IT   stm32f2xx_hal_uart.o
    0x08002c18   0x08002c18   0x00000124   Code   RO         3282    i.UART_SetConfig    stm32f2xx_hal_uart.o
    0x08002d3c   0x08002d3c   0x00000064   Code   RO         3285    i.UART_WaitOnFlagUntilTimeout  stm32f2xx_hal_uart.o
    0x08002da0   0x08002da0   0x00000030   Code   RO          607    i.USART1_IRQHandler  stm32f2xx_it.o
    0x08002dd0   0x08002dd0   0x00000002   Code   RO          608    i.UsageFault_Handler  stm32f2xx_it.o
    0x08002dd2   0x08002dd2   0x00000020   Code   RO         1512    i.__NVIC_SetPriority  stm32f2xx_hal_cortex.o
    0x08002df2   0x08002df2   0x0000003a   Code   RO          204    i.flash_erase       flash.o
    0x08002e2c   0x08002e2c   0x0000001c   Code   RO          205    i.flash_jump_to_app  flash.o
    0x08002e48   0x08002e48   0x00000060   Code   RO          206    i.flash_write       flash.o
    0x08002ea8   0x08002ea8   0x000000b0   Code   RO          429    i.main              main.o
    0x08002f58   0x08002f58   0x0000000e   Code   RO          430    i.mem_set           main.o
    0x08002f66   0x08002f66   0x00000002   PAD
    0x08002f68   0x08002f68   0x00000028   Code   RO           19    i.uart_receive      uart1.o
    0x08002f90   0x08002f90   0x00000030   Code   RO           20    i.uart_transmit_ch  uart1.o
    0x08002fc0   0x08002fc0   0x0000002c   Code   RO           21    i.uart_transmit_str  uart1.o
    0x08002fec   0x08002fec   0x0000002a   Code   RO         3584    i.xmodem_error_handler  xmodem.o
    0x08003016   0x08003016   0x00000002   PAD
    0x08003018   0x08003018   0x000000e0   Code   RO         3585    i.xmodem_handle_packet  xmodem.o
    0x080030f8   0x080030f8   0x000000f0   Code   RO         3586    i.xmodem_receive    xmodem.o
    0x080031e8   0x080031e8   0x0000002c   Code   RO         3768    locale$$code        c_w.l(lc_ctype_c.o)
    0x08003214   0x08003214   0x00000010   Data   RO         3632    .constdata          system_stm32f2xx.o
    0x08003224   0x08003224   0x00000008   Data   RO         3633    .constdata          system_stm32f2xx.o
    0x0800322c   0x0800322c   0x00000020   Data   RO         3908    Region$$Table       anon$$obj.o
    0x0800324c   0x0800324c   0x00000110   Data   RO         3767    locale$$data        c_w.l(lc_ctype_c.o)


    Execution Region RW_IRAM1 (Exec base: 0x20000000, Load base: 0x0800335c, Size: 0x00001b98, Max: 0x00014000, ABSOLUTE)

    Exec Addr    Load Addr    Size         Type   Attr      Idx    E Section Name        Object

    0x20000000   0x0800335c   0x0000000c   Data   RW         1191    .data               stm32f2xx_hal.o
    0x2000000c   0x08003368   0x00000008   Data   RW         3588    .data               xmodem.o
    0x20000014   0x08003370   0x00000004   Data   RW         3634    .data               system_stm32f2xx.o
    0x20000018        -       0x00001012   Zero   RW           22    .bss                uart1.o
    0x2000102a   0x08003374   0x00000002   PAD
    0x2000102c        -       0x000000e4   Zero   RW          431    .bss                main.o
    0x20001110        -       0x00000020   Zero   RW         1646    .bss                stm32f2xx_hal_flash.o
    0x20001130        -       0x00000404   Zero   RW         3587    .bss                xmodem.o
    0x20001534        -       0x00000060   Zero   RW         3733    .bss                c_w.l(libspace.o)
    0x20001594   0x08003374   0x00000004   PAD
    0x20001598        -       0x00000200   Zero   RW            2    HEAP                startup_stm32f205xx.o
    0x20001798        -       0x00000400   Zero   RW            1    STACK               startup_stm32f205xx.o


    Execution Region RW_IRAM2 (Exec base: 0x2001c000, Load base: 0x08003374, Size: 0x00000000, Max: 0x00004000, ABSOLUTE)

    **** No section assigned to this execution region ****


==============================================================================

Image component sizes


      Code (inc. data)   RO Data    RW Data    ZI Data      Debug   Object Name

       182         10          0          0          0     565188   flash.o
       592         26          0          0          0       5301   flash_external.o
       630         68          0          0        228     616674   main.o
        64         26        388          0       1536        780   startup_stm32f205xx.o
       234         32          0         12          0       9794   stm32f2xx_hal.o
       198         14          0          0          0      30451   stm32f2xx_hal_cortex.o
       186          0          0          0          0       2478   stm32f2xx_hal_dma.o
       520         66          0          0         32       5978   stm32f2xx_hal_flash.o
       364         22          0          0          0       3726   stm32f2xx_hal_flash_ex.o
       658         50          0          0          0       2176   stm32f2xx_hal_gpio.o
       348         38          0          0          0       2690   stm32f2xx_hal_msp.o
      1332         80          0          0          0       4924   stm32f2xx_hal_rcc.o
      1156         10          0          0          0     627374   stm32f2xx_hal_spi.o
      1104         72          0          0          0       9261   stm32f2xx_hal_tim.o
       148         28          0          0          0       2245   stm32f2xx_hal_tim_ex.o
      1616         14          0          0          0      10621   stm32f2xx_hal_uart.o
       164         38          0          0          0       4954   stm32f2xx_it.o
         2          0         24          4          0       1023   system_stm32f2xx.o
       574         56          0          0       4114     523514   uart1.o
       506         46          0          8       1028       3916   xmodem.o

    ----------------------------------------------------------------------
     10608        696        444         24       6940    2433068   Object Totals
         0          0         32          0          0          0   (incl. Generated)
        30          0          0          0          2          0   (incl. Padding)

    ----------------------------------------------------------------------

      Code (inc. data)   RO Data    RW Data    ZI Data      Debug   Library Member Name

         8          0          0          0          0         68   __main.o
       104          0          0          0          0         84   __printf.o
         0          0          0          0          0          0   __rtentry.o
        12          0          0          0          0          0   __rtentry2.o
         6          0          0          0          0          0   __rtentry4.o
        52          8          0          0          0          0   __scatter.o
        26          0          0          0          0          0   __scatter_copy.o
        28          0          0          0          0          0   __scatter_zi.o
        28          0          0          0          0         68   _chval.o
        48          6          0          0          0         96   _printf_char_common.o
         6          0          0          0          0          0   _printf_d.o
       120         16          0          0          0         92   _printf_dec.o
       178          0          0          0          0         88   _printf_intcommon.o
         0          0          0          0          0          0   _printf_percent.o
         4          0          0          0          0          0   _printf_percent_end.o
        10          0          0          0          0         68   _sputc.o
       158          0          0          0          0         92   _strtoul.o
        26          0          0          0          0         80   atoi.o
        18          0          0          0          0         80   exit.o
         6          0          0          0          0        152   heapauxi.o
         0          0          0          0          0          0   indicate_semi.o
        44         10        272          0          0         76   lc_ctype_c.o
         2          0          0          0          0          0   libinit.o
        20          0          0          0          0          0   libinit2.o
         2          0          0          0          0          0   libshutdown.o
         2          0          0          0          0          0   libshutdown2.o
         8          4          0          0         96         68   libspace.o
       238          0          0          0          0        100   lludivv7m.o
        40          6          0          0          0         84   noretval__2sprintf.o
        16          4          0          0          0         76   rt_ctype_table.o
         8          4          0          0          0         68   rt_errno_addr_intlibspace.o
         8          4          0          0          0         68   rt_locale_intlibspace.o
        68          0          0          0          0         68   rt_memclr.o
        78          0          0          0          0         80   rt_memclr_w.o
         2          0          0          0          0          0   rtexit.o
        10          0          0          0          0          0   rtexit2.o
       128          0          0          0          0         68   strcmpv7m.o
        62          0          0          0          0         76   strlen.o
        36          0          0          0          0         80   strstr.o
       112          0          0          0          0         88   strtol.o
        12          4          0          0          0         68   sys_exit.o
        74          0          0          0          0         80   sys_stackheap_outer.o
         2          0          0          0          0         68   use_no_semi.o

    ----------------------------------------------------------------------
      1824         66        272          0        100       2184   Library Totals
        14          0          0          0          4          0   (incl. Padding)

    ----------------------------------------------------------------------

      Code (inc. data)   RO Data    RW Data    ZI Data      Debug   Library Name

      1810         66        272          0         96       2184   c_w.l

    ----------------------------------------------------------------------
      1824         66        272          0        100       2184   Library Totals

    ----------------------------------------------------------------------

==============================================================================


      Code (inc. data)   RO Data    RW Data    ZI Data      Debug   

     12432        762        716         24       7040    2428176   Grand Totals
     12432        762        716         24       7040    2428176   ELF Image Totals
     12432        762        716         24          0          0   ROM Totals

==============================================================================

    Total RO  Size (Code + RO Data)                13148 (  12.84kB)
    Total RW  Size (RW Data + ZI Data)              7064 (   6.90kB)
    Total ROM Size (Code + RO Data + RW Data)      13172 (  12.86kB)

==============================================================================

